Component: ARM Compiler 6.14 Tool: armlink [5db06800]

==============================================================================

Section Cross References

    K82F_FlightController.o(.text.Debug_init_uart) refers to dfltui.o(.text) for __aeabi_ui2d
    K82F_FlightController.o(.text.Debug_init_uart) refers to ddiv.o(.text) for __aeabi_ddiv
    K82F_FlightController.o(.text.Debug_init_uart) refers to dfixi.o(.text) for __aeabi_d2iz
    K82F_FlightController.o(.text.Debug_init_uart) refers to K82F_FlightController.o(.bss.transmitQueue) for transmitQueue
    K82F_FlightController.o(.text.Debug_init_uart) refers to RingBuffer.o(.text.RingBuffer_Init) for RingBuffer_Init
    K82F_FlightController.o(.text.Debug_init_uart) refers to K82F_FlightController.o(.bss.receiveQueue) for receiveQueue
    K82F_FlightController.o(.text.Debug_init_uart) refers to K82F_FlightController.o(.text.__NVIC_SetPriority) for __NVIC_SetPriority
    K82F_FlightController.o(.text.Debug_init_uart) refers to K82F_FlightController.o(.text.__NVIC_ClearPendingIRQ) for __NVIC_ClearPendingIRQ
    K82F_FlightController.o(.text.Debug_init_uart) refers to K82F_FlightController.o(.text.__NVIC_EnableIRQ) for __NVIC_EnableIRQ
    K82F_FlightController.o(.ARM.exidx.text.Debug_init_uart) refers to K82F_FlightController.o(.text.Debug_init_uart) for [Anonymous Symbol]
    K82F_FlightController.o(.ARM.exidx.text.__NVIC_SetPriority) refers to K82F_FlightController.o(.text.__NVIC_SetPriority) for [Anonymous Symbol]
    K82F_FlightController.o(.ARM.exidx.text.__NVIC_ClearPendingIRQ) refers to K82F_FlightController.o(.text.__NVIC_ClearPendingIRQ) for [Anonymous Symbol]
    K82F_FlightController.o(.ARM.exidx.text.__NVIC_EnableIRQ) refers to K82F_FlightController.o(.text.__NVIC_EnableIRQ) for [Anonymous Symbol]
    K82F_FlightController.o(.text.LPUART4_IRQHandler) refers to K82F_FlightController.o(.bss.receiveQueue) for receiveQueue
    K82F_FlightController.o(.text.LPUART4_IRQHandler) refers to RingBuffer.o(.text.RingBuffer_Full) for RingBuffer_Full
    K82F_FlightController.o(.text.LPUART4_IRQHandler) refers to RingBuffer.o(.text.RingBuffer_Enqueue_Byte) for RingBuffer_Enqueue_Byte
    K82F_FlightController.o(.text.LPUART4_IRQHandler) refers to K82F_FlightController.o(.bss.transmitQueue) for transmitQueue
    K82F_FlightController.o(.text.LPUART4_IRQHandler) refers to RingBuffer.o(.text.RingBuffer_Empty) for RingBuffer_Empty
    K82F_FlightController.o(.text.LPUART4_IRQHandler) refers to RingBuffer.o(.text.RingBuffer_Dequeue_Byte) for RingBuffer_Dequeue_Byte
    K82F_FlightController.o(.ARM.exidx.text.LPUART4_IRQHandler) refers to K82F_FlightController.o(.text.LPUART4_IRQHandler) for [Anonymous Symbol]
    K82F_FlightController.o(.ARM.exidx.text.fputc) refers to K82F_FlightController.o(.text.fputc) for [Anonymous Symbol]
    K82F_FlightController.o(.ARM.exidx.text.fgetc) refers to K82F_FlightController.o(.text.fgetc) for [Anonymous Symbol]
    K82F_FlightController.o(.ARM.exidx.text.OBLEDs_init) refers to K82F_FlightController.o(.text.OBLEDs_init) for [Anonymous Symbol]
    K82F_FlightController.o(.ARM.exidx.text.I2C_init) refers to K82F_FlightController.o(.text.I2C_init) for [Anonymous Symbol]
    K82F_FlightController.o(.text.I2C_read_byte) refers to K82F_FlightController.o(.rodata.str1.1) for .L.str
    K82F_FlightController.o(.text.I2C_read_byte) refers to printfa.o(i.__0printf) for printf
    K82F_FlightController.o(.ARM.exidx.text.I2C_read_byte) refers to K82F_FlightController.o(.text.I2C_read_byte) for [Anonymous Symbol]
    K82F_FlightController.o(.ARM.exidx.text.I2C_read_nbytes) refers to K82F_FlightController.o(.text.I2C_read_nbytes) for [Anonymous Symbol]
    K82F_FlightController.o(.ARM.exidx.text.I2C_write_byte) refers to K82F_FlightController.o(.text.I2C_write_byte) for [Anonymous Symbol]
    K82F_FlightController.o(.text.I2C_debug_log_status) refers to K82F_FlightController.o(.rodata.str1.1) for .L.str.5
    K82F_FlightController.o(.text.I2C_debug_log_status) refers to printfa.o(i.__0printf) for printf
    K82F_FlightController.o(.ARM.exidx.text.I2C_debug_log_status) refers to K82F_FlightController.o(.text.I2C_debug_log_status) for [Anonymous Symbol]
    K82F_FlightController.o(.text.Ecompass_init) refers to K82F_FlightController.o(.text.I2C_read_byte) for I2C_read_byte
    K82F_FlightController.o(.text.Ecompass_init) refers to K82F_FlightController.o(.rodata.str1.1) for .L.str.16
    K82F_FlightController.o(.text.Ecompass_init) refers to printfa.o(i.__0printf) for printf
    K82F_FlightController.o(.text.Ecompass_init) refers to K82F_FlightController.o(.text.I2C_debug_log_status) for I2C_debug_log_status
    K82F_FlightController.o(.ARM.exidx.text.Ecompass_init) refers to K82F_FlightController.o(.text.Ecompass_init) for [Anonymous Symbol]
    K82F_FlightController.o(.text.main) refers to K82F_FlightController.o(.text.Debug_init_uart) for Debug_init_uart
    K82F_FlightController.o(.text.main) refers to K82F_FlightController.o(.text.OBLEDs_init) for OBLEDs_init
    K82F_FlightController.o(.text.main) refers to system_MK82F25615.o(.data.SystemCoreClock) for SystemCoreClock
    K82F_FlightController.o(.text.main) refers to K82F_FlightController.o(.rodata.str1.1) for .L.str.18
    K82F_FlightController.o(.text.main) refers to printfa.o(i.__0printf) for printf
    K82F_FlightController.o(.text.main) refers to K82F_FlightController.o(.text.I2C_init) for I2C_init
    K82F_FlightController.o(.text.main) refers to K82F_FlightController.o(.text.Ecompass_init) for Ecompass_init
    K82F_FlightController.o(.text.main) refers to K82F_FlightController.o(.bss.g_mag_buffer) for g_mag_buffer
    K82F_FlightController.o(.text.main) refers to K82F_FlightController.o(.bss.g_acc_buffer) for g_acc_buffer
    K82F_FlightController.o(.ARM.exidx.text.main) refers to K82F_FlightController.o(.text.main) for [Anonymous Symbol]
    RingBuffer.o(.ARM.exidx.text.RingBuffer_Init) refers to RingBuffer.o(.text.RingBuffer_Init) for [Anonymous Symbol]
    RingBuffer.o(.ARM.exidx.text.RingBuffer_Full) refers to RingBuffer.o(.text.RingBuffer_Full) for [Anonymous Symbol]
    RingBuffer.o(.ARM.exidx.text.RingBuffer_Empty) refers to RingBuffer.o(.text.RingBuffer_Empty) for [Anonymous Symbol]
    RingBuffer.o(.text.RingBuffer_Enqueue_Byte) refers to RingBuffer.o(.text.RingBuffer_Full) for RingBuffer_Full
    RingBuffer.o(.ARM.exidx.text.RingBuffer_Enqueue_Byte) refers to RingBuffer.o(.text.RingBuffer_Enqueue_Byte) for [Anonymous Symbol]
    RingBuffer.o(.text.RingBuffer_Dequeue_Byte) refers to RingBuffer.o(.text.RingBuffer_Empty) for RingBuffer_Empty
    RingBuffer.o(.ARM.exidx.text.RingBuffer_Dequeue_Byte) refers to RingBuffer.o(.text.RingBuffer_Dequeue_Byte) for [Anonymous Symbol]
    startup_MK82F25615.o(.text) refers to startup_MK82F25615.o(.isr_vector) for __Vectors
    startup_MK82F25615.o(.text) refers to system_MK82F25615.o(.text.SystemInit) for SystemInit
    startup_MK82F25615.o(.text) refers to entry.o(.ARM.Collect$$$$00000000) for __main
    startup_MK82F25615.o(.isr_vector) refers to startup_MK82F25615.o(.text) for Reset_Handler
    startup_MK82F25615.o(.isr_vector) refers to K82F_FlightController.o(.text.LPUART4_IRQHandler) for LPUART4_IRQHandler
    system_MK82F25615.o(.text.SystemInit) refers to system_MK82F25615.o(.text.SystemInitHook) for SystemInitHook
    system_MK82F25615.o(.ARM.exidx.text.SystemInit) refers to system_MK82F25615.o(.text.SystemInit) for [Anonymous Symbol]
    system_MK82F25615.o(.ARM.exidx.text.SystemInitHook) refers to system_MK82F25615.o(.text.SystemInitHook) for [Anonymous Symbol]
    system_MK82F25615.o(.text.SystemCoreClockUpdate) refers to system_MK82F25615.o(.data.SystemCoreClock) for SystemCoreClock
    system_MK82F25615.o(.ARM.exidx.text.SystemCoreClockUpdate) refers to system_MK82F25615.o(.text.SystemCoreClockUpdate) for [Anonymous Symbol]
    entry.o(.ARM.Collect$$$$00000000) refers (Special) to entry10a.o(.ARM.Collect$$$$0000000D) for __rt_final_cpp
    entry.o(.ARM.Collect$$$$00000000) refers (Special) to entry11a.o(.ARM.Collect$$$$0000000F) for __rt_final_exit
    entry.o(.ARM.Collect$$$$00000000) refers (Special) to entry7b.o(.ARM.Collect$$$$00000008) for _main_clock
    entry.o(.ARM.Collect$$$$00000000) refers (Special) to entry8b.o(.ARM.Collect$$$$0000000A) for _main_cpp_init
    entry.o(.ARM.Collect$$$$00000000) refers (Special) to entry9a.o(.ARM.Collect$$$$0000000B) for _main_init
    entry.o(.ARM.Collect$$$$00000000) refers (Special) to entry5.o(.ARM.Collect$$$$00000004) for _main_scatterload
    entry.o(.ARM.Collect$$$$00000000) refers (Special) to entry4.o(.ARM.Collect$$$$00000003) for _main_stk
    printfa.o(i.__0fprintf) refers (Special) to iusefp.o(.text) for __I$use$fp
    printfa.o(i.__0fprintf) refers to printfa.o(i._printf_core) for _printf_core
    printfa.o(i.__0fprintf) refers to K82F_FlightController.o(.text.fputc) for fputc
    printfa.o(i.__0printf) refers (Special) to iusefp.o(.text) for __I$use$fp
    printfa.o(i.__0printf) refers to printfa.o(i._printf_core) for _printf_core
    printfa.o(i.__0printf) refers to K82F_FlightController.o(.text.fputc) for fputc
    printfa.o(i.__0printf) refers to K82F_FlightController.o(.bss.__stdout) for __stdout
    printfa.o(i.__0snprintf) refers (Special) to iusefp.o(.text) for __I$use$fp
    printfa.o(i.__0snprintf) refers to printfa.o(i._printf_core) for _printf_core
    printfa.o(i.__0snprintf) refers to printfa.o(i._snputc) for _snputc
    printfa.o(i.__0sprintf) refers (Special) to iusefp.o(.text) for __I$use$fp
    printfa.o(i.__0sprintf) refers to printfa.o(i._printf_core) for _printf_core
    printfa.o(i.__0sprintf) refers to printfa.o(i._sputc) for _sputc
    printfa.o(i.__0vfprintf) refers (Special) to iusefp.o(.text) for __I$use$fp
    printfa.o(i.__0vfprintf) refers to printfa.o(i._printf_core) for _printf_core
    printfa.o(i.__0vfprintf) refers to K82F_FlightController.o(.text.fputc) for fputc
    printfa.o(i.__0vprintf) refers (Special) to iusefp.o(.text) for __I$use$fp
    printfa.o(i.__0vprintf) refers to printfa.o(i._printf_core) for _printf_core
    printfa.o(i.__0vprintf) refers to K82F_FlightController.o(.text.fputc) for fputc
    printfa.o(i.__0vprintf) refers to K82F_FlightController.o(.bss.__stdout) for __stdout
    printfa.o(i.__0vsnprintf) refers (Special) to iusefp.o(.text) for __I$use$fp
    printfa.o(i.__0vsnprintf) refers to printfa.o(i._printf_core) for _printf_core
    printfa.o(i.__0vsnprintf) refers to printfa.o(i._snputc) for _snputc
    printfa.o(i.__0vsprintf) refers (Special) to iusefp.o(.text) for __I$use$fp
    printfa.o(i.__0vsprintf) refers to printfa.o(i._printf_core) for _printf_core
    printfa.o(i.__0vsprintf) refers to printfa.o(i._sputc) for _sputc
    printfa.o(i._fp_digits) refers (Special) to iusefp.o(.text) for __I$use$fp
    printfa.o(i._fp_digits) refers to dmul.o(.text) for __aeabi_dmul
    printfa.o(i._fp_digits) refers to ddiv.o(.text) for __aeabi_ddiv
    printfa.o(i._fp_digits) refers to cdrcmple.o(.text) for __aeabi_cdrcmple
    printfa.o(i._fp_digits) refers to dadd.o(.text) for __aeabi_dadd
    printfa.o(i._fp_digits) refers to dfixul.o(.text) for __aeabi_d2ulz
    printfa.o(i._fp_digits) refers to uldiv.o(.text) for __aeabi_uldivmod
    printfa.o(i._printf_core) refers (Special) to iusefp.o(.text) for __I$use$fp
    printfa.o(i._printf_core) refers to printfa.o(i._printf_pre_padding) for _printf_pre_padding
    printfa.o(i._printf_core) refers to uldiv.o(.text) for __aeabi_uldivmod
    printfa.o(i._printf_core) refers to printfa.o(i._printf_post_padding) for _printf_post_padding
    printfa.o(i._printf_core) refers to printfa.o(i._fp_digits) for _fp_digits
    printfa.o(i._printf_core) refers to uidiv.o(.text) for __aeabi_uidivmod
    printfa.o(i._printf_post_padding) refers (Special) to iusefp.o(.text) for __I$use$fp
    printfa.o(i._printf_pre_padding) refers (Special) to iusefp.o(.text) for __I$use$fp
    printfa.o(i._snputc) refers (Special) to iusefp.o(.text) for __I$use$fp
    printfa.o(i._sputc) refers (Special) to iusefp.o(.text) for __I$use$fp
    ddiv.o(.text) refers (Special) to iusefp.o(.text) for __I$use$fp
    ddiv.o(.text) refers to depilogue.o(.text) for _double_round
    dfltui.o(.text) refers (Special) to iusefp.o(.text) for __I$use$fp
    dfltui.o(.text) refers to depilogue.o(.text) for _double_epilogue
    dfixi.o(.text) refers (Special) to iusefp.o(.text) for __I$use$fp
    dfixi.o(.text) refers to llushr.o(.text) for __aeabi_llsr
    entry4.o(.ARM.Collect$$$$00000003) refers to entry4.o(.ARM.Collect$$$$00002714) for __lit__00000000
    entry4.o(__vectab_stack_and_reset_area) refers to entry.o(.ARM.Collect$$$$00000000) for __main
    entry5.o(.ARM.Collect$$$$00000004) refers to init.o(.text) for __scatterload
    entry9a.o(.ARM.Collect$$$$0000000B) refers to K82F_FlightController.o(.text.main) for main
    entry9b.o(.ARM.Collect$$$$0000000C) refers to K82F_FlightController.o(.text.main) for main
    uldiv.o(.text) refers to llushr.o(.text) for __aeabi_llsr
    uldiv.o(.text) refers to llshl.o(.text) for __aeabi_llsl
    depilogue.o(.text) refers (Special) to iusefp.o(.text) for __I$use$fp
    depilogue.o(.text) refers to llshl.o(.text) for __aeabi_llsl
    depilogue.o(.text) refers to llushr.o(.text) for __aeabi_llsr
    dadd.o(.text) refers (Special) to iusefp.o(.text) for __I$use$fp
    dadd.o(.text) refers to llshl.o(.text) for __aeabi_llsl
    dadd.o(.text) refers to llsshr.o(.text) for __aeabi_lasr
    dadd.o(.text) refers to depilogue.o(.text) for _double_epilogue
    dmul.o(.text) refers (Special) to iusefp.o(.text) for __I$use$fp
    dmul.o(.text) refers to depilogue.o(.text) for _double_epilogue
    dfixul.o(.text) refers (Special) to iusefp.o(.text) for __I$use$fp
    dfixul.o(.text) refers to llushr.o(.text) for __aeabi_llsr
    dfixul.o(.text) refers to llshl.o(.text) for __aeabi_llsl
    cdrcmple.o(.text) refers (Special) to iusefp.o(.text) for __I$use$fp
    init.o(.text) refers to entry5.o(.ARM.Collect$$$$00000004) for __main_after_scatterload


==============================================================================

Removing Unused input sections from the image.

    Removing K82F_FlightController.o(.text), (0 bytes).
    Removing K82F_FlightController.o(.ARM.exidx.text.Debug_init_uart), (8 bytes).
    Removing K82F_FlightController.o(.ARM.exidx.text.__NVIC_SetPriority), (8 bytes).
    Removing K82F_FlightController.o(.ARM.exidx.text.__NVIC_ClearPendingIRQ), (8 bytes).
    Removing K82F_FlightController.o(.ARM.exidx.text.__NVIC_EnableIRQ), (8 bytes).
    Removing K82F_FlightController.o(.ARM.exidx.text.LPUART4_IRQHandler), (8 bytes).
    Removing K82F_FlightController.o(.ARM.exidx.text.fputc), (8 bytes).
    Removing K82F_FlightController.o(.text.fgetc), (42 bytes).
    Removing K82F_FlightController.o(.ARM.exidx.text.fgetc), (8 bytes).
    Removing K82F_FlightController.o(.ARM.exidx.text.OBLEDs_init), (8 bytes).
    Removing K82F_FlightController.o(.ARM.exidx.text.I2C_init), (8 bytes).
    Removing K82F_FlightController.o(.ARM.exidx.text.I2C_read_byte), (8 bytes).
    Removing K82F_FlightController.o(.text.I2C_read_nbytes), (450 bytes).
    Removing K82F_FlightController.o(.ARM.exidx.text.I2C_read_nbytes), (8 bytes).
    Removing K82F_FlightController.o(.text.I2C_write_byte), (222 bytes).
    Removing K82F_FlightController.o(.ARM.exidx.text.I2C_write_byte), (8 bytes).
    Removing K82F_FlightController.o(.ARM.exidx.text.I2C_debug_log_status), (8 bytes).
    Removing K82F_FlightController.o(.ARM.exidx.text.Ecompass_init), (8 bytes).
    Removing K82F_FlightController.o(.ARM.exidx.text.main), (8 bytes).
    Removing K82F_FlightController.o(.bss.__stdin), (4 bytes).
    Removing RingBuffer.o(.text), (0 bytes).
    Removing RingBuffer.o(.ARM.exidx.text.RingBuffer_Init), (8 bytes).
    Removing RingBuffer.o(.ARM.exidx.text.RingBuffer_Full), (8 bytes).
    Removing RingBuffer.o(.ARM.exidx.text.RingBuffer_Empty), (8 bytes).
    Removing RingBuffer.o(.ARM.exidx.text.RingBuffer_Enqueue_Byte), (8 bytes).
    Removing RingBuffer.o(.ARM.exidx.text.RingBuffer_Dequeue_Byte), (8 bytes).
    Removing system_MK82F25615.o(.text), (0 bytes).
    Removing system_MK82F25615.o(.ARM.exidx.text.SystemInit), (8 bytes).
    Removing system_MK82F25615.o(.ARM.exidx.text.SystemInitHook), (8 bytes).
    Removing system_MK82F25615.o(.text.SystemCoreClockUpdate), (814 bytes).
    Removing system_MK82F25615.o(.ARM.exidx.text.SystemCoreClockUpdate), (8 bytes).

31 unused section(s) (total 1716 bytes) removed from the image.

==============================================================================

Image Symbol Table

    Local Symbols

    Symbol Name                              Value     Ov Type        Size  Object(Section)

    ../clib/microlib/division.c              0x00000000   Number         0  uidiv.o ABSOLUTE
    ../clib/microlib/division.c              0x00000000   Number         0  uldiv.o ABSOLUTE
    ../clib/microlib/init/entry.s            0x00000000   Number         0  entry.o ABSOLUTE
    ../clib/microlib/init/entry.s            0x00000000   Number         0  entry4.o ABSOLUTE
    ../clib/microlib/init/entry.s            0x00000000   Number         0  entry5.o ABSOLUTE
    ../clib/microlib/init/entry.s            0x00000000   Number         0  entry7a.o ABSOLUTE
    ../clib/microlib/init/entry.s            0x00000000   Number         0  entry7b.o ABSOLUTE
    ../clib/microlib/init/entry.s            0x00000000   Number         0  entry8a.o ABSOLUTE
    ../clib/microlib/init/entry.s            0x00000000   Number         0  entry8b.o ABSOLUTE
    ../clib/microlib/init/entry.s            0x00000000   Number         0  entry9a.o ABSOLUTE
    ../clib/microlib/init/entry.s            0x00000000   Number         0  entry9b.o ABSOLUTE
    ../clib/microlib/init/entry.s            0x00000000   Number         0  entry10a.o ABSOLUTE
    ../clib/microlib/init/entry.s            0x00000000   Number         0  entry10b.o ABSOLUTE
    ../clib/microlib/init/entry.s            0x00000000   Number         0  entry11a.o ABSOLUTE
    ../clib/microlib/init/entry.s            0x00000000   Number         0  entry11b.o ABSOLUTE
    ../clib/microlib/longlong.c              0x00000000   Number         0  llushr.o ABSOLUTE
    ../clib/microlib/longlong.c              0x00000000   Number         0  llshl.o ABSOLUTE
    ../clib/microlib/longlong.c              0x00000000   Number         0  llsshr.o ABSOLUTE
    ../clib/microlib/printf/printf.c         0x00000000   Number         0  printfa.o ABSOLUTE
    ../clib/microlib/stubs.s                 0x00000000   Number         0  iusefp.o ABSOLUTE
    ../fplib/microlib/fpadd.c                0x00000000   Number         0  dadd.o ABSOLUTE
    ../fplib/microlib/fpdiv.c                0x00000000   Number         0  ddiv.o ABSOLUTE
    ../fplib/microlib/fpepilogue.c           0x00000000   Number         0  depilogue.o ABSOLUTE
    ../fplib/microlib/fpfix.c                0x00000000   Number         0  dfixi.o ABSOLUTE
    ../fplib/microlib/fpfix.c                0x00000000   Number         0  dfixul.o ABSOLUTE
    ../fplib/microlib/fpflt.c                0x00000000   Number         0  dfltui.o ABSOLUTE
    ../fplib/microlib/fpmul.c                0x00000000   Number         0  dmul.o ABSOLUTE
    K82F_FlightController.c                  0x00000000   Number         0  K82F_FlightController.o ABSOLUTE
    RingBuffer.c                             0x00000000   Number         0  RingBuffer.o ABSOLUTE
    cdrcmple.s                               0x00000000   Number         0  cdrcmple.o ABSOLUTE
    dc.s                                     0x00000000   Number         0  dc.o ABSOLUTE
    handlers.s                               0x00000000   Number         0  handlers.o ABSOLUTE
    init.s                                   0x00000000   Number         0  init.o ABSOLUTE
    system_MK82F25615.c                      0x00000000   Number         0  system_MK82F25615.o ABSOLUTE
    [Anonymous Symbol]                       0x00000000   Section        0  startup_MK82F25615.o(.isr_vector)
    .ARM.Collect$$$$00000000                 0x00000410   Section        0  entry.o(.ARM.Collect$$$$00000000)
    .ARM.Collect$$$$00000003                 0x00000410   Section        4  entry4.o(.ARM.Collect$$$$00000003)
    .ARM.Collect$$$$00000004                 0x00000414   Section        4  entry5.o(.ARM.Collect$$$$00000004)
    .ARM.Collect$$$$00000008                 0x00000418   Section        0  entry7b.o(.ARM.Collect$$$$00000008)
    .ARM.Collect$$$$0000000A                 0x00000418   Section        0  entry8b.o(.ARM.Collect$$$$0000000A)
    .ARM.Collect$$$$0000000B                 0x00000418   Section        8  entry9a.o(.ARM.Collect$$$$0000000B)
    __lit__00000000                          0x00000420   Data           4  entry4.o(.ARM.Collect$$$$00002714)
    .ARM.Collect$$$$0000000D                 0x00000420   Section        0  entry10a.o(.ARM.Collect$$$$0000000D)
    .ARM.Collect$$$$0000000F                 0x00000420   Section        0  entry11a.o(.ARM.Collect$$$$0000000F)
    .ARM.Collect$$$$00002714                 0x00000420   Section        4  entry4.o(.ARM.Collect$$$$00002714)
    [Anonymous Symbol]                       0x00000424   Section        0  startup_MK82F25615.o(.text)
    .text                                    0x00000588   Section        0  ddiv.o(.text)
    .text                                    0x00000666   Section        0  dfltui.o(.text)
    .text                                    0x00000680   Section        0  dfixi.o(.text)
    .text                                    0x000006be   Section        0  uidiv.o(.text)
    .text                                    0x000006ea   Section        0  uldiv.o(.text)
    .text                                    0x0000074c   Section        0  llushr.o(.text)
    .text                                    0x0000076c   Section        0  iusefp.o(.text)
    .text                                    0x0000076c   Section        0  depilogue.o(.text)
    .text                                    0x00000826   Section        0  dadd.o(.text)
    .text                                    0x00000974   Section        0  dmul.o(.text)
    .text                                    0x00000a58   Section        0  dfixul.o(.text)
    .text                                    0x00000a88   Section       48  cdrcmple.o(.text)
    .text                                    0x00000ab8   Section       36  init.o(.text)
    .text                                    0x00000adc   Section        0  llshl.o(.text)
    .text                                    0x00000afa   Section        0  llsshr.o(.text)
    [Anonymous Symbol]                       0x00000b20   Section        0  K82F_FlightController.o(.text.Debug_init_uart)
    [Anonymous Symbol]                       0x00000c70   Section        0  K82F_FlightController.o(.text.Ecompass_init)
    [Anonymous Symbol]                       0x00000cbc   Section        0  K82F_FlightController.o(.text.I2C_debug_log_status)
    [Anonymous Symbol]                       0x00000de0   Section        0  K82F_FlightController.o(.text.I2C_init)
    [Anonymous Symbol]                       0x00000e58   Section        0  K82F_FlightController.o(.text.I2C_read_byte)
    [Anonymous Symbol]                       0x000010e0   Section        0  K82F_FlightController.o(.text.LPUART4_IRQHandler)
    [Anonymous Symbol]                       0x000011c4   Section        0  K82F_FlightController.o(.text.OBLEDs_init)
    [Anonymous Symbol]                       0x00001238   Section        0  RingBuffer.o(.text.RingBuffer_Dequeue_Byte)
    [Anonymous Symbol]                       0x000012ac   Section        0  RingBuffer.o(.text.RingBuffer_Empty)
    [Anonymous Symbol]                       0x000012c0   Section        0  RingBuffer.o(.text.RingBuffer_Enqueue_Byte)
    [Anonymous Symbol]                       0x00001328   Section        0  RingBuffer.o(.text.RingBuffer_Full)
    [Anonymous Symbol]                       0x00001340   Section        0  RingBuffer.o(.text.RingBuffer_Init)
    [Anonymous Symbol]                       0x0000137c   Section        0  system_MK82F25615.o(.text.SystemInit)
    [Anonymous Symbol]                       0x000013b8   Section        0  system_MK82F25615.o(.text.SystemInitHook)
    __NVIC_ClearPendingIRQ                   0x000013bd   Thumb Code    52  K82F_FlightController.o(.text.__NVIC_ClearPendingIRQ)
    [Anonymous Symbol]                       0x000013bc   Section        0  K82F_FlightController.o(.text.__NVIC_ClearPendingIRQ)
    __NVIC_EnableIRQ                         0x000013f1   Thumb Code    52  K82F_FlightController.o(.text.__NVIC_EnableIRQ)
    [Anonymous Symbol]                       0x000013f0   Section        0  K82F_FlightController.o(.text.__NVIC_EnableIRQ)
    __NVIC_SetPriority                       0x00001425   Thumb Code    68  K82F_FlightController.o(.text.__NVIC_SetPriority)
    [Anonymous Symbol]                       0x00001424   Section        0  K82F_FlightController.o(.text.__NVIC_SetPriority)
    [Anonymous Symbol]                       0x00001468   Section        0  K82F_FlightController.o(.text.fputc)
    [Anonymous Symbol]                       0x000014c0   Section        0  K82F_FlightController.o(.text.main)
    i.__0printf                              0x00001744   Section        0  printfa.o(i.__0printf)
    i.__scatterload_copy                     0x00001764   Section       14  handlers.o(i.__scatterload_copy)
    i.__scatterload_null                     0x00001772   Section        2  handlers.o(i.__scatterload_null)
    i.__scatterload_zeroinit                 0x00001774   Section       14  handlers.o(i.__scatterload_zeroinit)
    _fp_digits                               0x00001785   Thumb Code   366  printfa.o(i._fp_digits)
    i._fp_digits                             0x00001784   Section        0  printfa.o(i._fp_digits)
    _printf_core                             0x00001909   Thumb Code  1744  printfa.o(i._printf_core)
    i._printf_core                           0x00001908   Section        0  printfa.o(i._printf_core)
    _printf_post_padding                     0x00001fe5   Thumb Code    36  printfa.o(i._printf_post_padding)
    i._printf_post_padding                   0x00001fe4   Section        0  printfa.o(i._printf_post_padding)
    _printf_pre_padding                      0x00002009   Thumb Code    46  printfa.o(i._printf_pre_padding)
    i._printf_pre_padding                    0x00002008   Section        0  printfa.o(i._printf_pre_padding)
    .L.str.18                                0x00002036   Data          23  K82F_FlightController.o(.rodata.str1.1)
    [Anonymous Symbol]                       0x00002036   Section        0  K82F_FlightController.o(.rodata.str1.1)
    .L.str.15                                0x00002049   Data           4  K82F_FlightController.o(.rodata.str1.1)
    .L.str.1                                 0x0000204d   Data          29  K82F_FlightController.o(.rodata.str1.1)
    .L.str.2                                 0x0000206a   Data          29  K82F_FlightController.o(.rodata.str1.1)
    .L.str.3                                 0x00002087   Data          29  K82F_FlightController.o(.rodata.str1.1)
    .L.str.4                                 0x000020a4   Data          29  K82F_FlightController.o(.rodata.str1.1)
    .L.str.14                                0x000020c1   Data          32  K82F_FlightController.o(.rodata.str1.1)
    .L.str.13                                0x000020e1   Data          32  K82F_FlightController.o(.rodata.str1.1)
    .L.str.8                                 0x00002101   Data          32  K82F_FlightController.o(.rodata.str1.1)
    .L.str.9                                 0x00002121   Data          32  K82F_FlightController.o(.rodata.str1.1)
    .L.str.6                                 0x00002141   Data          32  K82F_FlightController.o(.rodata.str1.1)
    .L.str.11                                0x00002161   Data          32  K82F_FlightController.o(.rodata.str1.1)
    .L.str.5                                 0x00002181   Data          32  K82F_FlightController.o(.rodata.str1.1)
    .L.str.7                                 0x000021a1   Data          32  K82F_FlightController.o(.rodata.str1.1)
    .L.str.10                                0x000021c1   Data          32  K82F_FlightController.o(.rodata.str1.1)
    .L.str.12                                0x000021e1   Data          32  K82F_FlightController.o(.rodata.str1.1)
    .L.str.17                                0x00002201   Data          12  K82F_FlightController.o(.rodata.str1.1)
    .L.str.22                                0x0000220d   Data          13  K82F_FlightController.o(.rodata.str1.1)
    .L.str.19                                0x0000221a   Data          13  K82F_FlightController.o(.rodata.str1.1)
    .L.str.23                                0x00002227   Data          13  K82F_FlightController.o(.rodata.str1.1)
    .L.str.20                                0x00002234   Data          13  K82F_FlightController.o(.rodata.str1.1)
    .L.str.24                                0x00002241   Data          13  K82F_FlightController.o(.rodata.str1.1)
    .L.str.21                                0x0000224e   Data          13  K82F_FlightController.o(.rodata.str1.1)
    .L.str                                   0x0000225b   Data          13  K82F_FlightController.o(.rodata.str1.1)
    .L.str.16                                0x00002268   Data          13  K82F_FlightController.o(.rodata.str1.1)
    receiveQueue                             0x20000018   Data         262  K82F_FlightController.o(.bss.receiveQueue)
    [Anonymous Symbol]                       0x20000018   Section        0  K82F_FlightController.o(.bss.receiveQueue)
    transmitQueue                            0x2000011e   Data         262  K82F_FlightController.o(.bss.transmitQueue)
    [Anonymous Symbol]                       0x2000011e   Section        0  K82F_FlightController.o(.bss.transmitQueue)
    VTOR                                     0xe000ed08   Number         0  startup_MK82F25615.o ABSOLUTE

    Global Symbols

    Symbol Name                              Value     Ov Type        Size  Object(Section)

    BuildAttributes$$THM_ISAv4$E$P$D$K$B$S$7EM$VFPi3$EXTD16$VFPS$VFMA$PE$A:L22UL41UL21$X:L11$S22US41US21$IEEE1$IW$USESV6$~STKCKD$USESV7$~SHL$OSPACE$ROPI$EBA8$MICROLIB$REQ8$PRES8$EABIv2 0x00000000   Number         0  anon$$obj.o ABSOLUTE
    __Vectors                                0x00000000   Number       960  startup_MK82F25615.o(.isr_vector)
    __cpp_initialize__aeabi_                  - Undefined Weak Reference
    __cxa_finalize                            - Undefined Weak Reference
    __decompress                              - Undefined Weak Reference
    _clock_init                               - Undefined Weak Reference
    _microlib_exit                            - Undefined Weak Reference
    __main                                   0x00000411   Thumb Code     0  entry.o(.ARM.Collect$$$$00000000)
    _main_stk                                0x00000411   Thumb Code     0  entry4.o(.ARM.Collect$$$$00000003)
    _main_scatterload                        0x00000415   Thumb Code     0  entry5.o(.ARM.Collect$$$$00000004)
    __main_after_scatterload                 0x00000419   Thumb Code     0  entry5.o(.ARM.Collect$$$$00000004)
    _main_clock                              0x00000419   Thumb Code     0  entry7b.o(.ARM.Collect$$$$00000008)
    _main_cpp_init                           0x00000419   Thumb Code     0  entry8b.o(.ARM.Collect$$$$0000000A)
    _main_init                               0x00000419   Thumb Code     0  entry9a.o(.ARM.Collect$$$$0000000B)
    __rt_final_cpp                           0x00000421   Thumb Code     0  entry10a.o(.ARM.Collect$$$$0000000D)
    __rt_final_exit                          0x00000421   Thumb Code     0  entry11a.o(.ARM.Collect$$$$0000000F)
    Reset_Handler                            0x00000425   Thumb Code    40  startup_MK82F25615.o(.text)
    ADC0_IRQHandler                          0x0000044d   Thumb Code     4  startup_MK82F25615.o(.text)
    BusFault_Handler                         0x0000044d   Thumb Code     4  startup_MK82F25615.o(.text)
    CMP0_IRQHandler                          0x0000044d   Thumb Code     4  startup_MK82F25615.o(.text)
    CMP1_IRQHandler                          0x0000044d   Thumb Code     4  startup_MK82F25615.o(.text)
    CMT_IRQHandler                           0x0000044d   Thumb Code     4  startup_MK82F25615.o(.text)
    DAC0_IRQHandler                          0x0000044d   Thumb Code     4  startup_MK82F25615.o(.text)
    DMA0_DMA16_DriverIRQHandler              0x0000044d   Thumb Code     4  startup_MK82F25615.o(.text)
    DMA10_DMA26_DriverIRQHandler             0x0000044d   Thumb Code     4  startup_MK82F25615.o(.text)
    DMA11_DMA27_DriverIRQHandler             0x0000044d   Thumb Code     4  startup_MK82F25615.o(.text)
    DMA12_DMA28_DriverIRQHandler             0x0000044d   Thumb Code     4  startup_MK82F25615.o(.text)
    DMA13_DMA29_DriverIRQHandler             0x0000044d   Thumb Code     4  startup_MK82F25615.o(.text)
    DMA14_DMA30_DriverIRQHandler             0x0000044d   Thumb Code     4  startup_MK82F25615.o(.text)
    DMA15_DMA31_DriverIRQHandler             0x0000044d   Thumb Code     4  startup_MK82F25615.o(.text)
    DMA1_DMA17_DriverIRQHandler              0x0000044d   Thumb Code     4  startup_MK82F25615.o(.text)
    DMA2_DMA18_DriverIRQHandler              0x0000044d   Thumb Code     4  startup_MK82F25615.o(.text)
    DMA3_DMA19_DriverIRQHandler              0x0000044d   Thumb Code     4  startup_MK82F25615.o(.text)
    DMA4_DMA20_DriverIRQHandler              0x0000044d   Thumb Code     4  startup_MK82F25615.o(.text)
    DMA5_DMA21_DriverIRQHandler              0x0000044d   Thumb Code     4  startup_MK82F25615.o(.text)
    DMA6_DMA22_DriverIRQHandler              0x0000044d   Thumb Code     4  startup_MK82F25615.o(.text)
    DMA7_DMA23_DriverIRQHandler              0x0000044d   Thumb Code     4  startup_MK82F25615.o(.text)
    DMA8_DMA24_DriverIRQHandler              0x0000044d   Thumb Code     4  startup_MK82F25615.o(.text)
    DMA9_DMA25_DriverIRQHandler              0x0000044d   Thumb Code     4  startup_MK82F25615.o(.text)
    DMA_Error_DriverIRQHandler               0x0000044d   Thumb Code     4  startup_MK82F25615.o(.text)
    DebugMon_Handler                         0x0000044d   Thumb Code     4  startup_MK82F25615.o(.text)
    DefaultISR                               0x0000044d   Thumb Code     4  startup_MK82F25615.o(.text)
    EMVSIM0_IRQHandler                       0x0000044d   Thumb Code     4  startup_MK82F25615.o(.text)
    EMVSIM1_IRQHandler                       0x0000044d   Thumb Code     4  startup_MK82F25615.o(.text)
    FLEXIO0_DriverIRQHandler                 0x0000044d   Thumb Code     4  startup_MK82F25615.o(.text)
    FTFA_IRQHandler                          0x0000044d   Thumb Code     4  startup_MK82F25615.o(.text)
    FTM0_IRQHandler                          0x0000044d   Thumb Code     4  startup_MK82F25615.o(.text)
    FTM1_IRQHandler                          0x0000044d   Thumb Code     4  startup_MK82F25615.o(.text)
    FTM2_IRQHandler                          0x0000044d   Thumb Code     4  startup_MK82F25615.o(.text)
    FTM3_IRQHandler                          0x0000044d   Thumb Code     4  startup_MK82F25615.o(.text)
    I2C0_DriverIRQHandler                    0x0000044d   Thumb Code     4  startup_MK82F25615.o(.text)
    I2C1_DriverIRQHandler                    0x0000044d   Thumb Code     4  startup_MK82F25615.o(.text)
    I2C2_DriverIRQHandler                    0x0000044d   Thumb Code     4  startup_MK82F25615.o(.text)
    I2C3_DriverIRQHandler                    0x0000044d   Thumb Code     4  startup_MK82F25615.o(.text)
    I2S0_Rx_DriverIRQHandler                 0x0000044d   Thumb Code     4  startup_MK82F25615.o(.text)
    I2S0_Tx_DriverIRQHandler                 0x0000044d   Thumb Code     4  startup_MK82F25615.o(.text)
    LLWU_IRQHandler                          0x0000044d   Thumb Code     4  startup_MK82F25615.o(.text)
    LPTMR0_LPTMR1_IRQHandler                 0x0000044d   Thumb Code     4  startup_MK82F25615.o(.text)
    LPUART0_DriverIRQHandler                 0x0000044d   Thumb Code     4  startup_MK82F25615.o(.text)
    LPUART1_DriverIRQHandler                 0x0000044d   Thumb Code     4  startup_MK82F25615.o(.text)
    LPUART2_DriverIRQHandler                 0x0000044d   Thumb Code     4  startup_MK82F25615.o(.text)
    LPUART3_DriverIRQHandler                 0x0000044d   Thumb Code     4  startup_MK82F25615.o(.text)
    LPUART4_DriverIRQHandler                 0x0000044d   Thumb Code     4  startup_MK82F25615.o(.text)
    LTC0_IRQHandler                          0x0000044d   Thumb Code     4  startup_MK82F25615.o(.text)
    LVD_LVW_IRQHandler                       0x0000044d   Thumb Code     4  startup_MK82F25615.o(.text)
    MCG_IRQHandler                           0x0000044d   Thumb Code     4  startup_MK82F25615.o(.text)
    MCM_IRQHandler                           0x0000044d   Thumb Code     4  startup_MK82F25615.o(.text)
    MemManage_Handler                        0x0000044d   Thumb Code     4  startup_MK82F25615.o(.text)
    PDB0_IRQHandler                          0x0000044d   Thumb Code     4  startup_MK82F25615.o(.text)
    PIT0CH0_IRQHandler                       0x0000044d   Thumb Code     4  startup_MK82F25615.o(.text)
    PIT0CH1_IRQHandler                       0x0000044d   Thumb Code     4  startup_MK82F25615.o(.text)
    PIT0CH2_IRQHandler                       0x0000044d   Thumb Code     4  startup_MK82F25615.o(.text)
    PIT0CH3_IRQHandler                       0x0000044d   Thumb Code     4  startup_MK82F25615.o(.text)
    PORTA_IRQHandler                         0x0000044d   Thumb Code     4  startup_MK82F25615.o(.text)
    PORTB_IRQHandler                         0x0000044d   Thumb Code     4  startup_MK82F25615.o(.text)
    PORTC_IRQHandler                         0x0000044d   Thumb Code     4  startup_MK82F25615.o(.text)
    PORTD_IRQHandler                         0x0000044d   Thumb Code     4  startup_MK82F25615.o(.text)
    PORTE_IRQHandler                         0x0000044d   Thumb Code     4  startup_MK82F25615.o(.text)
    QuadSPI0_DriverIRQHandler                0x0000044d   Thumb Code     4  startup_MK82F25615.o(.text)
    RTC_IRQHandler                           0x0000044d   Thumb Code     4  startup_MK82F25615.o(.text)
    RTC_Seconds_IRQHandler                   0x0000044d   Thumb Code     4  startup_MK82F25615.o(.text)
    Read_Collision_IRQHandler                0x0000044d   Thumb Code     4  startup_MK82F25615.o(.text)
    Reserved100_IRQHandler                   0x0000044d   Thumb Code     4  startup_MK82F25615.o(.text)
    Reserved101_IRQHandler                   0x0000044d   Thumb Code     4  startup_MK82F25615.o(.text)
    Reserved102_IRQHandler                   0x0000044d   Thumb Code     4  startup_MK82F25615.o(.text)
    Reserved106_IRQHandler                   0x0000044d   Thumb Code     4  startup_MK82F25615.o(.text)
    Reserved108_IRQHandler                   0x0000044d   Thumb Code     4  startup_MK82F25615.o(.text)
    Reserved109_IRQHandler                   0x0000044d   Thumb Code     4  startup_MK82F25615.o(.text)
    Reserved110_IRQHandler                   0x0000044d   Thumb Code     4  startup_MK82F25615.o(.text)
    Reserved111_IRQHandler                   0x0000044d   Thumb Code     4  startup_MK82F25615.o(.text)
    Reserved112_IRQHandler                   0x0000044d   Thumb Code     4  startup_MK82F25615.o(.text)
    Reserved113_IRQHandler                   0x0000044d   Thumb Code     4  startup_MK82F25615.o(.text)
    Reserved114_IRQHandler                   0x0000044d   Thumb Code     4  startup_MK82F25615.o(.text)
    Reserved115_IRQHandler                   0x0000044d   Thumb Code     4  startup_MK82F25615.o(.text)
    Reserved117_IRQHandler                   0x0000044d   Thumb Code     4  startup_MK82F25615.o(.text)
    Reserved118_IRQHandler                   0x0000044d   Thumb Code     4  startup_MK82F25615.o(.text)
    Reserved119_IRQHandler                   0x0000044d   Thumb Code     4  startup_MK82F25615.o(.text)
    Reserved121_IRQHandler                   0x0000044d   Thumb Code     4  startup_MK82F25615.o(.text)
    Reserved122_IRQHandler                   0x0000044d   Thumb Code     4  startup_MK82F25615.o(.text)
    Reserved51_IRQHandler                    0x0000044d   Thumb Code     4  startup_MK82F25615.o(.text)
    Reserved52_IRQHandler                    0x0000044d   Thumb Code     4  startup_MK82F25615.o(.text)
    Reserved71_IRQHandler                    0x0000044d   Thumb Code     4  startup_MK82F25615.o(.text)
    Reserved82_IRQHandler                    0x0000044d   Thumb Code     4  startup_MK82F25615.o(.text)
    Reserved83_IRQHandler                    0x0000044d   Thumb Code     4  startup_MK82F25615.o(.text)
    Reserved84_IRQHandler                    0x0000044d   Thumb Code     4  startup_MK82F25615.o(.text)
    Reserved85_IRQHandler                    0x0000044d   Thumb Code     4  startup_MK82F25615.o(.text)
    Reserved88_IRQHandler                    0x0000044d   Thumb Code     4  startup_MK82F25615.o(.text)
    Reserved89_IRQHandler                    0x0000044d   Thumb Code     4  startup_MK82F25615.o(.text)
    Reserved91_IRQHandler                    0x0000044d   Thumb Code     4  startup_MK82F25615.o(.text)
    Reserved92_IRQHandler                    0x0000044d   Thumb Code     4  startup_MK82F25615.o(.text)
    Reserved93_IRQHandler                    0x0000044d   Thumb Code     4  startup_MK82F25615.o(.text)
    Reserved94_IRQHandler                    0x0000044d   Thumb Code     4  startup_MK82F25615.o(.text)
    Reserved95_IRQHandler                    0x0000044d   Thumb Code     4  startup_MK82F25615.o(.text)
    Reserved96_IRQHandler                    0x0000044d   Thumb Code     4  startup_MK82F25615.o(.text)
    Reserved98_IRQHandler                    0x0000044d   Thumb Code     4  startup_MK82F25615.o(.text)
    Reserved99_IRQHandler                    0x0000044d   Thumb Code     4  startup_MK82F25615.o(.text)
    SDHC_DriverIRQHandler                    0x0000044d   Thumb Code     4  startup_MK82F25615.o(.text)
    SPI0_DriverIRQHandler                    0x0000044d   Thumb Code     4  startup_MK82F25615.o(.text)
    SPI1_DriverIRQHandler                    0x0000044d   Thumb Code     4  startup_MK82F25615.o(.text)
    SPI2_DriverIRQHandler                    0x0000044d   Thumb Code     4  startup_MK82F25615.o(.text)
    SWI_IRQHandler                           0x0000044d   Thumb Code     4  startup_MK82F25615.o(.text)
    TPM1_IRQHandler                          0x0000044d   Thumb Code     4  startup_MK82F25615.o(.text)
    TPM2_IRQHandler                          0x0000044d   Thumb Code     4  startup_MK82F25615.o(.text)
    TRNG0_IRQHandler                         0x0000044d   Thumb Code     4  startup_MK82F25615.o(.text)
    TSI0_IRQHandler                          0x0000044d   Thumb Code     4  startup_MK82F25615.o(.text)
    USB0_IRQHandler                          0x0000044d   Thumb Code     4  startup_MK82F25615.o(.text)
    USBDCD_IRQHandler                        0x0000044d   Thumb Code     4  startup_MK82F25615.o(.text)
    UsageFault_Handler                       0x0000044d   Thumb Code     4  startup_MK82F25615.o(.text)
    WDOG_EWM_IRQHandler                      0x0000044d   Thumb Code     4  startup_MK82F25615.o(.text)
    NMI_Handler                              0x00000451   Thumb Code     4  startup_MK82F25615.o(.text)
    HardFault_Handler                        0x00000455   Thumb Code     4  startup_MK82F25615.o(.text)
    SVC_Handler                              0x00000459   Thumb Code     4  startup_MK82F25615.o(.text)
    PendSV_Handler                           0x0000045d   Thumb Code     4  startup_MK82F25615.o(.text)
    SysTick_Handler                          0x00000461   Thumb Code     4  startup_MK82F25615.o(.text)
    DMA0_DMA16_IRQHandler                    0x00000465   Thumb Code     4  startup_MK82F25615.o(.text)
    DMA1_DMA17_IRQHandler                    0x00000469   Thumb Code     4  startup_MK82F25615.o(.text)
    DMA2_DMA18_IRQHandler                    0x0000046d   Thumb Code     4  startup_MK82F25615.o(.text)
    DMA3_DMA19_IRQHandler                    0x00000471   Thumb Code     4  startup_MK82F25615.o(.text)
    DMA4_DMA20_IRQHandler                    0x00000475   Thumb Code     4  startup_MK82F25615.o(.text)
    DMA5_DMA21_IRQHandler                    0x00000479   Thumb Code     4  startup_MK82F25615.o(.text)
    DMA6_DMA22_IRQHandler                    0x0000047d   Thumb Code     4  startup_MK82F25615.o(.text)
    DMA7_DMA23_IRQHandler                    0x00000481   Thumb Code     4  startup_MK82F25615.o(.text)
    DMA8_DMA24_IRQHandler                    0x00000485   Thumb Code     4  startup_MK82F25615.o(.text)
    DMA9_DMA25_IRQHandler                    0x00000489   Thumb Code     4  startup_MK82F25615.o(.text)
    DMA10_DMA26_IRQHandler                   0x0000048d   Thumb Code     4  startup_MK82F25615.o(.text)
    DMA11_DMA27_IRQHandler                   0x00000491   Thumb Code     4  startup_MK82F25615.o(.text)
    DMA12_DMA28_IRQHandler                   0x00000495   Thumb Code     4  startup_MK82F25615.o(.text)
    DMA13_DMA29_IRQHandler                   0x00000499   Thumb Code     4  startup_MK82F25615.o(.text)
    DMA14_DMA30_IRQHandler                   0x0000049d   Thumb Code     4  startup_MK82F25615.o(.text)
    DMA15_DMA31_IRQHandler                   0x000004a1   Thumb Code     4  startup_MK82F25615.o(.text)
    DMA_Error_IRQHandler                     0x000004a5   Thumb Code     4  startup_MK82F25615.o(.text)
    I2C0_IRQHandler                          0x000004a9   Thumb Code     4  startup_MK82F25615.o(.text)
    I2C1_IRQHandler                          0x000004ad   Thumb Code     4  startup_MK82F25615.o(.text)
    SPI0_IRQHandler                          0x000004b1   Thumb Code     4  startup_MK82F25615.o(.text)
    SPI1_IRQHandler                          0x000004b5   Thumb Code     4  startup_MK82F25615.o(.text)
    I2S0_Tx_IRQHandler                       0x000004b9   Thumb Code     4  startup_MK82F25615.o(.text)
    I2S0_Rx_IRQHandler                       0x000004bd   Thumb Code     4  startup_MK82F25615.o(.text)
    LPUART0_IRQHandler                       0x000004c1   Thumb Code     4  startup_MK82F25615.o(.text)
    LPUART1_IRQHandler                       0x000004c5   Thumb Code     4  startup_MK82F25615.o(.text)
    LPUART2_IRQHandler                       0x000004c9   Thumb Code     4  startup_MK82F25615.o(.text)
    LPUART3_IRQHandler                       0x000004cd   Thumb Code     4  startup_MK82F25615.o(.text)
    SPI2_IRQHandler                          0x000004d5   Thumb Code     4  startup_MK82F25615.o(.text)
    FLEXIO0_IRQHandler                       0x000004d9   Thumb Code     4  startup_MK82F25615.o(.text)
    I2C2_IRQHandler                          0x000004dd   Thumb Code     4  startup_MK82F25615.o(.text)
    SDHC_IRQHandler                          0x000004e1   Thumb Code     4  startup_MK82F25615.o(.text)
    I2C3_IRQHandler                          0x000004e5   Thumb Code     4  startup_MK82F25615.o(.text)
    QuadSPI0_IRQHandler                      0x000004e9   Thumb Code     4  startup_MK82F25615.o(.text)
    __aeabi_ddiv                             0x00000589   Thumb Code   222  ddiv.o(.text)
    __aeabi_ui2d                             0x00000667   Thumb Code    26  dfltui.o(.text)
    __aeabi_d2iz                             0x00000681   Thumb Code    62  dfixi.o(.text)
    __aeabi_uidiv                            0x000006bf   Thumb Code     0  uidiv.o(.text)
    __aeabi_uidivmod                         0x000006bf   Thumb Code    44  uidiv.o(.text)
    __aeabi_uldivmod                         0x000006eb   Thumb Code    98  uldiv.o(.text)
    __aeabi_llsr                             0x0000074d   Thumb Code    32  llushr.o(.text)
    _ll_ushift_r                             0x0000074d   Thumb Code     0  llushr.o(.text)
    __I$use$fp                               0x0000076d   Thumb Code     0  iusefp.o(.text)
    _double_round                            0x0000076d   Thumb Code    30  depilogue.o(.text)
    _double_epilogue                         0x0000078b   Thumb Code   156  depilogue.o(.text)
    __aeabi_dadd                             0x00000827   Thumb Code   322  dadd.o(.text)
    __aeabi_dsub                             0x00000969   Thumb Code     6  dadd.o(.text)
    __aeabi_drsub                            0x0000096f   Thumb Code     6  dadd.o(.text)
    __aeabi_dmul                             0x00000975   Thumb Code   228  dmul.o(.text)
    __aeabi_d2ulz                            0x00000a59   Thumb Code    48  dfixul.o(.text)
    __aeabi_cdrcmple                         0x00000a89   Thumb Code    48  cdrcmple.o(.text)
    __scatterload                            0x00000ab9   Thumb Code    28  init.o(.text)
    __scatterload_rt2                        0x00000ab9   Thumb Code     0  init.o(.text)
    __aeabi_llsl                             0x00000add   Thumb Code    30  llshl.o(.text)
    _ll_shift_l                              0x00000add   Thumb Code     0  llshl.o(.text)
    __aeabi_lasr                             0x00000afb   Thumb Code    36  llsshr.o(.text)
    _ll_sshift_r                             0x00000afb   Thumb Code     0  llsshr.o(.text)
    Debug_init_uart                          0x00000b21   Thumb Code   336  K82F_FlightController.o(.text.Debug_init_uart)
    Ecompass_init                            0x00000c71   Thumb Code    74  K82F_FlightController.o(.text.Ecompass_init)
    I2C_debug_log_status                     0x00000cbd   Thumb Code   290  K82F_FlightController.o(.text.I2C_debug_log_status)
    I2C_init                                 0x00000de1   Thumb Code   118  K82F_FlightController.o(.text.I2C_init)
    I2C_read_byte                            0x00000e59   Thumb Code   646  K82F_FlightController.o(.text.I2C_read_byte)
    LPUART4_IRQHandler                       0x000010e1   Thumb Code   228  K82F_FlightController.o(.text.LPUART4_IRQHandler)
    OBLEDs_init                              0x000011c5   Thumb Code   116  K82F_FlightController.o(.text.OBLEDs_init)
    RingBuffer_Dequeue_Byte                  0x00001239   Thumb Code   114  RingBuffer.o(.text.RingBuffer_Dequeue_Byte)
    RingBuffer_Empty                         0x000012ad   Thumb Code    20  RingBuffer.o(.text.RingBuffer_Empty)
    RingBuffer_Enqueue_Byte                  0x000012c1   Thumb Code   102  RingBuffer.o(.text.RingBuffer_Enqueue_Byte)
    RingBuffer_Full                          0x00001329   Thumb Code    24  RingBuffer.o(.text.RingBuffer_Full)
    RingBuffer_Init                          0x00001341   Thumb Code    58  RingBuffer.o(.text.RingBuffer_Init)
    SystemInit                               0x0000137d   Thumb Code    58  system_MK82F25615.o(.text.SystemInit)
    SystemInitHook                           0x000013b9   Thumb Code     2  system_MK82F25615.o(.text.SystemInitHook)
    fputc                                    0x00001469   Thumb Code    86  K82F_FlightController.o(.text.fputc)
    main                                     0x000014c1   Thumb Code   644  K82F_FlightController.o(.text.main)
    __0printf                                0x00001745   Thumb Code    22  printfa.o(i.__0printf)
    __1printf                                0x00001745   Thumb Code     0  printfa.o(i.__0printf)
    __2printf                                0x00001745   Thumb Code     0  printfa.o(i.__0printf)
    __c89printf                              0x00001745   Thumb Code     0  printfa.o(i.__0printf)
    printf                                   0x00001745   Thumb Code     0  printfa.o(i.__0printf)
    __scatterload_copy                       0x00001765   Thumb Code    14  handlers.o(i.__scatterload_copy)
    __scatterload_null                       0x00001773   Thumb Code     2  handlers.o(i.__scatterload_null)
    __scatterload_zeroinit                   0x00001775   Thumb Code    14  handlers.o(i.__scatterload_zeroinit)
    Region$$Table$$Base                      0x00002278   Number         0  anon$$obj.o(Region$$Table)
    Region$$Table$$Limit                     0x00002298   Number         0  anon$$obj.o(Region$$Table)
    SystemCoreClock                          0x20000000   Data           4  system_MK82F25615.o(.data.SystemCoreClock)
    __stdout                                 0x20000004   Data           4  K82F_FlightController.o(.bss.__stdout)
    g_acc_buffer                             0x20000008   Data           8  K82F_FlightController.o(.bss.g_acc_buffer)
    g_mag_buffer                             0x20000010   Data           8  K82F_FlightController.o(.bss.g_mag_buffer)
    Image$$ARM_LIB_STACK$$ZI$$Limit          0x20030000   Number         0  anon$$obj.o ABSOLUTE



==============================================================================

Memory Map of the image

  Image Entry point : 0x00000411

  Load Region LR_m_text (Base: 0x00000000, Size: 0x0000229c, Max: 0x00040000, ABSOLUTE)

    Execution Region VECTOR_ROM (Exec base: 0x00000000, Load base: 0x00000000, Size: 0x000003c0, Max: 0x000003c0, ABSOLUTE)

    Exec Addr    Load Addr    Size         Type   Attr      Idx    E Section Name        Object

    0x00000000   0x00000000   0x000003c0   Data   RO           65    .isr_vector         startup_MK82F25615.o


    Execution Region ER_m_bootloader_config (Exec base: 0x000003c0, Load base: 0x000003c0, Size: 0x00000000, Max: 0x00000040, ABSOLUTE, FIXED)

    **** No section assigned to this execution region ****


    Execution Region ER_m_flash_config (Exec base: 0x00000400, Load base: 0x00000400, Size: 0x00000010, Max: 0x00000010, ABSOLUTE, FIXED)

    Exec Addr    Load Addr    Size         Type   Attr      Idx    E Section Name        Object

    0x00000400   0x00000400   0x00000010   Data   RO           66    .FlashConfig        startup_MK82F25615.o


    Execution Region ER_m_text (Exec base: 0x00000410, Load base: 0x00000410, Size: 0x00001e88, Max: 0x0003fbf0, ABSOLUTE)

    Exec Addr    Load Addr    Size         Type   Attr      Idx    E Section Name        Object

    0x00000410   0x00000410   0x00000000   Code   RO           85  * .ARM.Collect$$$$00000000  mc_w.l(entry.o)
    0x00000410   0x00000410   0x00000004   Code   RO          122    .ARM.Collect$$$$00000003  mc_w.l(entry4.o)
    0x00000414   0x00000414   0x00000004   Code   RO          125    .ARM.Collect$$$$00000004  mc_w.l(entry5.o)
    0x00000418   0x00000418   0x00000000   Code   RO          127    .ARM.Collect$$$$00000008  mc_w.l(entry7b.o)
    0x00000418   0x00000418   0x00000000   Code   RO          129    .ARM.Collect$$$$0000000A  mc_w.l(entry8b.o)
    0x00000418   0x00000418   0x00000008   Code   RO          130    .ARM.Collect$$$$0000000B  mc_w.l(entry9a.o)
    0x00000420   0x00000420   0x00000000   Code   RO          132    .ARM.Collect$$$$0000000D  mc_w.l(entry10a.o)
    0x00000420   0x00000420   0x00000000   Code   RO          134    .ARM.Collect$$$$0000000F  mc_w.l(entry11a.o)
    0x00000420   0x00000420   0x00000004   Code   RO          123    .ARM.Collect$$$$00002714  mc_w.l(entry4.o)
    0x00000424   0x00000424   0x00000164   Code   RO           64    .text               startup_MK82F25615.o
    0x00000588   0x00000588   0x000000de   Code   RO          116    .text               mf_w.l(ddiv.o)
    0x00000666   0x00000666   0x0000001a   Code   RO          118    .text               mf_w.l(dfltui.o)
    0x00000680   0x00000680   0x0000003e   Code   RO          120    .text               mf_w.l(dfixi.o)
    0x000006be   0x000006be   0x0000002c   Code   RO          136    .text               mc_w.l(uidiv.o)
    0x000006ea   0x000006ea   0x00000062   Code   RO          138    .text               mc_w.l(uldiv.o)
    0x0000074c   0x0000074c   0x00000020   Code   RO          140    .text               mc_w.l(llushr.o)
    0x0000076c   0x0000076c   0x00000000   Code   RO          142    .text               mc_w.l(iusefp.o)
    0x0000076c   0x0000076c   0x000000ba   Code   RO          143    .text               mf_w.l(depilogue.o)
    0x00000826   0x00000826   0x0000014e   Code   RO          145    .text               mf_w.l(dadd.o)
    0x00000974   0x00000974   0x000000e4   Code   RO          147    .text               mf_w.l(dmul.o)
    0x00000a58   0x00000a58   0x00000030   Code   RO          149    .text               mf_w.l(dfixul.o)
    0x00000a88   0x00000a88   0x00000030   Code   RO          151    .text               mf_w.l(cdrcmple.o)
    0x00000ab8   0x00000ab8   0x00000024   Code   RO          153    .text               mc_w.l(init.o)
    0x00000adc   0x00000adc   0x0000001e   Code   RO          155    .text               mc_w.l(llshl.o)
    0x00000afa   0x00000afa   0x00000024   Code   RO          157    .text               mc_w.l(llsshr.o)
    0x00000b1e   0x00000b1e   0x00000002   PAD
    0x00000b20   0x00000b20   0x00000150   Code   RO            4    .text.Debug_init_uart  K82F_FlightController.o
    0x00000c70   0x00000c70   0x0000004a   Code   RO           30    .text.Ecompass_init  K82F_FlightController.o
    0x00000cba   0x00000cba   0x00000002   PAD
    0x00000cbc   0x00000cbc   0x00000122   Code   RO           28    .text.I2C_debug_log_status  K82F_FlightController.o
    0x00000dde   0x00000dde   0x00000002   PAD
    0x00000de0   0x00000de0   0x00000076   Code   RO           20    .text.I2C_init      K82F_FlightController.o
    0x00000e56   0x00000e56   0x00000002   PAD
    0x00000e58   0x00000e58   0x00000286   Code   RO           22    .text.I2C_read_byte  K82F_FlightController.o
    0x000010de   0x000010de   0x00000002   PAD
    0x000010e0   0x000010e0   0x000000e4   Code   RO           12    .text.LPUART4_IRQHandler  K82F_FlightController.o
    0x000011c4   0x000011c4   0x00000074   Code   RO           18    .text.OBLEDs_init   K82F_FlightController.o
    0x00001238   0x00001238   0x00000072   Code   RO           56    .text.RingBuffer_Dequeue_Byte  RingBuffer.o
    0x000012aa   0x000012aa   0x00000002   PAD
    0x000012ac   0x000012ac   0x00000014   Code   RO           52    .text.RingBuffer_Empty  RingBuffer.o
    0x000012c0   0x000012c0   0x00000066   Code   RO           54    .text.RingBuffer_Enqueue_Byte  RingBuffer.o
    0x00001326   0x00001326   0x00000002   PAD
    0x00001328   0x00001328   0x00000018   Code   RO           50    .text.RingBuffer_Full  RingBuffer.o
    0x00001340   0x00001340   0x0000003a   Code   RO           48    .text.RingBuffer_Init  RingBuffer.o
    0x0000137a   0x0000137a   0x00000002   PAD
    0x0000137c   0x0000137c   0x0000003a   Code   RO           72    .text.SystemInit    system_MK82F25615.o
    0x000013b6   0x000013b6   0x00000002   PAD
    0x000013b8   0x000013b8   0x00000002   Code   RO           74    .text.SystemInitHook  system_MK82F25615.o
    0x000013ba   0x000013ba   0x00000002   PAD
    0x000013bc   0x000013bc   0x00000034   Code   RO            8    .text.__NVIC_ClearPendingIRQ  K82F_FlightController.o
    0x000013f0   0x000013f0   0x00000034   Code   RO           10    .text.__NVIC_EnableIRQ  K82F_FlightController.o
    0x00001424   0x00001424   0x00000044   Code   RO            6    .text.__NVIC_SetPriority  K82F_FlightController.o
    0x00001468   0x00001468   0x00000056   Code   RO           14    .text.fputc         K82F_FlightController.o
    0x000014be   0x000014be   0x00000002   PAD
    0x000014c0   0x000014c0   0x00000284   Code   RO           32    .text.main          K82F_FlightController.o
    0x00001744   0x00001744   0x00000020   Code   RO           89    i.__0printf         mc_w.l(printfa.o)
    0x00001764   0x00001764   0x0000000e   Code   RO          161    i.__scatterload_copy  mc_w.l(handlers.o)
    0x00001772   0x00001772   0x00000002   Code   RO          162    i.__scatterload_null  mc_w.l(handlers.o)
    0x00001774   0x00001774   0x0000000e   Code   RO          163    i.__scatterload_zeroinit  mc_w.l(handlers.o)
    0x00001782   0x00001782   0x00000002   PAD
    0x00001784   0x00001784   0x00000184   Code   RO           96    i._fp_digits        mc_w.l(printfa.o)
    0x00001908   0x00001908   0x000006dc   Code   RO           97    i._printf_core      mc_w.l(printfa.o)
    0x00001fe4   0x00001fe4   0x00000024   Code   RO           98    i._printf_post_padding  mc_w.l(printfa.o)
    0x00002008   0x00002008   0x0000002e   Code   RO           99    i._printf_pre_padding  mc_w.l(printfa.o)
    0x00002036   0x00002036   0x0000023f   Data   RO           36    .rodata.str1.1      K82F_FlightController.o
    0x00002275   0x00002275   0x00000003   PAD
    0x00002278   0x00002278   0x00000020   Data   RO          160    Region$$Table       anon$$obj.o


    Execution Region RW_m_data (Exec base: 0x1fff0000, Load base: 0x00002298, Size: 0x00000000, Max: 0x00010000, ABSOLUTE)

    **** No section assigned to this execution region ****


    Execution Region RW_m_data_2 (Exec base: 0x20000000, Load base: 0x00002298, Size: 0x00000224, Max: 0x0002f800, ABSOLUTE)

    Exec Addr    Load Addr    Size         Type   Attr      Idx    E Section Name        Object

    0x20000000   0x00002298   0x00000004   Data   RW           78    .data.SystemCoreClock  system_MK82F25615.o
    0x20000004        -       0x00000004   Zero   RW           39    .bss.__stdout       K82F_FlightController.o
    0x20000008        -       0x00000008   Zero   RW           38    .bss.g_acc_buffer   K82F_FlightController.o
    0x20000010        -       0x00000008   Zero   RW           37    .bss.g_mag_buffer   K82F_FlightController.o
    0x20000018        -       0x00000106   Zero   RW           35    .bss.receiveQueue   K82F_FlightController.o
    0x2000011e        -       0x00000106   Zero   RW           34    .bss.transmitQueue  K82F_FlightController.o


    Execution Region ARM_LIB_HEAP (Exec base: 0x20000224, Load base: 0x0000229c, Size: 0x00000400, Max: 0x00000400, ABSOLUTE)

    Exec Addr    Load Addr    Size         Type   Attr      Idx    E Section Name        Object

    0x20000224        -       0x00000400   Zero   RW            1    ARM_LIB_HEAP.bss    anon$$obj.o


    Execution Region ARM_LIB_STACK (Exec base: 0x2002fc00, Load base: 0x0000229c, Size: 0x00000400, Max: 0x00000400, ABSOLUTE)

    Exec Addr    Load Addr    Size         Type   Attr      Idx    E Section Name        Object

    0x2002fc00        -       0x00000400   Zero   RW            2    ARM_LIB_STACK.bss   anon$$obj.o


==============================================================================

Image component sizes


      Code (inc. data)   RO Data    RW Data    ZI Data      Debug   Object Name

      2710          8        575          0        544      10573   K82F_FlightController.o
       318          0          0          0          0       2169   RingBuffer.o
       356        172        976          0          0       1904   startup_MK82F25615.o
        60          0          0          4          0       3591   system_MK82F25615.o

    ----------------------------------------------------------------------
      3464        180       1586          4       2592      18237   Object Totals
         0          0         32          0       2048          0   (incl. Generated)
        20          0          3          0          0          0   (incl. Padding)

    ----------------------------------------------------------------------

      Code (inc. data)   RO Data    RW Data    ZI Data      Debug   Library Member Name

         0          0          0          0          0          0   entry.o
         0          0          0          0          0          0   entry10a.o
         0          0          0          0          0          0   entry11a.o
         8          4          0          0          0          0   entry4.o
         4          0          0          0          0          0   entry5.o
         0          0          0          0          0          0   entry7b.o
         0          0          0          0          0          0   entry8b.o
         8          4          0          0          0          0   entry9a.o
        30          0          0          0          0          0   handlers.o
        36          8          0          0          0         68   init.o
         0          0          0          0          0          0   iusefp.o
        30          0          0          0          0         68   llshl.o
        36          0          0          0          0         68   llsshr.o
        32          0          0          0          0         68   llushr.o
      2258         90          0          0          0        452   printfa.o
        44          0          0          0          0         80   uidiv.o
        98          0          0          0          0         92   uldiv.o
        48          0          0          0          0         68   cdrcmple.o
       334          0          0          0          0        148   dadd.o
       222          0          0          0          0        100   ddiv.o
       186          0          0          0          0        176   depilogue.o
        62          0          0          0          0         80   dfixi.o
        48          0          0          0          0         68   dfixul.o
        26          0          0          0          0         76   dfltui.o
       228          0          0          0          0         96   dmul.o

    ----------------------------------------------------------------------
      3742        106          0          0          0       1708   Library Totals
         4          0          0          0          0          0   (incl. Padding)

    ----------------------------------------------------------------------

      Code (inc. data)   RO Data    RW Data    ZI Data      Debug   Library Name

      2584        106          0          0          0        896   mc_w.l
      1154          0          0          0          0        812   mf_w.l

    ----------------------------------------------------------------------
      3742        106          0          0          0       1708   Library Totals

    ----------------------------------------------------------------------

==============================================================================


      Code (inc. data)   RO Data    RW Data    ZI Data      Debug   

      7206        286       1586          4       2592      19225   Grand Totals
      7206        286       1586          4       2592      19225   ELF Image Totals
      7206        286       1586          4          0          0   ROM Totals

==============================================================================

    Total RO  Size (Code + RO Data)                 8792 (   8.59kB)
    Total RW  Size (RW Data + ZI Data)              2596 (   2.54kB)
    Total ROM Size (Code + RO Data + RW Data)       8796 (   8.59kB)

==============================================================================

