<!doctype html public "-//w3c//dtd html 4.0 transitional//en">
<html><head>
<title>Static Call Graph - [debug\led_blinky.out]</title></head>
<body><HR>
<H1>Static Call Graph for image debug\led_blinky.out</H1><HR>
<BR><P>#&#060CALLGRAPH&#062# ARM Linker, 6140002: Last Updated: Wed Jan 20 17:08:37 2021
<BR><P>
<H3>Maximum Stack Usage =         88 bytes + Unknown(Functions without stacksize, Untraceable Function Pointers)</H3><H3>
Call chain for Maximum Stack Depth:</H3>
main &rArr; Debug_init_uart &rArr; __aeabi_ui2d &rArr; _double_epilogue &rArr; _double_round
<P>
<H3>
Functions with no stack information
</H3><UL>
 <LI><a href="#[0]">Reset_Handler</a>
 <LI><a href="#[31]">ADC0_IRQHandler</a>
 <LI><a href="#[4]">BusFault_Handler</a>
 <LI><a href="#[32]">CMP0_IRQHandler</a>
 <LI><a href="#[33]">CMP1_IRQHandler</a>
 <LI><a href="#[37]">CMT_IRQHandler</a>
 <LI><a href="#[42]">DAC0_IRQHandler</a>
 <LI><a href="#[79]">DMA0_DMA16_DriverIRQHandler</a>
 <LI><a href="#[83]">DMA10_DMA26_DriverIRQHandler</a>
 <LI><a href="#[84]">DMA11_DMA27_DriverIRQHandler</a>
 <LI><a href="#[85]">DMA12_DMA28_DriverIRQHandler</a>
 <LI><a href="#[86]">DMA13_DMA29_DriverIRQHandler</a>
 <LI><a href="#[87]">DMA14_DMA30_DriverIRQHandler</a>
 <LI><a href="#[88]">DMA15_DMA31_DriverIRQHandler</a>
 <LI><a href="#[7a]">DMA1_DMA17_DriverIRQHandler</a>
 <LI><a href="#[7b]">DMA2_DMA18_DriverIRQHandler</a>
 <LI><a href="#[7c]">DMA3_DMA19_DriverIRQHandler</a>
 <LI><a href="#[7d]">DMA4_DMA20_DriverIRQHandler</a>
 <LI><a href="#[7e]">DMA5_DMA21_DriverIRQHandler</a>
 <LI><a href="#[7f]">DMA6_DMA22_DriverIRQHandler</a>
 <LI><a href="#[80]">DMA7_DMA23_DriverIRQHandler</a>
 <LI><a href="#[81]">DMA8_DMA24_DriverIRQHandler</a>
 <LI><a href="#[82]">DMA9_DMA25_DriverIRQHandler</a>
 <LI><a href="#[89]">DMA_Error_DriverIRQHandler</a>
 <LI><a href="#[7]">DebugMon_Handler</a>
 <LI><a href="#[75]">DefaultISR</a>
 <LI><a href="#[2f]">EMVSIM0_IRQHandler</a>
 <LI><a href="#[30]">EMVSIM1_IRQHandler</a>
 <LI><a href="#[96]">FLEXIO0_DriverIRQHandler</a>
 <LI><a href="#[1c]">FTFA_IRQHandler</a>
 <LI><a href="#[34]">FTM0_IRQHandler</a>
 <LI><a href="#[35]">FTM1_IRQHandler</a>
 <LI><a href="#[36]">FTM2_IRQHandler</a>
 <LI><a href="#[51]">FTM3_IRQHandler</a>
 <LI><a href="#[8a]">I2C0_DriverIRQHandler</a>
 <LI><a href="#[8b]">I2C1_DriverIRQHandler</a>
 <LI><a href="#[97]">I2C2_DriverIRQHandler</a>
 <LI><a href="#[99]">I2C3_DriverIRQHandler</a>
 <LI><a href="#[8f]">I2S0_Rx_DriverIRQHandler</a>
 <LI><a href="#[8e]">I2S0_Tx_DriverIRQHandler</a>
 <LI><a href="#[1f]">LLWU_IRQHandler</a>
 <LI><a href="#[44]">LPTMR0_LPTMR1_IRQHandler</a>
 <LI><a href="#[90]">LPUART0_DriverIRQHandler</a>
 <LI><a href="#[91]">LPUART1_DriverIRQHandler</a>
 <LI><a href="#[92]">LPUART2_DriverIRQHandler</a>
 <LI><a href="#[93]">LPUART3_DriverIRQHandler</a>
 <LI><a href="#[94]">LPUART4_DriverIRQHandler</a>
 <LI><a href="#[72]">LTC0_IRQHandler</a>
 <LI><a href="#[1e]">LVD_LVW_IRQHandler</a>
 <LI><a href="#[43]">MCG_IRQHandler</a>
 <LI><a href="#[1b]">MCM_IRQHandler</a>
 <LI><a href="#[3]">MemManage_Handler</a>
 <LI><a href="#[3e]">PDB0_IRQHandler</a>
 <LI><a href="#[3a]">PIT0CH0_IRQHandler</a>
 <LI><a href="#[3b]">PIT0CH1_IRQHandler</a>
 <LI><a href="#[3c]">PIT0CH2_IRQHandler</a>
 <LI><a href="#[3d]">PIT0CH3_IRQHandler</a>
 <LI><a href="#[45]">PORTA_IRQHandler</a>
 <LI><a href="#[46]">PORTB_IRQHandler</a>
 <LI><a href="#[47]">PORTC_IRQHandler</a>
 <LI><a href="#[48]">PORTD_IRQHandler</a>
 <LI><a href="#[49]">PORTE_IRQHandler</a>
 <LI><a href="#[9a]">QuadSPI0_DriverIRQHandler</a>
 <LI><a href="#[38]">RTC_IRQHandler</a>
 <LI><a href="#[39]">RTC_Seconds_IRQHandler</a>
 <LI><a href="#[1d]">Read_Collision_IRQHandler</a>
 <LI><a href="#[5e]">Reserved100_IRQHandler</a>
 <LI><a href="#[5f]">Reserved101_IRQHandler</a>
 <LI><a href="#[60]">Reserved102_IRQHandler</a>
 <LI><a href="#[64]">Reserved106_IRQHandler</a>
 <LI><a href="#[66]">Reserved108_IRQHandler</a>
 <LI><a href="#[67]">Reserved109_IRQHandler</a>
 <LI><a href="#[68]">Reserved110_IRQHandler</a>
 <LI><a href="#[69]">Reserved111_IRQHandler</a>
 <LI><a href="#[6a]">Reserved112_IRQHandler</a>
 <LI><a href="#[6b]">Reserved113_IRQHandler</a>
 <LI><a href="#[6c]">Reserved114_IRQHandler</a>
 <LI><a href="#[6d]">Reserved115_IRQHandler</a>
 <LI><a href="#[6f]">Reserved117_IRQHandler</a>
 <LI><a href="#[70]">Reserved118_IRQHandler</a>
 <LI><a href="#[71]">Reserved119_IRQHandler</a>
 <LI><a href="#[73]">Reserved121_IRQHandler</a>
 <LI><a href="#[74]">Reserved122_IRQHandler</a>
 <LI><a href="#[2d]">Reserved51_IRQHandler</a>
 <LI><a href="#[2e]">Reserved52_IRQHandler</a>
 <LI><a href="#[41]">Reserved71_IRQHandler</a>
 <LI><a href="#[4c]">Reserved82_IRQHandler</a>
 <LI><a href="#[4d]">Reserved83_IRQHandler</a>
 <LI><a href="#[4e]">Reserved84_IRQHandler</a>
 <LI><a href="#[4f]">Reserved85_IRQHandler</a>
 <LI><a href="#[52]">Reserved88_IRQHandler</a>
 <LI><a href="#[53]">Reserved89_IRQHandler</a>
 <LI><a href="#[55]">Reserved91_IRQHandler</a>
 <LI><a href="#[56]">Reserved92_IRQHandler</a>
 <LI><a href="#[57]">Reserved93_IRQHandler</a>
 <LI><a href="#[58]">Reserved94_IRQHandler</a>
 <LI><a href="#[59]">Reserved95_IRQHandler</a>
 <LI><a href="#[5a]">Reserved96_IRQHandler</a>
 <LI><a href="#[5c]">Reserved98_IRQHandler</a>
 <LI><a href="#[5d]">Reserved99_IRQHandler</a>
 <LI><a href="#[98]">SDHC_DriverIRQHandler</a>
 <LI><a href="#[8c]">SPI0_DriverIRQHandler</a>
 <LI><a href="#[8d]">SPI1_DriverIRQHandler</a>
 <LI><a href="#[95]">SPI2_DriverIRQHandler</a>
 <LI><a href="#[4a]">SWI_IRQHandler</a>
 <LI><a href="#[62]">TPM1_IRQHandler</a>
 <LI><a href="#[63]">TPM2_IRQHandler</a>
 <LI><a href="#[21]">TRNG0_IRQHandler</a>
 <LI><a href="#[61]">TSI0_IRQHandler</a>
 <LI><a href="#[3f]">USB0_IRQHandler</a>
 <LI><a href="#[40]">USBDCD_IRQHandler</a>
 <LI><a href="#[5]">UsageFault_Handler</a>
 <LI><a href="#[20]">WDOG_EWM_IRQHandler</a>
 <LI><a href="#[1]">NMI_Handler</a>
 <LI><a href="#[2]">HardFault_Handler</a>
 <LI><a href="#[6]">SVC_Handler</a>
 <LI><a href="#[8]">PendSV_Handler</a>
 <LI><a href="#[9]">SysTick_Handler</a>
 <LI><a href="#[a]">DMA0_DMA16_IRQHandler</a>
 <LI><a href="#[b]">DMA1_DMA17_IRQHandler</a>
 <LI><a href="#[c]">DMA2_DMA18_IRQHandler</a>
 <LI><a href="#[d]">DMA3_DMA19_IRQHandler</a>
 <LI><a href="#[e]">DMA4_DMA20_IRQHandler</a>
 <LI><a href="#[f]">DMA5_DMA21_IRQHandler</a>
 <LI><a href="#[10]">DMA6_DMA22_IRQHandler</a>
 <LI><a href="#[11]">DMA7_DMA23_IRQHandler</a>
 <LI><a href="#[12]">DMA8_DMA24_IRQHandler</a>
 <LI><a href="#[13]">DMA9_DMA25_IRQHandler</a>
 <LI><a href="#[14]">DMA10_DMA26_IRQHandler</a>
 <LI><a href="#[15]">DMA11_DMA27_IRQHandler</a>
 <LI><a href="#[16]">DMA12_DMA28_IRQHandler</a>
 <LI><a href="#[17]">DMA13_DMA29_IRQHandler</a>
 <LI><a href="#[18]">DMA14_DMA30_IRQHandler</a>
 <LI><a href="#[19]">DMA15_DMA31_IRQHandler</a>
 <LI><a href="#[1a]">DMA_Error_IRQHandler</a>
 <LI><a href="#[22]">I2C0_IRQHandler</a>
 <LI><a href="#[23]">I2C1_IRQHandler</a>
 <LI><a href="#[24]">SPI0_IRQHandler</a>
 <LI><a href="#[25]">SPI1_IRQHandler</a>
 <LI><a href="#[26]">I2S0_Tx_IRQHandler</a>
 <LI><a href="#[27]">I2S0_Rx_IRQHandler</a>
 <LI><a href="#[28]">LPUART0_IRQHandler</a>
 <LI><a href="#[29]">LPUART1_IRQHandler</a>
 <LI><a href="#[2a]">LPUART2_IRQHandler</a>
 <LI><a href="#[2b]">LPUART3_IRQHandler</a>
 <LI><a href="#[4b]">SPI2_IRQHandler</a>
 <LI><a href="#[50]">FLEXIO0_IRQHandler</a>
 <LI><a href="#[54]">I2C2_IRQHandler</a>
 <LI><a href="#[5b]">SDHC_IRQHandler</a>
 <LI><a href="#[65]">I2C3_IRQHandler</a>
 <LI><a href="#[6e]">QuadSPI0_IRQHandler</a>
</UL>
</UL>
<P>
<H3>
Function Pointers
</H3><UL>
 <LI><a href="#[31]">ADC0_IRQHandler</a> from startup_mk82f25615.o(.text) referenced from startup_mk82f25615.o(.isr_vector)
 <LI><a href="#[4]">BusFault_Handler</a> from startup_mk82f25615.o(.text) referenced from startup_mk82f25615.o(.isr_vector)
 <LI><a href="#[32]">CMP0_IRQHandler</a> from startup_mk82f25615.o(.text) referenced from startup_mk82f25615.o(.isr_vector)
 <LI><a href="#[33]">CMP1_IRQHandler</a> from startup_mk82f25615.o(.text) referenced from startup_mk82f25615.o(.isr_vector)
 <LI><a href="#[37]">CMT_IRQHandler</a> from startup_mk82f25615.o(.text) referenced from startup_mk82f25615.o(.isr_vector)
 <LI><a href="#[42]">DAC0_IRQHandler</a> from startup_mk82f25615.o(.text) referenced from startup_mk82f25615.o(.isr_vector)
 <LI><a href="#[79]">DMA0_DMA16_DriverIRQHandler</a> from startup_mk82f25615.o(.text) referenced from startup_mk82f25615.o(.text)
 <LI><a href="#[a]">DMA0_DMA16_IRQHandler</a> from startup_mk82f25615.o(.text) referenced from startup_mk82f25615.o(.isr_vector)
 <LI><a href="#[83]">DMA10_DMA26_DriverIRQHandler</a> from startup_mk82f25615.o(.text) referenced from startup_mk82f25615.o(.text)
 <LI><a href="#[14]">DMA10_DMA26_IRQHandler</a> from startup_mk82f25615.o(.text) referenced from startup_mk82f25615.o(.isr_vector)
 <LI><a href="#[84]">DMA11_DMA27_DriverIRQHandler</a> from startup_mk82f25615.o(.text) referenced from startup_mk82f25615.o(.text)
 <LI><a href="#[15]">DMA11_DMA27_IRQHandler</a> from startup_mk82f25615.o(.text) referenced from startup_mk82f25615.o(.isr_vector)
 <LI><a href="#[85]">DMA12_DMA28_DriverIRQHandler</a> from startup_mk82f25615.o(.text) referenced from startup_mk82f25615.o(.text)
 <LI><a href="#[16]">DMA12_DMA28_IRQHandler</a> from startup_mk82f25615.o(.text) referenced from startup_mk82f25615.o(.isr_vector)
 <LI><a href="#[86]">DMA13_DMA29_DriverIRQHandler</a> from startup_mk82f25615.o(.text) referenced from startup_mk82f25615.o(.text)
 <LI><a href="#[17]">DMA13_DMA29_IRQHandler</a> from startup_mk82f25615.o(.text) referenced from startup_mk82f25615.o(.isr_vector)
 <LI><a href="#[87]">DMA14_DMA30_DriverIRQHandler</a> from startup_mk82f25615.o(.text) referenced from startup_mk82f25615.o(.text)
 <LI><a href="#[18]">DMA14_DMA30_IRQHandler</a> from startup_mk82f25615.o(.text) referenced from startup_mk82f25615.o(.isr_vector)
 <LI><a href="#[88]">DMA15_DMA31_DriverIRQHandler</a> from startup_mk82f25615.o(.text) referenced from startup_mk82f25615.o(.text)
 <LI><a href="#[19]">DMA15_DMA31_IRQHandler</a> from startup_mk82f25615.o(.text) referenced from startup_mk82f25615.o(.isr_vector)
 <LI><a href="#[7a]">DMA1_DMA17_DriverIRQHandler</a> from startup_mk82f25615.o(.text) referenced from startup_mk82f25615.o(.text)
 <LI><a href="#[b]">DMA1_DMA17_IRQHandler</a> from startup_mk82f25615.o(.text) referenced from startup_mk82f25615.o(.isr_vector)
 <LI><a href="#[7b]">DMA2_DMA18_DriverIRQHandler</a> from startup_mk82f25615.o(.text) referenced from startup_mk82f25615.o(.text)
 <LI><a href="#[c]">DMA2_DMA18_IRQHandler</a> from startup_mk82f25615.o(.text) referenced from startup_mk82f25615.o(.isr_vector)
 <LI><a href="#[7c]">DMA3_DMA19_DriverIRQHandler</a> from startup_mk82f25615.o(.text) referenced from startup_mk82f25615.o(.text)
 <LI><a href="#[d]">DMA3_DMA19_IRQHandler</a> from startup_mk82f25615.o(.text) referenced from startup_mk82f25615.o(.isr_vector)
 <LI><a href="#[7d]">DMA4_DMA20_DriverIRQHandler</a> from startup_mk82f25615.o(.text) referenced from startup_mk82f25615.o(.text)
 <LI><a href="#[e]">DMA4_DMA20_IRQHandler</a> from startup_mk82f25615.o(.text) referenced from startup_mk82f25615.o(.isr_vector)
 <LI><a href="#[7e]">DMA5_DMA21_DriverIRQHandler</a> from startup_mk82f25615.o(.text) referenced from startup_mk82f25615.o(.text)
 <LI><a href="#[f]">DMA5_DMA21_IRQHandler</a> from startup_mk82f25615.o(.text) referenced from startup_mk82f25615.o(.isr_vector)
 <LI><a href="#[7f]">DMA6_DMA22_DriverIRQHandler</a> from startup_mk82f25615.o(.text) referenced from startup_mk82f25615.o(.text)
 <LI><a href="#[10]">DMA6_DMA22_IRQHandler</a> from startup_mk82f25615.o(.text) referenced from startup_mk82f25615.o(.isr_vector)
 <LI><a href="#[80]">DMA7_DMA23_DriverIRQHandler</a> from startup_mk82f25615.o(.text) referenced from startup_mk82f25615.o(.text)
 <LI><a href="#[11]">DMA7_DMA23_IRQHandler</a> from startup_mk82f25615.o(.text) referenced from startup_mk82f25615.o(.isr_vector)
 <LI><a href="#[81]">DMA8_DMA24_DriverIRQHandler</a> from startup_mk82f25615.o(.text) referenced from startup_mk82f25615.o(.text)
 <LI><a href="#[12]">DMA8_DMA24_IRQHandler</a> from startup_mk82f25615.o(.text) referenced from startup_mk82f25615.o(.isr_vector)
 <LI><a href="#[82]">DMA9_DMA25_DriverIRQHandler</a> from startup_mk82f25615.o(.text) referenced from startup_mk82f25615.o(.text)
 <LI><a href="#[13]">DMA9_DMA25_IRQHandler</a> from startup_mk82f25615.o(.text) referenced from startup_mk82f25615.o(.isr_vector)
 <LI><a href="#[89]">DMA_Error_DriverIRQHandler</a> from startup_mk82f25615.o(.text) referenced from startup_mk82f25615.o(.text)
 <LI><a href="#[1a]">DMA_Error_IRQHandler</a> from startup_mk82f25615.o(.text) referenced from startup_mk82f25615.o(.isr_vector)
 <LI><a href="#[7]">DebugMon_Handler</a> from startup_mk82f25615.o(.text) referenced from startup_mk82f25615.o(.isr_vector)
 <LI><a href="#[75]">DefaultISR</a> from startup_mk82f25615.o(.text) referenced 117 times from startup_mk82f25615.o(.isr_vector)
 <LI><a href="#[2f]">EMVSIM0_IRQHandler</a> from startup_mk82f25615.o(.text) referenced from startup_mk82f25615.o(.isr_vector)
 <LI><a href="#[30]">EMVSIM1_IRQHandler</a> from startup_mk82f25615.o(.text) referenced from startup_mk82f25615.o(.isr_vector)
 <LI><a href="#[96]">FLEXIO0_DriverIRQHandler</a> from startup_mk82f25615.o(.text) referenced from startup_mk82f25615.o(.text)
 <LI><a href="#[50]">FLEXIO0_IRQHandler</a> from startup_mk82f25615.o(.text) referenced from startup_mk82f25615.o(.isr_vector)
 <LI><a href="#[1c]">FTFA_IRQHandler</a> from startup_mk82f25615.o(.text) referenced from startup_mk82f25615.o(.isr_vector)
 <LI><a href="#[34]">FTM0_IRQHandler</a> from startup_mk82f25615.o(.text) referenced from startup_mk82f25615.o(.isr_vector)
 <LI><a href="#[35]">FTM1_IRQHandler</a> from startup_mk82f25615.o(.text) referenced from startup_mk82f25615.o(.isr_vector)
 <LI><a href="#[36]">FTM2_IRQHandler</a> from startup_mk82f25615.o(.text) referenced from startup_mk82f25615.o(.isr_vector)
 <LI><a href="#[51]">FTM3_IRQHandler</a> from startup_mk82f25615.o(.text) referenced from startup_mk82f25615.o(.isr_vector)
 <LI><a href="#[2]">HardFault_Handler</a> from startup_mk82f25615.o(.text) referenced from startup_mk82f25615.o(.isr_vector)
 <LI><a href="#[2]">HardFault_Handler</a> from startup_mk82f25615.o(.text) referenced from startup_mk82f25615.o(.text)
 <LI><a href="#[8a]">I2C0_DriverIRQHandler</a> from startup_mk82f25615.o(.text) referenced from startup_mk82f25615.o(.text)
 <LI><a href="#[22]">I2C0_IRQHandler</a> from startup_mk82f25615.o(.text) referenced from startup_mk82f25615.o(.isr_vector)
 <LI><a href="#[8b]">I2C1_DriverIRQHandler</a> from startup_mk82f25615.o(.text) referenced from startup_mk82f25615.o(.text)
 <LI><a href="#[23]">I2C1_IRQHandler</a> from startup_mk82f25615.o(.text) referenced from startup_mk82f25615.o(.isr_vector)
 <LI><a href="#[97]">I2C2_DriverIRQHandler</a> from startup_mk82f25615.o(.text) referenced from startup_mk82f25615.o(.text)
 <LI><a href="#[54]">I2C2_IRQHandler</a> from startup_mk82f25615.o(.text) referenced from startup_mk82f25615.o(.isr_vector)
 <LI><a href="#[99]">I2C3_DriverIRQHandler</a> from startup_mk82f25615.o(.text) referenced from startup_mk82f25615.o(.text)
 <LI><a href="#[65]">I2C3_IRQHandler</a> from startup_mk82f25615.o(.text) referenced from startup_mk82f25615.o(.isr_vector)
 <LI><a href="#[8f]">I2S0_Rx_DriverIRQHandler</a> from startup_mk82f25615.o(.text) referenced from startup_mk82f25615.o(.text)
 <LI><a href="#[27]">I2S0_Rx_IRQHandler</a> from startup_mk82f25615.o(.text) referenced from startup_mk82f25615.o(.isr_vector)
 <LI><a href="#[8e]">I2S0_Tx_DriverIRQHandler</a> from startup_mk82f25615.o(.text) referenced from startup_mk82f25615.o(.text)
 <LI><a href="#[26]">I2S0_Tx_IRQHandler</a> from startup_mk82f25615.o(.text) referenced from startup_mk82f25615.o(.isr_vector)
 <LI><a href="#[1f]">LLWU_IRQHandler</a> from startup_mk82f25615.o(.text) referenced from startup_mk82f25615.o(.isr_vector)
 <LI><a href="#[44]">LPTMR0_LPTMR1_IRQHandler</a> from startup_mk82f25615.o(.text) referenced from startup_mk82f25615.o(.isr_vector)
 <LI><a href="#[90]">LPUART0_DriverIRQHandler</a> from startup_mk82f25615.o(.text) referenced from startup_mk82f25615.o(.text)
 <LI><a href="#[28]">LPUART0_IRQHandler</a> from startup_mk82f25615.o(.text) referenced from startup_mk82f25615.o(.isr_vector)
 <LI><a href="#[91]">LPUART1_DriverIRQHandler</a> from startup_mk82f25615.o(.text) referenced from startup_mk82f25615.o(.text)
 <LI><a href="#[29]">LPUART1_IRQHandler</a> from startup_mk82f25615.o(.text) referenced from startup_mk82f25615.o(.isr_vector)
 <LI><a href="#[92]">LPUART2_DriverIRQHandler</a> from startup_mk82f25615.o(.text) referenced from startup_mk82f25615.o(.text)
 <LI><a href="#[2a]">LPUART2_IRQHandler</a> from startup_mk82f25615.o(.text) referenced from startup_mk82f25615.o(.isr_vector)
 <LI><a href="#[93]">LPUART3_DriverIRQHandler</a> from startup_mk82f25615.o(.text) referenced from startup_mk82f25615.o(.text)
 <LI><a href="#[2b]">LPUART3_IRQHandler</a> from startup_mk82f25615.o(.text) referenced from startup_mk82f25615.o(.isr_vector)
 <LI><a href="#[94]">LPUART4_DriverIRQHandler</a> from startup_mk82f25615.o(.text) referenced from startup_mk82f25615.o(.text)
 <LI><a href="#[2c]">LPUART4_IRQHandler</a> from k82f_flightcontroller.o(.text.LPUART4_IRQHandler) referenced from startup_mk82f25615.o(.isr_vector)
 <LI><a href="#[72]">LTC0_IRQHandler</a> from startup_mk82f25615.o(.text) referenced from startup_mk82f25615.o(.isr_vector)
 <LI><a href="#[1e]">LVD_LVW_IRQHandler</a> from startup_mk82f25615.o(.text) referenced from startup_mk82f25615.o(.isr_vector)
 <LI><a href="#[43]">MCG_IRQHandler</a> from startup_mk82f25615.o(.text) referenced from startup_mk82f25615.o(.isr_vector)
 <LI><a href="#[1b]">MCM_IRQHandler</a> from startup_mk82f25615.o(.text) referenced from startup_mk82f25615.o(.isr_vector)
 <LI><a href="#[3]">MemManage_Handler</a> from startup_mk82f25615.o(.text) referenced from startup_mk82f25615.o(.isr_vector)
 <LI><a href="#[1]">NMI_Handler</a> from startup_mk82f25615.o(.text) referenced from startup_mk82f25615.o(.isr_vector)
 <LI><a href="#[1]">NMI_Handler</a> from startup_mk82f25615.o(.text) referenced from startup_mk82f25615.o(.text)
 <LI><a href="#[3e]">PDB0_IRQHandler</a> from startup_mk82f25615.o(.text) referenced from startup_mk82f25615.o(.isr_vector)
 <LI><a href="#[3a]">PIT0CH0_IRQHandler</a> from startup_mk82f25615.o(.text) referenced from startup_mk82f25615.o(.isr_vector)
 <LI><a href="#[3b]">PIT0CH1_IRQHandler</a> from startup_mk82f25615.o(.text) referenced from startup_mk82f25615.o(.isr_vector)
 <LI><a href="#[3c]">PIT0CH2_IRQHandler</a> from startup_mk82f25615.o(.text) referenced from startup_mk82f25615.o(.isr_vector)
 <LI><a href="#[3d]">PIT0CH3_IRQHandler</a> from startup_mk82f25615.o(.text) referenced from startup_mk82f25615.o(.isr_vector)
 <LI><a href="#[45]">PORTA_IRQHandler</a> from startup_mk82f25615.o(.text) referenced from startup_mk82f25615.o(.isr_vector)
 <LI><a href="#[46]">PORTB_IRQHandler</a> from startup_mk82f25615.o(.text) referenced from startup_mk82f25615.o(.isr_vector)
 <LI><a href="#[47]">PORTC_IRQHandler</a> from startup_mk82f25615.o(.text) referenced from startup_mk82f25615.o(.isr_vector)
 <LI><a href="#[48]">PORTD_IRQHandler</a> from startup_mk82f25615.o(.text) referenced from startup_mk82f25615.o(.isr_vector)
 <LI><a href="#[49]">PORTE_IRQHandler</a> from startup_mk82f25615.o(.text) referenced from startup_mk82f25615.o(.isr_vector)
 <LI><a href="#[8]">PendSV_Handler</a> from startup_mk82f25615.o(.text) referenced from startup_mk82f25615.o(.isr_vector)
 <LI><a href="#[8]">PendSV_Handler</a> from startup_mk82f25615.o(.text) referenced from startup_mk82f25615.o(.text)
 <LI><a href="#[9a]">QuadSPI0_DriverIRQHandler</a> from startup_mk82f25615.o(.text) referenced from startup_mk82f25615.o(.text)
 <LI><a href="#[6e]">QuadSPI0_IRQHandler</a> from startup_mk82f25615.o(.text) referenced from startup_mk82f25615.o(.isr_vector)
 <LI><a href="#[38]">RTC_IRQHandler</a> from startup_mk82f25615.o(.text) referenced from startup_mk82f25615.o(.isr_vector)
 <LI><a href="#[39]">RTC_Seconds_IRQHandler</a> from startup_mk82f25615.o(.text) referenced from startup_mk82f25615.o(.isr_vector)
 <LI><a href="#[1d]">Read_Collision_IRQHandler</a> from startup_mk82f25615.o(.text) referenced from startup_mk82f25615.o(.isr_vector)
 <LI><a href="#[5e]">Reserved100_IRQHandler</a> from startup_mk82f25615.o(.text) referenced from startup_mk82f25615.o(.isr_vector)
 <LI><a href="#[5f]">Reserved101_IRQHandler</a> from startup_mk82f25615.o(.text) referenced from startup_mk82f25615.o(.isr_vector)
 <LI><a href="#[60]">Reserved102_IRQHandler</a> from startup_mk82f25615.o(.text) referenced from startup_mk82f25615.o(.isr_vector)
 <LI><a href="#[64]">Reserved106_IRQHandler</a> from startup_mk82f25615.o(.text) referenced from startup_mk82f25615.o(.isr_vector)
 <LI><a href="#[66]">Reserved108_IRQHandler</a> from startup_mk82f25615.o(.text) referenced from startup_mk82f25615.o(.isr_vector)
 <LI><a href="#[67]">Reserved109_IRQHandler</a> from startup_mk82f25615.o(.text) referenced from startup_mk82f25615.o(.isr_vector)
 <LI><a href="#[68]">Reserved110_IRQHandler</a> from startup_mk82f25615.o(.text) referenced from startup_mk82f25615.o(.isr_vector)
 <LI><a href="#[69]">Reserved111_IRQHandler</a> from startup_mk82f25615.o(.text) referenced from startup_mk82f25615.o(.isr_vector)
 <LI><a href="#[6a]">Reserved112_IRQHandler</a> from startup_mk82f25615.o(.text) referenced from startup_mk82f25615.o(.isr_vector)
 <LI><a href="#[6b]">Reserved113_IRQHandler</a> from startup_mk82f25615.o(.text) referenced from startup_mk82f25615.o(.isr_vector)
 <LI><a href="#[6c]">Reserved114_IRQHandler</a> from startup_mk82f25615.o(.text) referenced from startup_mk82f25615.o(.isr_vector)
 <LI><a href="#[6d]">Reserved115_IRQHandler</a> from startup_mk82f25615.o(.text) referenced from startup_mk82f25615.o(.isr_vector)
 <LI><a href="#[6f]">Reserved117_IRQHandler</a> from startup_mk82f25615.o(.text) referenced from startup_mk82f25615.o(.isr_vector)
 <LI><a href="#[70]">Reserved118_IRQHandler</a> from startup_mk82f25615.o(.text) referenced from startup_mk82f25615.o(.isr_vector)
 <LI><a href="#[71]">Reserved119_IRQHandler</a> from startup_mk82f25615.o(.text) referenced from startup_mk82f25615.o(.isr_vector)
 <LI><a href="#[73]">Reserved121_IRQHandler</a> from startup_mk82f25615.o(.text) referenced from startup_mk82f25615.o(.isr_vector)
 <LI><a href="#[74]">Reserved122_IRQHandler</a> from startup_mk82f25615.o(.text) referenced from startup_mk82f25615.o(.isr_vector)
 <LI><a href="#[2d]">Reserved51_IRQHandler</a> from startup_mk82f25615.o(.text) referenced from startup_mk82f25615.o(.isr_vector)
 <LI><a href="#[2e]">Reserved52_IRQHandler</a> from startup_mk82f25615.o(.text) referenced from startup_mk82f25615.o(.isr_vector)
 <LI><a href="#[41]">Reserved71_IRQHandler</a> from startup_mk82f25615.o(.text) referenced from startup_mk82f25615.o(.isr_vector)
 <LI><a href="#[4c]">Reserved82_IRQHandler</a> from startup_mk82f25615.o(.text) referenced from startup_mk82f25615.o(.isr_vector)
 <LI><a href="#[4d]">Reserved83_IRQHandler</a> from startup_mk82f25615.o(.text) referenced from startup_mk82f25615.o(.isr_vector)
 <LI><a href="#[4e]">Reserved84_IRQHandler</a> from startup_mk82f25615.o(.text) referenced from startup_mk82f25615.o(.isr_vector)
 <LI><a href="#[4f]">Reserved85_IRQHandler</a> from startup_mk82f25615.o(.text) referenced from startup_mk82f25615.o(.isr_vector)
 <LI><a href="#[52]">Reserved88_IRQHandler</a> from startup_mk82f25615.o(.text) referenced from startup_mk82f25615.o(.isr_vector)
 <LI><a href="#[53]">Reserved89_IRQHandler</a> from startup_mk82f25615.o(.text) referenced from startup_mk82f25615.o(.isr_vector)
 <LI><a href="#[55]">Reserved91_IRQHandler</a> from startup_mk82f25615.o(.text) referenced from startup_mk82f25615.o(.isr_vector)
 <LI><a href="#[56]">Reserved92_IRQHandler</a> from startup_mk82f25615.o(.text) referenced from startup_mk82f25615.o(.isr_vector)
 <LI><a href="#[57]">Reserved93_IRQHandler</a> from startup_mk82f25615.o(.text) referenced from startup_mk82f25615.o(.isr_vector)
 <LI><a href="#[58]">Reserved94_IRQHandler</a> from startup_mk82f25615.o(.text) referenced from startup_mk82f25615.o(.isr_vector)
 <LI><a href="#[59]">Reserved95_IRQHandler</a> from startup_mk82f25615.o(.text) referenced from startup_mk82f25615.o(.isr_vector)
 <LI><a href="#[5a]">Reserved96_IRQHandler</a> from startup_mk82f25615.o(.text) referenced from startup_mk82f25615.o(.isr_vector)
 <LI><a href="#[5c]">Reserved98_IRQHandler</a> from startup_mk82f25615.o(.text) referenced from startup_mk82f25615.o(.isr_vector)
 <LI><a href="#[5d]">Reserved99_IRQHandler</a> from startup_mk82f25615.o(.text) referenced from startup_mk82f25615.o(.isr_vector)
 <LI><a href="#[0]">Reset_Handler</a> from startup_mk82f25615.o(.text) referenced from startup_mk82f25615.o(.isr_vector)
 <LI><a href="#[98]">SDHC_DriverIRQHandler</a> from startup_mk82f25615.o(.text) referenced from startup_mk82f25615.o(.text)
 <LI><a href="#[5b]">SDHC_IRQHandler</a> from startup_mk82f25615.o(.text) referenced from startup_mk82f25615.o(.isr_vector)
 <LI><a href="#[8c]">SPI0_DriverIRQHandler</a> from startup_mk82f25615.o(.text) referenced from startup_mk82f25615.o(.text)
 <LI><a href="#[24]">SPI0_IRQHandler</a> from startup_mk82f25615.o(.text) referenced from startup_mk82f25615.o(.isr_vector)
 <LI><a href="#[8d]">SPI1_DriverIRQHandler</a> from startup_mk82f25615.o(.text) referenced from startup_mk82f25615.o(.text)
 <LI><a href="#[25]">SPI1_IRQHandler</a> from startup_mk82f25615.o(.text) referenced from startup_mk82f25615.o(.isr_vector)
 <LI><a href="#[95]">SPI2_DriverIRQHandler</a> from startup_mk82f25615.o(.text) referenced from startup_mk82f25615.o(.text)
 <LI><a href="#[4b]">SPI2_IRQHandler</a> from startup_mk82f25615.o(.text) referenced from startup_mk82f25615.o(.isr_vector)
 <LI><a href="#[6]">SVC_Handler</a> from startup_mk82f25615.o(.text) referenced from startup_mk82f25615.o(.isr_vector)
 <LI><a href="#[6]">SVC_Handler</a> from startup_mk82f25615.o(.text) referenced from startup_mk82f25615.o(.text)
 <LI><a href="#[4a]">SWI_IRQHandler</a> from startup_mk82f25615.o(.text) referenced from startup_mk82f25615.o(.isr_vector)
 <LI><a href="#[9]">SysTick_Handler</a> from startup_mk82f25615.o(.text) referenced from startup_mk82f25615.o(.isr_vector)
 <LI><a href="#[9]">SysTick_Handler</a> from startup_mk82f25615.o(.text) referenced from startup_mk82f25615.o(.text)
 <LI><a href="#[77]">SystemInit</a> from system_mk82f25615.o(.text.SystemInit) referenced from startup_mk82f25615.o(.text)
 <LI><a href="#[62]">TPM1_IRQHandler</a> from startup_mk82f25615.o(.text) referenced from startup_mk82f25615.o(.isr_vector)
 <LI><a href="#[63]">TPM2_IRQHandler</a> from startup_mk82f25615.o(.text) referenced from startup_mk82f25615.o(.isr_vector)
 <LI><a href="#[21]">TRNG0_IRQHandler</a> from startup_mk82f25615.o(.text) referenced from startup_mk82f25615.o(.isr_vector)
 <LI><a href="#[61]">TSI0_IRQHandler</a> from startup_mk82f25615.o(.text) referenced from startup_mk82f25615.o(.isr_vector)
 <LI><a href="#[3f]">USB0_IRQHandler</a> from startup_mk82f25615.o(.text) referenced from startup_mk82f25615.o(.isr_vector)
 <LI><a href="#[40]">USBDCD_IRQHandler</a> from startup_mk82f25615.o(.text) referenced from startup_mk82f25615.o(.isr_vector)
 <LI><a href="#[5]">UsageFault_Handler</a> from startup_mk82f25615.o(.text) referenced from startup_mk82f25615.o(.isr_vector)
 <LI><a href="#[20]">WDOG_EWM_IRQHandler</a> from startup_mk82f25615.o(.text) referenced from startup_mk82f25615.o(.isr_vector)
 <LI><a href="#[78]">__main</a> from entry.o(.ARM.Collect$$$$00000000) referenced from startup_mk82f25615.o(.text)
 <LI><a href="#[9b]">fputc</a> from k82f_flightcontroller.o(.text.fputc) referenced from printf8.o(i.__0printf$8)
 <LI><a href="#[76]">main</a> from k82f_flightcontroller.o(.text.main) referenced from entry9a.o(.ARM.Collect$$$$0000000B)
</UL>
<P>
<H3>
Global Symbols
</H3>
<P><STRONG><a name="[78]"></a>__main</STRONG> (Thumb, 0 bytes, Stack size unknown bytes, entry.o(.ARM.Collect$$$$00000000))
<BR>[Address Reference Count : 1]<UL><LI> startup_mk82f25615.o(.text)
</UL>
<P><STRONG><a name="[b7]"></a>_main_stk</STRONG> (Thumb, 0 bytes, Stack size unknown bytes, entry4.o(.ARM.Collect$$$$00000003))

<P><STRONG><a name="[9c]"></a>_main_scatterload</STRONG> (Thumb, 0 bytes, Stack size unknown bytes, entry5.o(.ARM.Collect$$$$00000004))
<BR><BR>[Calls]<UL><LI><a href="#[9d]">&gt;&gt;</a>&nbsp;&nbsp;&nbsp;__scatterload
</UL>

<P><STRONG><a name="[a6]"></a>__main_after_scatterload</STRONG> (Thumb, 0 bytes, Stack size unknown bytes, entry5.o(.ARM.Collect$$$$00000004))
<BR><BR>[Called By]<UL><LI><a href="#[9d]">&gt;&gt;</a>&nbsp;&nbsp;&nbsp;__scatterload
</UL>

<P><STRONG><a name="[b8]"></a>_main_clock</STRONG> (Thumb, 0 bytes, Stack size unknown bytes, entry7b.o(.ARM.Collect$$$$00000008))

<P><STRONG><a name="[b9]"></a>_main_cpp_init</STRONG> (Thumb, 0 bytes, Stack size unknown bytes, entry8b.o(.ARM.Collect$$$$0000000A))

<P><STRONG><a name="[ba]"></a>_main_init</STRONG> (Thumb, 0 bytes, Stack size unknown bytes, entry9a.o(.ARM.Collect$$$$0000000B))

<P><STRONG><a name="[bb]"></a>__rt_final_cpp</STRONG> (Thumb, 0 bytes, Stack size unknown bytes, entry10a.o(.ARM.Collect$$$$0000000D))

<P><STRONG><a name="[bc]"></a>__rt_final_exit</STRONG> (Thumb, 0 bytes, Stack size unknown bytes, entry11a.o(.ARM.Collect$$$$0000000F))

<P><STRONG><a name="[0]"></a>Reset_Handler</STRONG> (Thumb, 40 bytes, Stack size unknown bytes, startup_mk82f25615.o(.text))
<BR>[Address Reference Count : 1]<UL><LI> startup_mk82f25615.o(.isr_vector)
</UL>
<P><STRONG><a name="[31]"></a>ADC0_IRQHandler</STRONG> (Thumb, 4 bytes, Stack size unknown bytes, startup_mk82f25615.o(.text))
<BR><BR>[Calls]<UL><LI><a href="#[75]">&gt;&gt;</a>&nbsp;&nbsp;&nbsp;DefaultISR
</UL>
<BR>[Address Reference Count : 1]<UL><LI> startup_mk82f25615.o(.isr_vector)
</UL>
<P><STRONG><a name="[4]"></a>BusFault_Handler</STRONG> (Thumb, 4 bytes, Stack size unknown bytes, startup_mk82f25615.o(.text))
<BR>[Address Reference Count : 1]<UL><LI> startup_mk82f25615.o(.isr_vector)
</UL>
<P><STRONG><a name="[32]"></a>CMP0_IRQHandler</STRONG> (Thumb, 4 bytes, Stack size unknown bytes, startup_mk82f25615.o(.text))
<BR>[Address Reference Count : 1]<UL><LI> startup_mk82f25615.o(.isr_vector)
</UL>
<P><STRONG><a name="[33]"></a>CMP1_IRQHandler</STRONG> (Thumb, 4 bytes, Stack size unknown bytes, startup_mk82f25615.o(.text))
<BR>[Address Reference Count : 1]<UL><LI> startup_mk82f25615.o(.isr_vector)
</UL>
<P><STRONG><a name="[37]"></a>CMT_IRQHandler</STRONG> (Thumb, 4 bytes, Stack size unknown bytes, startup_mk82f25615.o(.text))
<BR>[Address Reference Count : 1]<UL><LI> startup_mk82f25615.o(.isr_vector)
</UL>
<P><STRONG><a name="[42]"></a>DAC0_IRQHandler</STRONG> (Thumb, 4 bytes, Stack size unknown bytes, startup_mk82f25615.o(.text))
<BR>[Address Reference Count : 1]<UL><LI> startup_mk82f25615.o(.isr_vector)
</UL>
<P><STRONG><a name="[79]"></a>DMA0_DMA16_DriverIRQHandler</STRONG> (Thumb, 4 bytes, Stack size unknown bytes, startup_mk82f25615.o(.text))
<BR>[Address Reference Count : 1]<UL><LI> startup_mk82f25615.o(.text)
</UL>
<P><STRONG><a name="[83]"></a>DMA10_DMA26_DriverIRQHandler</STRONG> (Thumb, 4 bytes, Stack size unknown bytes, startup_mk82f25615.o(.text))
<BR>[Address Reference Count : 1]<UL><LI> startup_mk82f25615.o(.text)
</UL>
<P><STRONG><a name="[84]"></a>DMA11_DMA27_DriverIRQHandler</STRONG> (Thumb, 4 bytes, Stack size unknown bytes, startup_mk82f25615.o(.text))
<BR>[Address Reference Count : 1]<UL><LI> startup_mk82f25615.o(.text)
</UL>
<P><STRONG><a name="[85]"></a>DMA12_DMA28_DriverIRQHandler</STRONG> (Thumb, 4 bytes, Stack size unknown bytes, startup_mk82f25615.o(.text))
<BR>[Address Reference Count : 1]<UL><LI> startup_mk82f25615.o(.text)
</UL>
<P><STRONG><a name="[86]"></a>DMA13_DMA29_DriverIRQHandler</STRONG> (Thumb, 4 bytes, Stack size unknown bytes, startup_mk82f25615.o(.text))
<BR>[Address Reference Count : 1]<UL><LI> startup_mk82f25615.o(.text)
</UL>
<P><STRONG><a name="[87]"></a>DMA14_DMA30_DriverIRQHandler</STRONG> (Thumb, 4 bytes, Stack size unknown bytes, startup_mk82f25615.o(.text))
<BR>[Address Reference Count : 1]<UL><LI> startup_mk82f25615.o(.text)
</UL>
<P><STRONG><a name="[88]"></a>DMA15_DMA31_DriverIRQHandler</STRONG> (Thumb, 4 bytes, Stack size unknown bytes, startup_mk82f25615.o(.text))
<BR>[Address Reference Count : 1]<UL><LI> startup_mk82f25615.o(.text)
</UL>
<P><STRONG><a name="[7a]"></a>DMA1_DMA17_DriverIRQHandler</STRONG> (Thumb, 4 bytes, Stack size unknown bytes, startup_mk82f25615.o(.text))
<BR>[Address Reference Count : 1]<UL><LI> startup_mk82f25615.o(.text)
</UL>
<P><STRONG><a name="[7b]"></a>DMA2_DMA18_DriverIRQHandler</STRONG> (Thumb, 4 bytes, Stack size unknown bytes, startup_mk82f25615.o(.text))
<BR>[Address Reference Count : 1]<UL><LI> startup_mk82f25615.o(.text)
</UL>
<P><STRONG><a name="[7c]"></a>DMA3_DMA19_DriverIRQHandler</STRONG> (Thumb, 4 bytes, Stack size unknown bytes, startup_mk82f25615.o(.text))
<BR>[Address Reference Count : 1]<UL><LI> startup_mk82f25615.o(.text)
</UL>
<P><STRONG><a name="[7d]"></a>DMA4_DMA20_DriverIRQHandler</STRONG> (Thumb, 4 bytes, Stack size unknown bytes, startup_mk82f25615.o(.text))
<BR>[Address Reference Count : 1]<UL><LI> startup_mk82f25615.o(.text)
</UL>
<P><STRONG><a name="[7e]"></a>DMA5_DMA21_DriverIRQHandler</STRONG> (Thumb, 4 bytes, Stack size unknown bytes, startup_mk82f25615.o(.text))
<BR>[Address Reference Count : 1]<UL><LI> startup_mk82f25615.o(.text)
</UL>
<P><STRONG><a name="[7f]"></a>DMA6_DMA22_DriverIRQHandler</STRONG> (Thumb, 4 bytes, Stack size unknown bytes, startup_mk82f25615.o(.text))
<BR>[Address Reference Count : 1]<UL><LI> startup_mk82f25615.o(.text)
</UL>
<P><STRONG><a name="[80]"></a>DMA7_DMA23_DriverIRQHandler</STRONG> (Thumb, 4 bytes, Stack size unknown bytes, startup_mk82f25615.o(.text))
<BR>[Address Reference Count : 1]<UL><LI> startup_mk82f25615.o(.text)
</UL>
<P><STRONG><a name="[81]"></a>DMA8_DMA24_DriverIRQHandler</STRONG> (Thumb, 4 bytes, Stack size unknown bytes, startup_mk82f25615.o(.text))
<BR>[Address Reference Count : 1]<UL><LI> startup_mk82f25615.o(.text)
</UL>
<P><STRONG><a name="[82]"></a>DMA9_DMA25_DriverIRQHandler</STRONG> (Thumb, 4 bytes, Stack size unknown bytes, startup_mk82f25615.o(.text))
<BR>[Address Reference Count : 1]<UL><LI> startup_mk82f25615.o(.text)
</UL>
<P><STRONG><a name="[89]"></a>DMA_Error_DriverIRQHandler</STRONG> (Thumb, 4 bytes, Stack size unknown bytes, startup_mk82f25615.o(.text))
<BR>[Address Reference Count : 1]<UL><LI> startup_mk82f25615.o(.text)
</UL>
<P><STRONG><a name="[7]"></a>DebugMon_Handler</STRONG> (Thumb, 4 bytes, Stack size unknown bytes, startup_mk82f25615.o(.text))
<BR>[Address Reference Count : 1]<UL><LI> startup_mk82f25615.o(.isr_vector)
</UL>
<P><STRONG><a name="[75]"></a>DefaultISR</STRONG> (Thumb, 4 bytes, Stack size unknown bytes, startup_mk82f25615.o(.text))
<BR><BR>[Called By]<UL><LI><a href="#[31]">&gt;&gt;</a>&nbsp;&nbsp;&nbsp;ADC0_IRQHandler
</UL>
<BR>[Address Reference Count : 1]<UL><LI> startup_mk82f25615.o(.isr_vector)
</UL>
<P><STRONG><a name="[2f]"></a>EMVSIM0_IRQHandler</STRONG> (Thumb, 4 bytes, Stack size unknown bytes, startup_mk82f25615.o(.text))
<BR>[Address Reference Count : 1]<UL><LI> startup_mk82f25615.o(.isr_vector)
</UL>
<P><STRONG><a name="[30]"></a>EMVSIM1_IRQHandler</STRONG> (Thumb, 4 bytes, Stack size unknown bytes, startup_mk82f25615.o(.text))
<BR>[Address Reference Count : 1]<UL><LI> startup_mk82f25615.o(.isr_vector)
</UL>
<P><STRONG><a name="[96]"></a>FLEXIO0_DriverIRQHandler</STRONG> (Thumb, 4 bytes, Stack size unknown bytes, startup_mk82f25615.o(.text))
<BR>[Address Reference Count : 1]<UL><LI> startup_mk82f25615.o(.text)
</UL>
<P><STRONG><a name="[1c]"></a>FTFA_IRQHandler</STRONG> (Thumb, 4 bytes, Stack size unknown bytes, startup_mk82f25615.o(.text))
<BR>[Address Reference Count : 1]<UL><LI> startup_mk82f25615.o(.isr_vector)
</UL>
<P><STRONG><a name="[34]"></a>FTM0_IRQHandler</STRONG> (Thumb, 4 bytes, Stack size unknown bytes, startup_mk82f25615.o(.text))
<BR>[Address Reference Count : 1]<UL><LI> startup_mk82f25615.o(.isr_vector)
</UL>
<P><STRONG><a name="[35]"></a>FTM1_IRQHandler</STRONG> (Thumb, 4 bytes, Stack size unknown bytes, startup_mk82f25615.o(.text))
<BR>[Address Reference Count : 1]<UL><LI> startup_mk82f25615.o(.isr_vector)
</UL>
<P><STRONG><a name="[36]"></a>FTM2_IRQHandler</STRONG> (Thumb, 4 bytes, Stack size unknown bytes, startup_mk82f25615.o(.text))
<BR>[Address Reference Count : 1]<UL><LI> startup_mk82f25615.o(.isr_vector)
</UL>
<P><STRONG><a name="[51]"></a>FTM3_IRQHandler</STRONG> (Thumb, 4 bytes, Stack size unknown bytes, startup_mk82f25615.o(.text))
<BR>[Address Reference Count : 1]<UL><LI> startup_mk82f25615.o(.isr_vector)
</UL>
<P><STRONG><a name="[8a]"></a>I2C0_DriverIRQHandler</STRONG> (Thumb, 4 bytes, Stack size unknown bytes, startup_mk82f25615.o(.text))
<BR>[Address Reference Count : 1]<UL><LI> startup_mk82f25615.o(.text)
</UL>
<P><STRONG><a name="[8b]"></a>I2C1_DriverIRQHandler</STRONG> (Thumb, 4 bytes, Stack size unknown bytes, startup_mk82f25615.o(.text))
<BR>[Address Reference Count : 1]<UL><LI> startup_mk82f25615.o(.text)
</UL>
<P><STRONG><a name="[97]"></a>I2C2_DriverIRQHandler</STRONG> (Thumb, 4 bytes, Stack size unknown bytes, startup_mk82f25615.o(.text))
<BR>[Address Reference Count : 1]<UL><LI> startup_mk82f25615.o(.text)
</UL>
<P><STRONG><a name="[99]"></a>I2C3_DriverIRQHandler</STRONG> (Thumb, 4 bytes, Stack size unknown bytes, startup_mk82f25615.o(.text))
<BR>[Address Reference Count : 1]<UL><LI> startup_mk82f25615.o(.text)
</UL>
<P><STRONG><a name="[8f]"></a>I2S0_Rx_DriverIRQHandler</STRONG> (Thumb, 4 bytes, Stack size unknown bytes, startup_mk82f25615.o(.text))
<BR>[Address Reference Count : 1]<UL><LI> startup_mk82f25615.o(.text)
</UL>
<P><STRONG><a name="[8e]"></a>I2S0_Tx_DriverIRQHandler</STRONG> (Thumb, 4 bytes, Stack size unknown bytes, startup_mk82f25615.o(.text))
<BR>[Address Reference Count : 1]<UL><LI> startup_mk82f25615.o(.text)
</UL>
<P><STRONG><a name="[1f]"></a>LLWU_IRQHandler</STRONG> (Thumb, 4 bytes, Stack size unknown bytes, startup_mk82f25615.o(.text))
<BR>[Address Reference Count : 1]<UL><LI> startup_mk82f25615.o(.isr_vector)
</UL>
<P><STRONG><a name="[44]"></a>LPTMR0_LPTMR1_IRQHandler</STRONG> (Thumb, 4 bytes, Stack size unknown bytes, startup_mk82f25615.o(.text))
<BR>[Address Reference Count : 1]<UL><LI> startup_mk82f25615.o(.isr_vector)
</UL>
<P><STRONG><a name="[90]"></a>LPUART0_DriverIRQHandler</STRONG> (Thumb, 4 bytes, Stack size unknown bytes, startup_mk82f25615.o(.text))
<BR>[Address Reference Count : 1]<UL><LI> startup_mk82f25615.o(.text)
</UL>
<P><STRONG><a name="[91]"></a>LPUART1_DriverIRQHandler</STRONG> (Thumb, 4 bytes, Stack size unknown bytes, startup_mk82f25615.o(.text))
<BR>[Address Reference Count : 1]<UL><LI> startup_mk82f25615.o(.text)
</UL>
<P><STRONG><a name="[92]"></a>LPUART2_DriverIRQHandler</STRONG> (Thumb, 4 bytes, Stack size unknown bytes, startup_mk82f25615.o(.text))
<BR>[Address Reference Count : 1]<UL><LI> startup_mk82f25615.o(.text)
</UL>
<P><STRONG><a name="[93]"></a>LPUART3_DriverIRQHandler</STRONG> (Thumb, 4 bytes, Stack size unknown bytes, startup_mk82f25615.o(.text))
<BR>[Address Reference Count : 1]<UL><LI> startup_mk82f25615.o(.text)
</UL>
<P><STRONG><a name="[94]"></a>LPUART4_DriverIRQHandler</STRONG> (Thumb, 4 bytes, Stack size unknown bytes, startup_mk82f25615.o(.text))
<BR>[Address Reference Count : 1]<UL><LI> startup_mk82f25615.o(.text)
</UL>
<P><STRONG><a name="[72]"></a>LTC0_IRQHandler</STRONG> (Thumb, 4 bytes, Stack size unknown bytes, startup_mk82f25615.o(.text))
<BR>[Address Reference Count : 1]<UL><LI> startup_mk82f25615.o(.isr_vector)
</UL>
<P><STRONG><a name="[1e]"></a>LVD_LVW_IRQHandler</STRONG> (Thumb, 4 bytes, Stack size unknown bytes, startup_mk82f25615.o(.text))
<BR>[Address Reference Count : 1]<UL><LI> startup_mk82f25615.o(.isr_vector)
</UL>
<P><STRONG><a name="[43]"></a>MCG_IRQHandler</STRONG> (Thumb, 4 bytes, Stack size unknown bytes, startup_mk82f25615.o(.text))
<BR>[Address Reference Count : 1]<UL><LI> startup_mk82f25615.o(.isr_vector)
</UL>
<P><STRONG><a name="[1b]"></a>MCM_IRQHandler</STRONG> (Thumb, 4 bytes, Stack size unknown bytes, startup_mk82f25615.o(.text))
<BR>[Address Reference Count : 1]<UL><LI> startup_mk82f25615.o(.isr_vector)
</UL>
<P><STRONG><a name="[3]"></a>MemManage_Handler</STRONG> (Thumb, 4 bytes, Stack size unknown bytes, startup_mk82f25615.o(.text))
<BR>[Address Reference Count : 1]<UL><LI> startup_mk82f25615.o(.isr_vector)
</UL>
<P><STRONG><a name="[3e]"></a>PDB0_IRQHandler</STRONG> (Thumb, 4 bytes, Stack size unknown bytes, startup_mk82f25615.o(.text))
<BR>[Address Reference Count : 1]<UL><LI> startup_mk82f25615.o(.isr_vector)
</UL>
<P><STRONG><a name="[3a]"></a>PIT0CH0_IRQHandler</STRONG> (Thumb, 4 bytes, Stack size unknown bytes, startup_mk82f25615.o(.text))
<BR>[Address Reference Count : 1]<UL><LI> startup_mk82f25615.o(.isr_vector)
</UL>
<P><STRONG><a name="[3b]"></a>PIT0CH1_IRQHandler</STRONG> (Thumb, 4 bytes, Stack size unknown bytes, startup_mk82f25615.o(.text))
<BR>[Address Reference Count : 1]<UL><LI> startup_mk82f25615.o(.isr_vector)
</UL>
<P><STRONG><a name="[3c]"></a>PIT0CH2_IRQHandler</STRONG> (Thumb, 4 bytes, Stack size unknown bytes, startup_mk82f25615.o(.text))
<BR>[Address Reference Count : 1]<UL><LI> startup_mk82f25615.o(.isr_vector)
</UL>
<P><STRONG><a name="[3d]"></a>PIT0CH3_IRQHandler</STRONG> (Thumb, 4 bytes, Stack size unknown bytes, startup_mk82f25615.o(.text))
<BR>[Address Reference Count : 1]<UL><LI> startup_mk82f25615.o(.isr_vector)
</UL>
<P><STRONG><a name="[45]"></a>PORTA_IRQHandler</STRONG> (Thumb, 4 bytes, Stack size unknown bytes, startup_mk82f25615.o(.text))
<BR>[Address Reference Count : 1]<UL><LI> startup_mk82f25615.o(.isr_vector)
</UL>
<P><STRONG><a name="[46]"></a>PORTB_IRQHandler</STRONG> (Thumb, 4 bytes, Stack size unknown bytes, startup_mk82f25615.o(.text))
<BR>[Address Reference Count : 1]<UL><LI> startup_mk82f25615.o(.isr_vector)
</UL>
<P><STRONG><a name="[47]"></a>PORTC_IRQHandler</STRONG> (Thumb, 4 bytes, Stack size unknown bytes, startup_mk82f25615.o(.text))
<BR>[Address Reference Count : 1]<UL><LI> startup_mk82f25615.o(.isr_vector)
</UL>
<P><STRONG><a name="[48]"></a>PORTD_IRQHandler</STRONG> (Thumb, 4 bytes, Stack size unknown bytes, startup_mk82f25615.o(.text))
<BR>[Address Reference Count : 1]<UL><LI> startup_mk82f25615.o(.isr_vector)
</UL>
<P><STRONG><a name="[49]"></a>PORTE_IRQHandler</STRONG> (Thumb, 4 bytes, Stack size unknown bytes, startup_mk82f25615.o(.text))
<BR>[Address Reference Count : 1]<UL><LI> startup_mk82f25615.o(.isr_vector)
</UL>
<P><STRONG><a name="[9a]"></a>QuadSPI0_DriverIRQHandler</STRONG> (Thumb, 4 bytes, Stack size unknown bytes, startup_mk82f25615.o(.text))
<BR>[Address Reference Count : 1]<UL><LI> startup_mk82f25615.o(.text)
</UL>
<P><STRONG><a name="[38]"></a>RTC_IRQHandler</STRONG> (Thumb, 4 bytes, Stack size unknown bytes, startup_mk82f25615.o(.text))
<BR>[Address Reference Count : 1]<UL><LI> startup_mk82f25615.o(.isr_vector)
</UL>
<P><STRONG><a name="[39]"></a>RTC_Seconds_IRQHandler</STRONG> (Thumb, 4 bytes, Stack size unknown bytes, startup_mk82f25615.o(.text))
<BR>[Address Reference Count : 1]<UL><LI> startup_mk82f25615.o(.isr_vector)
</UL>
<P><STRONG><a name="[1d]"></a>Read_Collision_IRQHandler</STRONG> (Thumb, 4 bytes, Stack size unknown bytes, startup_mk82f25615.o(.text))
<BR>[Address Reference Count : 1]<UL><LI> startup_mk82f25615.o(.isr_vector)
</UL>
<P><STRONG><a name="[5e]"></a>Reserved100_IRQHandler</STRONG> (Thumb, 4 bytes, Stack size unknown bytes, startup_mk82f25615.o(.text))
<BR>[Address Reference Count : 1]<UL><LI> startup_mk82f25615.o(.isr_vector)
</UL>
<P><STRONG><a name="[5f]"></a>Reserved101_IRQHandler</STRONG> (Thumb, 4 bytes, Stack size unknown bytes, startup_mk82f25615.o(.text))
<BR>[Address Reference Count : 1]<UL><LI> startup_mk82f25615.o(.isr_vector)
</UL>
<P><STRONG><a name="[60]"></a>Reserved102_IRQHandler</STRONG> (Thumb, 4 bytes, Stack size unknown bytes, startup_mk82f25615.o(.text))
<BR>[Address Reference Count : 1]<UL><LI> startup_mk82f25615.o(.isr_vector)
</UL>
<P><STRONG><a name="[64]"></a>Reserved106_IRQHandler</STRONG> (Thumb, 4 bytes, Stack size unknown bytes, startup_mk82f25615.o(.text))
<BR>[Address Reference Count : 1]<UL><LI> startup_mk82f25615.o(.isr_vector)
</UL>
<P><STRONG><a name="[66]"></a>Reserved108_IRQHandler</STRONG> (Thumb, 4 bytes, Stack size unknown bytes, startup_mk82f25615.o(.text))
<BR>[Address Reference Count : 1]<UL><LI> startup_mk82f25615.o(.isr_vector)
</UL>
<P><STRONG><a name="[67]"></a>Reserved109_IRQHandler</STRONG> (Thumb, 4 bytes, Stack size unknown bytes, startup_mk82f25615.o(.text))
<BR>[Address Reference Count : 1]<UL><LI> startup_mk82f25615.o(.isr_vector)
</UL>
<P><STRONG><a name="[68]"></a>Reserved110_IRQHandler</STRONG> (Thumb, 4 bytes, Stack size unknown bytes, startup_mk82f25615.o(.text))
<BR>[Address Reference Count : 1]<UL><LI> startup_mk82f25615.o(.isr_vector)
</UL>
<P><STRONG><a name="[69]"></a>Reserved111_IRQHandler</STRONG> (Thumb, 4 bytes, Stack size unknown bytes, startup_mk82f25615.o(.text))
<BR>[Address Reference Count : 1]<UL><LI> startup_mk82f25615.o(.isr_vector)
</UL>
<P><STRONG><a name="[6a]"></a>Reserved112_IRQHandler</STRONG> (Thumb, 4 bytes, Stack size unknown bytes, startup_mk82f25615.o(.text))
<BR>[Address Reference Count : 1]<UL><LI> startup_mk82f25615.o(.isr_vector)
</UL>
<P><STRONG><a name="[6b]"></a>Reserved113_IRQHandler</STRONG> (Thumb, 4 bytes, Stack size unknown bytes, startup_mk82f25615.o(.text))
<BR>[Address Reference Count : 1]<UL><LI> startup_mk82f25615.o(.isr_vector)
</UL>
<P><STRONG><a name="[6c]"></a>Reserved114_IRQHandler</STRONG> (Thumb, 4 bytes, Stack size unknown bytes, startup_mk82f25615.o(.text))
<BR>[Address Reference Count : 1]<UL><LI> startup_mk82f25615.o(.isr_vector)
</UL>
<P><STRONG><a name="[6d]"></a>Reserved115_IRQHandler</STRONG> (Thumb, 4 bytes, Stack size unknown bytes, startup_mk82f25615.o(.text))
<BR>[Address Reference Count : 1]<UL><LI> startup_mk82f25615.o(.isr_vector)
</UL>
<P><STRONG><a name="[6f]"></a>Reserved117_IRQHandler</STRONG> (Thumb, 4 bytes, Stack size unknown bytes, startup_mk82f25615.o(.text))
<BR>[Address Reference Count : 1]<UL><LI> startup_mk82f25615.o(.isr_vector)
</UL>
<P><STRONG><a name="[70]"></a>Reserved118_IRQHandler</STRONG> (Thumb, 4 bytes, Stack size unknown bytes, startup_mk82f25615.o(.text))
<BR>[Address Reference Count : 1]<UL><LI> startup_mk82f25615.o(.isr_vector)
</UL>
<P><STRONG><a name="[71]"></a>Reserved119_IRQHandler</STRONG> (Thumb, 4 bytes, Stack size unknown bytes, startup_mk82f25615.o(.text))
<BR>[Address Reference Count : 1]<UL><LI> startup_mk82f25615.o(.isr_vector)
</UL>
<P><STRONG><a name="[73]"></a>Reserved121_IRQHandler</STRONG> (Thumb, 4 bytes, Stack size unknown bytes, startup_mk82f25615.o(.text))
<BR>[Address Reference Count : 1]<UL><LI> startup_mk82f25615.o(.isr_vector)
</UL>
<P><STRONG><a name="[74]"></a>Reserved122_IRQHandler</STRONG> (Thumb, 4 bytes, Stack size unknown bytes, startup_mk82f25615.o(.text))
<BR>[Address Reference Count : 1]<UL><LI> startup_mk82f25615.o(.isr_vector)
</UL>
<P><STRONG><a name="[2d]"></a>Reserved51_IRQHandler</STRONG> (Thumb, 4 bytes, Stack size unknown bytes, startup_mk82f25615.o(.text))
<BR>[Address Reference Count : 1]<UL><LI> startup_mk82f25615.o(.isr_vector)
</UL>
<P><STRONG><a name="[2e]"></a>Reserved52_IRQHandler</STRONG> (Thumb, 4 bytes, Stack size unknown bytes, startup_mk82f25615.o(.text))
<BR>[Address Reference Count : 1]<UL><LI> startup_mk82f25615.o(.isr_vector)
</UL>
<P><STRONG><a name="[41]"></a>Reserved71_IRQHandler</STRONG> (Thumb, 4 bytes, Stack size unknown bytes, startup_mk82f25615.o(.text))
<BR>[Address Reference Count : 1]<UL><LI> startup_mk82f25615.o(.isr_vector)
</UL>
<P><STRONG><a name="[4c]"></a>Reserved82_IRQHandler</STRONG> (Thumb, 4 bytes, Stack size unknown bytes, startup_mk82f25615.o(.text))
<BR>[Address Reference Count : 1]<UL><LI> startup_mk82f25615.o(.isr_vector)
</UL>
<P><STRONG><a name="[4d]"></a>Reserved83_IRQHandler</STRONG> (Thumb, 4 bytes, Stack size unknown bytes, startup_mk82f25615.o(.text))
<BR>[Address Reference Count : 1]<UL><LI> startup_mk82f25615.o(.isr_vector)
</UL>
<P><STRONG><a name="[4e]"></a>Reserved84_IRQHandler</STRONG> (Thumb, 4 bytes, Stack size unknown bytes, startup_mk82f25615.o(.text))
<BR>[Address Reference Count : 1]<UL><LI> startup_mk82f25615.o(.isr_vector)
</UL>
<P><STRONG><a name="[4f]"></a>Reserved85_IRQHandler</STRONG> (Thumb, 4 bytes, Stack size unknown bytes, startup_mk82f25615.o(.text))
<BR>[Address Reference Count : 1]<UL><LI> startup_mk82f25615.o(.isr_vector)
</UL>
<P><STRONG><a name="[52]"></a>Reserved88_IRQHandler</STRONG> (Thumb, 4 bytes, Stack size unknown bytes, startup_mk82f25615.o(.text))
<BR>[Address Reference Count : 1]<UL><LI> startup_mk82f25615.o(.isr_vector)
</UL>
<P><STRONG><a name="[53]"></a>Reserved89_IRQHandler</STRONG> (Thumb, 4 bytes, Stack size unknown bytes, startup_mk82f25615.o(.text))
<BR>[Address Reference Count : 1]<UL><LI> startup_mk82f25615.o(.isr_vector)
</UL>
<P><STRONG><a name="[55]"></a>Reserved91_IRQHandler</STRONG> (Thumb, 4 bytes, Stack size unknown bytes, startup_mk82f25615.o(.text))
<BR>[Address Reference Count : 1]<UL><LI> startup_mk82f25615.o(.isr_vector)
</UL>
<P><STRONG><a name="[56]"></a>Reserved92_IRQHandler</STRONG> (Thumb, 4 bytes, Stack size unknown bytes, startup_mk82f25615.o(.text))
<BR>[Address Reference Count : 1]<UL><LI> startup_mk82f25615.o(.isr_vector)
</UL>
<P><STRONG><a name="[57]"></a>Reserved93_IRQHandler</STRONG> (Thumb, 4 bytes, Stack size unknown bytes, startup_mk82f25615.o(.text))
<BR>[Address Reference Count : 1]<UL><LI> startup_mk82f25615.o(.isr_vector)
</UL>
<P><STRONG><a name="[58]"></a>Reserved94_IRQHandler</STRONG> (Thumb, 4 bytes, Stack size unknown bytes, startup_mk82f25615.o(.text))
<BR>[Address Reference Count : 1]<UL><LI> startup_mk82f25615.o(.isr_vector)
</UL>
<P><STRONG><a name="[59]"></a>Reserved95_IRQHandler</STRONG> (Thumb, 4 bytes, Stack size unknown bytes, startup_mk82f25615.o(.text))
<BR>[Address Reference Count : 1]<UL><LI> startup_mk82f25615.o(.isr_vector)
</UL>
<P><STRONG><a name="[5a]"></a>Reserved96_IRQHandler</STRONG> (Thumb, 4 bytes, Stack size unknown bytes, startup_mk82f25615.o(.text))
<BR>[Address Reference Count : 1]<UL><LI> startup_mk82f25615.o(.isr_vector)
</UL>
<P><STRONG><a name="[5c]"></a>Reserved98_IRQHandler</STRONG> (Thumb, 4 bytes, Stack size unknown bytes, startup_mk82f25615.o(.text))
<BR>[Address Reference Count : 1]<UL><LI> startup_mk82f25615.o(.isr_vector)
</UL>
<P><STRONG><a name="[5d]"></a>Reserved99_IRQHandler</STRONG> (Thumb, 4 bytes, Stack size unknown bytes, startup_mk82f25615.o(.text))
<BR>[Address Reference Count : 1]<UL><LI> startup_mk82f25615.o(.isr_vector)
</UL>
<P><STRONG><a name="[98]"></a>SDHC_DriverIRQHandler</STRONG> (Thumb, 4 bytes, Stack size unknown bytes, startup_mk82f25615.o(.text))
<BR>[Address Reference Count : 1]<UL><LI> startup_mk82f25615.o(.text)
</UL>
<P><STRONG><a name="[8c]"></a>SPI0_DriverIRQHandler</STRONG> (Thumb, 4 bytes, Stack size unknown bytes, startup_mk82f25615.o(.text))
<BR>[Address Reference Count : 1]<UL><LI> startup_mk82f25615.o(.text)
</UL>
<P><STRONG><a name="[8d]"></a>SPI1_DriverIRQHandler</STRONG> (Thumb, 4 bytes, Stack size unknown bytes, startup_mk82f25615.o(.text))
<BR>[Address Reference Count : 1]<UL><LI> startup_mk82f25615.o(.text)
</UL>
<P><STRONG><a name="[95]"></a>SPI2_DriverIRQHandler</STRONG> (Thumb, 4 bytes, Stack size unknown bytes, startup_mk82f25615.o(.text))
<BR>[Address Reference Count : 1]<UL><LI> startup_mk82f25615.o(.text)
</UL>
<P><STRONG><a name="[4a]"></a>SWI_IRQHandler</STRONG> (Thumb, 4 bytes, Stack size unknown bytes, startup_mk82f25615.o(.text))
<BR>[Address Reference Count : 1]<UL><LI> startup_mk82f25615.o(.isr_vector)
</UL>
<P><STRONG><a name="[62]"></a>TPM1_IRQHandler</STRONG> (Thumb, 4 bytes, Stack size unknown bytes, startup_mk82f25615.o(.text))
<BR>[Address Reference Count : 1]<UL><LI> startup_mk82f25615.o(.isr_vector)
</UL>
<P><STRONG><a name="[63]"></a>TPM2_IRQHandler</STRONG> (Thumb, 4 bytes, Stack size unknown bytes, startup_mk82f25615.o(.text))
<BR>[Address Reference Count : 1]<UL><LI> startup_mk82f25615.o(.isr_vector)
</UL>
<P><STRONG><a name="[21]"></a>TRNG0_IRQHandler</STRONG> (Thumb, 4 bytes, Stack size unknown bytes, startup_mk82f25615.o(.text))
<BR>[Address Reference Count : 1]<UL><LI> startup_mk82f25615.o(.isr_vector)
</UL>
<P><STRONG><a name="[61]"></a>TSI0_IRQHandler</STRONG> (Thumb, 4 bytes, Stack size unknown bytes, startup_mk82f25615.o(.text))
<BR>[Address Reference Count : 1]<UL><LI> startup_mk82f25615.o(.isr_vector)
</UL>
<P><STRONG><a name="[3f]"></a>USB0_IRQHandler</STRONG> (Thumb, 4 bytes, Stack size unknown bytes, startup_mk82f25615.o(.text))
<BR>[Address Reference Count : 1]<UL><LI> startup_mk82f25615.o(.isr_vector)
</UL>
<P><STRONG><a name="[40]"></a>USBDCD_IRQHandler</STRONG> (Thumb, 4 bytes, Stack size unknown bytes, startup_mk82f25615.o(.text))
<BR>[Address Reference Count : 1]<UL><LI> startup_mk82f25615.o(.isr_vector)
</UL>
<P><STRONG><a name="[5]"></a>UsageFault_Handler</STRONG> (Thumb, 4 bytes, Stack size unknown bytes, startup_mk82f25615.o(.text))
<BR>[Address Reference Count : 1]<UL><LI> startup_mk82f25615.o(.isr_vector)
</UL>
<P><STRONG><a name="[20]"></a>WDOG_EWM_IRQHandler</STRONG> (Thumb, 4 bytes, Stack size unknown bytes, startup_mk82f25615.o(.text))
<BR>[Address Reference Count : 1]<UL><LI> startup_mk82f25615.o(.isr_vector)
</UL>
<P><STRONG><a name="[1]"></a>NMI_Handler</STRONG> (Thumb, 4 bytes, Stack size unknown bytes, startup_mk82f25615.o(.text))
<BR>[Address Reference Count : 2]<UL><LI> startup_mk82f25615.o(.text)
<LI> startup_mk82f25615.o(.isr_vector)
</UL>
<P><STRONG><a name="[2]"></a>HardFault_Handler</STRONG> (Thumb, 4 bytes, Stack size unknown bytes, startup_mk82f25615.o(.text))
<BR>[Address Reference Count : 2]<UL><LI> startup_mk82f25615.o(.text)
<LI> startup_mk82f25615.o(.isr_vector)
</UL>
<P><STRONG><a name="[6]"></a>SVC_Handler</STRONG> (Thumb, 4 bytes, Stack size unknown bytes, startup_mk82f25615.o(.text))
<BR>[Address Reference Count : 2]<UL><LI> startup_mk82f25615.o(.text)
<LI> startup_mk82f25615.o(.isr_vector)
</UL>
<P><STRONG><a name="[8]"></a>PendSV_Handler</STRONG> (Thumb, 4 bytes, Stack size unknown bytes, startup_mk82f25615.o(.text))
<BR>[Address Reference Count : 2]<UL><LI> startup_mk82f25615.o(.text)
<LI> startup_mk82f25615.o(.isr_vector)
</UL>
<P><STRONG><a name="[9]"></a>SysTick_Handler</STRONG> (Thumb, 4 bytes, Stack size unknown bytes, startup_mk82f25615.o(.text))
<BR>[Address Reference Count : 2]<UL><LI> startup_mk82f25615.o(.text)
<LI> startup_mk82f25615.o(.isr_vector)
</UL>
<P><STRONG><a name="[a]"></a>DMA0_DMA16_IRQHandler</STRONG> (Thumb, 4 bytes, Stack size unknown bytes, startup_mk82f25615.o(.text))
<BR>[Address Reference Count : 1]<UL><LI> startup_mk82f25615.o(.isr_vector)
</UL>
<P><STRONG><a name="[b]"></a>DMA1_DMA17_IRQHandler</STRONG> (Thumb, 4 bytes, Stack size unknown bytes, startup_mk82f25615.o(.text))
<BR>[Address Reference Count : 1]<UL><LI> startup_mk82f25615.o(.isr_vector)
</UL>
<P><STRONG><a name="[c]"></a>DMA2_DMA18_IRQHandler</STRONG> (Thumb, 4 bytes, Stack size unknown bytes, startup_mk82f25615.o(.text))
<BR>[Address Reference Count : 1]<UL><LI> startup_mk82f25615.o(.isr_vector)
</UL>
<P><STRONG><a name="[d]"></a>DMA3_DMA19_IRQHandler</STRONG> (Thumb, 4 bytes, Stack size unknown bytes, startup_mk82f25615.o(.text))
<BR>[Address Reference Count : 1]<UL><LI> startup_mk82f25615.o(.isr_vector)
</UL>
<P><STRONG><a name="[e]"></a>DMA4_DMA20_IRQHandler</STRONG> (Thumb, 4 bytes, Stack size unknown bytes, startup_mk82f25615.o(.text))
<BR>[Address Reference Count : 1]<UL><LI> startup_mk82f25615.o(.isr_vector)
</UL>
<P><STRONG><a name="[f]"></a>DMA5_DMA21_IRQHandler</STRONG> (Thumb, 4 bytes, Stack size unknown bytes, startup_mk82f25615.o(.text))
<BR>[Address Reference Count : 1]<UL><LI> startup_mk82f25615.o(.isr_vector)
</UL>
<P><STRONG><a name="[10]"></a>DMA6_DMA22_IRQHandler</STRONG> (Thumb, 4 bytes, Stack size unknown bytes, startup_mk82f25615.o(.text))
<BR>[Address Reference Count : 1]<UL><LI> startup_mk82f25615.o(.isr_vector)
</UL>
<P><STRONG><a name="[11]"></a>DMA7_DMA23_IRQHandler</STRONG> (Thumb, 4 bytes, Stack size unknown bytes, startup_mk82f25615.o(.text))
<BR>[Address Reference Count : 1]<UL><LI> startup_mk82f25615.o(.isr_vector)
</UL>
<P><STRONG><a name="[12]"></a>DMA8_DMA24_IRQHandler</STRONG> (Thumb, 4 bytes, Stack size unknown bytes, startup_mk82f25615.o(.text))
<BR>[Address Reference Count : 1]<UL><LI> startup_mk82f25615.o(.isr_vector)
</UL>
<P><STRONG><a name="[13]"></a>DMA9_DMA25_IRQHandler</STRONG> (Thumb, 4 bytes, Stack size unknown bytes, startup_mk82f25615.o(.text))
<BR>[Address Reference Count : 1]<UL><LI> startup_mk82f25615.o(.isr_vector)
</UL>
<P><STRONG><a name="[14]"></a>DMA10_DMA26_IRQHandler</STRONG> (Thumb, 4 bytes, Stack size unknown bytes, startup_mk82f25615.o(.text))
<BR>[Address Reference Count : 1]<UL><LI> startup_mk82f25615.o(.isr_vector)
</UL>
<P><STRONG><a name="[15]"></a>DMA11_DMA27_IRQHandler</STRONG> (Thumb, 4 bytes, Stack size unknown bytes, startup_mk82f25615.o(.text))
<BR>[Address Reference Count : 1]<UL><LI> startup_mk82f25615.o(.isr_vector)
</UL>
<P><STRONG><a name="[16]"></a>DMA12_DMA28_IRQHandler</STRONG> (Thumb, 4 bytes, Stack size unknown bytes, startup_mk82f25615.o(.text))
<BR>[Address Reference Count : 1]<UL><LI> startup_mk82f25615.o(.isr_vector)
</UL>
<P><STRONG><a name="[17]"></a>DMA13_DMA29_IRQHandler</STRONG> (Thumb, 4 bytes, Stack size unknown bytes, startup_mk82f25615.o(.text))
<BR>[Address Reference Count : 1]<UL><LI> startup_mk82f25615.o(.isr_vector)
</UL>
<P><STRONG><a name="[18]"></a>DMA14_DMA30_IRQHandler</STRONG> (Thumb, 4 bytes, Stack size unknown bytes, startup_mk82f25615.o(.text))
<BR>[Address Reference Count : 1]<UL><LI> startup_mk82f25615.o(.isr_vector)
</UL>
<P><STRONG><a name="[19]"></a>DMA15_DMA31_IRQHandler</STRONG> (Thumb, 4 bytes, Stack size unknown bytes, startup_mk82f25615.o(.text))
<BR>[Address Reference Count : 1]<UL><LI> startup_mk82f25615.o(.isr_vector)
</UL>
<P><STRONG><a name="[1a]"></a>DMA_Error_IRQHandler</STRONG> (Thumb, 4 bytes, Stack size unknown bytes, startup_mk82f25615.o(.text))
<BR>[Address Reference Count : 1]<UL><LI> startup_mk82f25615.o(.isr_vector)
</UL>
<P><STRONG><a name="[22]"></a>I2C0_IRQHandler</STRONG> (Thumb, 4 bytes, Stack size unknown bytes, startup_mk82f25615.o(.text))
<BR>[Address Reference Count : 1]<UL><LI> startup_mk82f25615.o(.isr_vector)
</UL>
<P><STRONG><a name="[23]"></a>I2C1_IRQHandler</STRONG> (Thumb, 4 bytes, Stack size unknown bytes, startup_mk82f25615.o(.text))
<BR>[Address Reference Count : 1]<UL><LI> startup_mk82f25615.o(.isr_vector)
</UL>
<P><STRONG><a name="[24]"></a>SPI0_IRQHandler</STRONG> (Thumb, 4 bytes, Stack size unknown bytes, startup_mk82f25615.o(.text))
<BR>[Address Reference Count : 1]<UL><LI> startup_mk82f25615.o(.isr_vector)
</UL>
<P><STRONG><a name="[25]"></a>SPI1_IRQHandler</STRONG> (Thumb, 4 bytes, Stack size unknown bytes, startup_mk82f25615.o(.text))
<BR>[Address Reference Count : 1]<UL><LI> startup_mk82f25615.o(.isr_vector)
</UL>
<P><STRONG><a name="[26]"></a>I2S0_Tx_IRQHandler</STRONG> (Thumb, 4 bytes, Stack size unknown bytes, startup_mk82f25615.o(.text))
<BR>[Address Reference Count : 1]<UL><LI> startup_mk82f25615.o(.isr_vector)
</UL>
<P><STRONG><a name="[27]"></a>I2S0_Rx_IRQHandler</STRONG> (Thumb, 4 bytes, Stack size unknown bytes, startup_mk82f25615.o(.text))
<BR>[Address Reference Count : 1]<UL><LI> startup_mk82f25615.o(.isr_vector)
</UL>
<P><STRONG><a name="[28]"></a>LPUART0_IRQHandler</STRONG> (Thumb, 4 bytes, Stack size unknown bytes, startup_mk82f25615.o(.text))
<BR>[Address Reference Count : 1]<UL><LI> startup_mk82f25615.o(.isr_vector)
</UL>
<P><STRONG><a name="[29]"></a>LPUART1_IRQHandler</STRONG> (Thumb, 4 bytes, Stack size unknown bytes, startup_mk82f25615.o(.text))
<BR>[Address Reference Count : 1]<UL><LI> startup_mk82f25615.o(.isr_vector)
</UL>
<P><STRONG><a name="[2a]"></a>LPUART2_IRQHandler</STRONG> (Thumb, 4 bytes, Stack size unknown bytes, startup_mk82f25615.o(.text))
<BR>[Address Reference Count : 1]<UL><LI> startup_mk82f25615.o(.isr_vector)
</UL>
<P><STRONG><a name="[2b]"></a>LPUART3_IRQHandler</STRONG> (Thumb, 4 bytes, Stack size unknown bytes, startup_mk82f25615.o(.text))
<BR>[Address Reference Count : 1]<UL><LI> startup_mk82f25615.o(.isr_vector)
</UL>
<P><STRONG><a name="[4b]"></a>SPI2_IRQHandler</STRONG> (Thumb, 4 bytes, Stack size unknown bytes, startup_mk82f25615.o(.text))
<BR>[Address Reference Count : 1]<UL><LI> startup_mk82f25615.o(.isr_vector)
</UL>
<P><STRONG><a name="[50]"></a>FLEXIO0_IRQHandler</STRONG> (Thumb, 4 bytes, Stack size unknown bytes, startup_mk82f25615.o(.text))
<BR>[Address Reference Count : 1]<UL><LI> startup_mk82f25615.o(.isr_vector)
</UL>
<P><STRONG><a name="[54]"></a>I2C2_IRQHandler</STRONG> (Thumb, 4 bytes, Stack size unknown bytes, startup_mk82f25615.o(.text))
<BR>[Address Reference Count : 1]<UL><LI> startup_mk82f25615.o(.isr_vector)
</UL>
<P><STRONG><a name="[5b]"></a>SDHC_IRQHandler</STRONG> (Thumb, 4 bytes, Stack size unknown bytes, startup_mk82f25615.o(.text))
<BR>[Address Reference Count : 1]<UL><LI> startup_mk82f25615.o(.isr_vector)
</UL>
<P><STRONG><a name="[65]"></a>I2C3_IRQHandler</STRONG> (Thumb, 4 bytes, Stack size unknown bytes, startup_mk82f25615.o(.text))
<BR>[Address Reference Count : 1]<UL><LI> startup_mk82f25615.o(.isr_vector)
</UL>
<P><STRONG><a name="[6e]"></a>QuadSPI0_IRQHandler</STRONG> (Thumb, 4 bytes, Stack size unknown bytes, startup_mk82f25615.o(.text))
<BR>[Address Reference Count : 1]<UL><LI> startup_mk82f25615.o(.isr_vector)
</UL>
<P><STRONG><a name="[9e]"></a>__aeabi_ddiv</STRONG> (Thumb, 222 bytes, Stack size 32 bytes, ddiv.o(.text))
<BR><BR>[Stack]<UL><LI>Max Depth = 40<LI>Call Chain = __aeabi_ddiv &rArr; _double_round
</UL>
<BR>[Calls]<UL><LI><a href="#[9f]">&gt;&gt;</a>&nbsp;&nbsp;&nbsp;_double_round
</UL>
<BR>[Called By]<UL><LI><a href="#[a7]">&gt;&gt;</a>&nbsp;&nbsp;&nbsp;Debug_init_uart
</UL>

<P><STRONG><a name="[a0]"></a>__aeabi_ui2d</STRONG> (Thumb, 26 bytes, Stack size 16 bytes, dfltui.o(.text))
<BR><BR>[Stack]<UL><LI>Max Depth = 56<LI>Call Chain = __aeabi_ui2d &rArr; _double_epilogue &rArr; _double_round
</UL>
<BR>[Calls]<UL><LI><a href="#[a1]">&gt;&gt;</a>&nbsp;&nbsp;&nbsp;_double_epilogue
</UL>
<BR>[Called By]<UL><LI><a href="#[a7]">&gt;&gt;</a>&nbsp;&nbsp;&nbsp;Debug_init_uart
</UL>

<P><STRONG><a name="[a2]"></a>__aeabi_d2iz</STRONG> (Thumb, 62 bytes, Stack size 16 bytes, dfixi.o(.text))
<BR><BR>[Stack]<UL><LI>Max Depth = 16<LI>Call Chain = __aeabi_d2iz
</UL>
<BR>[Calls]<UL><LI><a href="#[a3]">&gt;&gt;</a>&nbsp;&nbsp;&nbsp;__aeabi_llsr
</UL>
<BR>[Called By]<UL><LI><a href="#[a7]">&gt;&gt;</a>&nbsp;&nbsp;&nbsp;Debug_init_uart
</UL>

<P><STRONG><a name="[a4]"></a>__aeabi_uldivmod</STRONG> (Thumb, 98 bytes, Stack size 40 bytes, uldiv.o(.text), UNUSED)
<BR><BR>[Calls]<UL><LI><a href="#[a5]">&gt;&gt;</a>&nbsp;&nbsp;&nbsp;__aeabi_llsl
<LI><a href="#[a3]">&gt;&gt;</a>&nbsp;&nbsp;&nbsp;__aeabi_llsr
</UL>
<BR>[Called By]<UL><LI><a href="#[b4]">&gt;&gt;</a>&nbsp;&nbsp;&nbsp;_printf_core
</UL>

<P><STRONG><a name="[a3]"></a>__aeabi_llsr</STRONG> (Thumb, 32 bytes, Stack size 0 bytes, llushr.o(.text))
<BR><BR>[Called By]<UL><LI><a href="#[a2]">&gt;&gt;</a>&nbsp;&nbsp;&nbsp;__aeabi_d2iz
<LI><a href="#[a4]">&gt;&gt;</a>&nbsp;&nbsp;&nbsp;__aeabi_uldivmod
<LI><a href="#[a1]">&gt;&gt;</a>&nbsp;&nbsp;&nbsp;_double_epilogue
</UL>

<P><STRONG><a name="[bd]"></a>_ll_ushift_r</STRONG> (Thumb, 0 bytes, Stack size 0 bytes, llushr.o(.text), UNUSED)

<P><STRONG><a name="[be]"></a>__I$use$fp</STRONG> (Thumb, 0 bytes, Stack size 8 bytes, iusefp.o(.text), UNUSED)

<P><STRONG><a name="[9f]"></a>_double_round</STRONG> (Thumb, 30 bytes, Stack size 8 bytes, depilogue.o(.text))
<BR><BR>[Stack]<UL><LI>Max Depth = 8<LI>Call Chain = _double_round
</UL>
<BR>[Called By]<UL><LI><a href="#[9e]">&gt;&gt;</a>&nbsp;&nbsp;&nbsp;__aeabi_ddiv
<LI><a href="#[a1]">&gt;&gt;</a>&nbsp;&nbsp;&nbsp;_double_epilogue
</UL>

<P><STRONG><a name="[a1]"></a>_double_epilogue</STRONG> (Thumb, 156 bytes, Stack size 32 bytes, depilogue.o(.text))
<BR><BR>[Stack]<UL><LI>Max Depth = 40<LI>Call Chain = _double_epilogue &rArr; _double_round
</UL>
<BR>[Calls]<UL><LI><a href="#[a5]">&gt;&gt;</a>&nbsp;&nbsp;&nbsp;__aeabi_llsl
<LI><a href="#[a3]">&gt;&gt;</a>&nbsp;&nbsp;&nbsp;__aeabi_llsr
<LI><a href="#[9f]">&gt;&gt;</a>&nbsp;&nbsp;&nbsp;_double_round
</UL>
<BR>[Called By]<UL><LI><a href="#[a0]">&gt;&gt;</a>&nbsp;&nbsp;&nbsp;__aeabi_ui2d
</UL>

<P><STRONG><a name="[9d]"></a>__scatterload</STRONG> (Thumb, 28 bytes, Stack size 0 bytes, init.o(.text))
<BR><BR>[Calls]<UL><LI><a href="#[a6]">&gt;&gt;</a>&nbsp;&nbsp;&nbsp;__main_after_scatterload
</UL>
<BR>[Called By]<UL><LI><a href="#[9c]">&gt;&gt;</a>&nbsp;&nbsp;&nbsp;_main_scatterload
</UL>

<P><STRONG><a name="[bf]"></a>__scatterload_rt2</STRONG> (Thumb, 0 bytes, Stack size 0 bytes, init.o(.text), UNUSED)

<P><STRONG><a name="[a5]"></a>__aeabi_llsl</STRONG> (Thumb, 30 bytes, Stack size 0 bytes, llshl.o(.text))
<BR><BR>[Called By]<UL><LI><a href="#[a4]">&gt;&gt;</a>&nbsp;&nbsp;&nbsp;__aeabi_uldivmod
<LI><a href="#[a1]">&gt;&gt;</a>&nbsp;&nbsp;&nbsp;_double_epilogue
</UL>

<P><STRONG><a name="[c0]"></a>_ll_shift_l</STRONG> (Thumb, 0 bytes, Stack size 0 bytes, llshl.o(.text), UNUSED)

<P><STRONG><a name="[a7]"></a>Debug_init_uart</STRONG> (Thumb, 240 bytes, Stack size 16 bytes, k82f_flightcontroller.o(.text.Debug_init_uart))
<BR><BR>[Stack]<UL><LI>Max Depth = 72<LI>Call Chain = Debug_init_uart &rArr; __aeabi_ui2d &rArr; _double_epilogue &rArr; _double_round
</UL>
<BR>[Calls]<UL><LI><a href="#[a0]">&gt;&gt;</a>&nbsp;&nbsp;&nbsp;__aeabi_ui2d
<LI><a href="#[9e]">&gt;&gt;</a>&nbsp;&nbsp;&nbsp;__aeabi_ddiv
<LI><a href="#[a2]">&gt;&gt;</a>&nbsp;&nbsp;&nbsp;__aeabi_d2iz
<LI><a href="#[a8]">&gt;&gt;</a>&nbsp;&nbsp;&nbsp;RingBuffer_Init
<LI><a href="#[a9]">&gt;&gt;</a>&nbsp;&nbsp;&nbsp;__NVIC_SetPriority
<LI><a href="#[ab]">&gt;&gt;</a>&nbsp;&nbsp;&nbsp;__NVIC_EnableIRQ
<LI><a href="#[aa]">&gt;&gt;</a>&nbsp;&nbsp;&nbsp;__NVIC_ClearPendingIRQ
</UL>
<BR>[Called By]<UL><LI><a href="#[76]">&gt;&gt;</a>&nbsp;&nbsp;&nbsp;main
</UL>

<P><STRONG><a name="[2c]"></a>LPUART4_IRQHandler</STRONG> (Thumb, 120 bytes, Stack size 16 bytes, k82f_flightcontroller.o(.text.LPUART4_IRQHandler))
<BR><BR>[Stack]<UL><LI>Max Depth = 32<LI>Call Chain = LPUART4_IRQHandler &rArr; RingBuffer_Enqueue_Byte
</UL>
<BR>[Calls]<UL><LI><a href="#[ac]">&gt;&gt;</a>&nbsp;&nbsp;&nbsp;RingBuffer_Full
<LI><a href="#[ad]">&gt;&gt;</a>&nbsp;&nbsp;&nbsp;RingBuffer_Enqueue_Byte
<LI><a href="#[ae]">&gt;&gt;</a>&nbsp;&nbsp;&nbsp;RingBuffer_Empty
<LI><a href="#[af]">&gt;&gt;</a>&nbsp;&nbsp;&nbsp;RingBuffer_Dequeue_Byte
</UL>
<BR>[Address Reference Count : 1]<UL><LI> startup_mk82f25615.o(.isr_vector)
</UL>
<P><STRONG><a name="[b1]"></a>OBLEDs_init</STRONG> (Thumb, 92 bytes, Stack size 0 bytes, k82f_flightcontroller.o(.text.OBLEDs_init))
<BR><BR>[Called By]<UL><LI><a href="#[76]">&gt;&gt;</a>&nbsp;&nbsp;&nbsp;main
</UL>

<P><STRONG><a name="[af]"></a>RingBuffer_Dequeue_Byte</STRONG> (Thumb, 72 bytes, Stack size 8 bytes, ringbuffer.o(.text.RingBuffer_Dequeue_Byte))
<BR><BR>[Stack]<UL><LI>Max Depth = 8<LI>Call Chain = RingBuffer_Dequeue_Byte
</UL>
<BR>[Calls]<UL><LI><a href="#[ae]">&gt;&gt;</a>&nbsp;&nbsp;&nbsp;RingBuffer_Empty
</UL>
<BR>[Called By]<UL><LI><a href="#[2c]">&gt;&gt;</a>&nbsp;&nbsp;&nbsp;LPUART4_IRQHandler
</UL>

<P><STRONG><a name="[ae]"></a>RingBuffer_Empty</STRONG> (Thumb, 12 bytes, Stack size 0 bytes, ringbuffer.o(.text.RingBuffer_Empty))
<BR><BR>[Called By]<UL><LI><a href="#[af]">&gt;&gt;</a>&nbsp;&nbsp;&nbsp;RingBuffer_Dequeue_Byte
<LI><a href="#[2c]">&gt;&gt;</a>&nbsp;&nbsp;&nbsp;LPUART4_IRQHandler
</UL>

<P><STRONG><a name="[ad]"></a>RingBuffer_Enqueue_Byte</STRONG> (Thumb, 64 bytes, Stack size 16 bytes, ringbuffer.o(.text.RingBuffer_Enqueue_Byte))
<BR><BR>[Stack]<UL><LI>Max Depth = 16<LI>Call Chain = RingBuffer_Enqueue_Byte
</UL>
<BR>[Calls]<UL><LI><a href="#[ac]">&gt;&gt;</a>&nbsp;&nbsp;&nbsp;RingBuffer_Full
</UL>
<BR>[Called By]<UL><LI><a href="#[2c]">&gt;&gt;</a>&nbsp;&nbsp;&nbsp;LPUART4_IRQHandler
</UL>

<P><STRONG><a name="[ac]"></a>RingBuffer_Full</STRONG> (Thumb, 16 bytes, Stack size 0 bytes, ringbuffer.o(.text.RingBuffer_Full))
<BR><BR>[Called By]<UL><LI><a href="#[ad]">&gt;&gt;</a>&nbsp;&nbsp;&nbsp;RingBuffer_Enqueue_Byte
<LI><a href="#[2c]">&gt;&gt;</a>&nbsp;&nbsp;&nbsp;LPUART4_IRQHandler
</UL>

<P><STRONG><a name="[a8]"></a>RingBuffer_Init</STRONG> (Thumb, 34 bytes, Stack size 0 bytes, ringbuffer.o(.text.RingBuffer_Init))
<BR><BR>[Called By]<UL><LI><a href="#[a7]">&gt;&gt;</a>&nbsp;&nbsp;&nbsp;Debug_init_uart
</UL>

<P><STRONG><a name="[77]"></a>SystemInit</STRONG> (Thumb, 52 bytes, Stack size 8 bytes, system_mk82f25615.o(.text.SystemInit))
<BR><BR>[Stack]<UL><LI>Max Depth = 8<LI>Call Chain = SystemInit
</UL>
<BR>[Calls]<UL><LI><a href="#[b0]">&gt;&gt;</a>&nbsp;&nbsp;&nbsp;SystemInitHook
</UL>
<BR>[Address Reference Count : 1]<UL><LI> startup_mk82f25615.o(.text)
</UL>
<P><STRONG><a name="[b0]"></a>SystemInitHook</STRONG> (Thumb, 2 bytes, Stack size 0 bytes, system_mk82f25615.o(.text.SystemInitHook))
<BR><BR>[Called By]<UL><LI><a href="#[77]">&gt;&gt;</a>&nbsp;&nbsp;&nbsp;SystemInit
</UL>

<P><STRONG><a name="[9b]"></a>fputc</STRONG> (Thumb, 28 bytes, Stack size 0 bytes, k82f_flightcontroller.o(.text.fputc))
<BR>[Address Reference Count : 1]<UL><LI> printf8.o(i.__0printf$8)
</UL>
<P><STRONG><a name="[76]"></a>main</STRONG> (Thumb, 560 bytes, Stack size 16 bytes, k82f_flightcontroller.o(.text.main))
<BR><BR>[Stack]<UL><LI>Max Depth = 88<LI>Call Chain = main &rArr; Debug_init_uart &rArr; __aeabi_ui2d &rArr; _double_epilogue &rArr; _double_round
</UL>
<BR>[Calls]<UL><LI><a href="#[b1]">&gt;&gt;</a>&nbsp;&nbsp;&nbsp;OBLEDs_init
<LI><a href="#[a7]">&gt;&gt;</a>&nbsp;&nbsp;&nbsp;Debug_init_uart
<LI><a href="#[b2]">&gt;&gt;</a>&nbsp;&nbsp;&nbsp;__2printf
</UL>
<BR>[Address Reference Count : 1]<UL><LI> entry9a.o(.ARM.Collect$$$$0000000B)
</UL>
<P><STRONG><a name="[b3]"></a>__0printf$8</STRONG> (Thumb, 22 bytes, Stack size 24 bytes, printf8.o(i.__0printf$8), UNUSED)
<BR><BR>[Calls]<UL><LI><a href="#[b4]">&gt;&gt;</a>&nbsp;&nbsp;&nbsp;_printf_core
</UL>

<P><STRONG><a name="[c1]"></a>__1printf$8</STRONG> (Thumb, 0 bytes, Stack size 24 bytes, printf8.o(i.__0printf$8), UNUSED)

<P><STRONG><a name="[b2]"></a>__2printf</STRONG> (Thumb, 0 bytes, Stack size 24 bytes, printf8.o(i.__0printf$8))
<BR><BR>[Stack]<UL><LI>Max Depth = 24<LI>Call Chain = __2printf
</UL>
<BR>[Called By]<UL><LI><a href="#[76]">&gt;&gt;</a>&nbsp;&nbsp;&nbsp;main
</UL>

<P><STRONG><a name="[c2]"></a>__scatterload_copy</STRONG> (Thumb, 14 bytes, Stack size unknown bytes, handlers.o(i.__scatterload_copy), UNUSED)

<P><STRONG><a name="[c3]"></a>__scatterload_null</STRONG> (Thumb, 2 bytes, Stack size unknown bytes, handlers.o(i.__scatterload_null), UNUSED)

<P><STRONG><a name="[c4]"></a>__scatterload_zeroinit</STRONG> (Thumb, 14 bytes, Stack size unknown bytes, handlers.o(i.__scatterload_zeroinit), UNUSED)
<P>
<H3>
Local Symbols
</H3>
<P><STRONG><a name="[aa]"></a>__NVIC_ClearPendingIRQ</STRONG> (Thumb, 14 bytes, Stack size 0 bytes, k82f_flightcontroller.o(.text.__NVIC_ClearPendingIRQ))
<BR><BR>[Called By]<UL><LI><a href="#[a7]">&gt;&gt;</a>&nbsp;&nbsp;&nbsp;Debug_init_uart
</UL>

<P><STRONG><a name="[ab]"></a>__NVIC_EnableIRQ</STRONG> (Thumb, 14 bytes, Stack size 0 bytes, k82f_flightcontroller.o(.text.__NVIC_EnableIRQ))
<BR><BR>[Called By]<UL><LI><a href="#[a7]">&gt;&gt;</a>&nbsp;&nbsp;&nbsp;Debug_init_uart
</UL>

<P><STRONG><a name="[a9]"></a>__NVIC_SetPriority</STRONG> (Thumb, 14 bytes, Stack size 0 bytes, k82f_flightcontroller.o(.text.__NVIC_SetPriority))
<BR><BR>[Called By]<UL><LI><a href="#[a7]">&gt;&gt;</a>&nbsp;&nbsp;&nbsp;Debug_init_uart
</UL>

<P><STRONG><a name="[b4]"></a>_printf_core</STRONG> (Thumb, 996 bytes, Stack size 104 bytes, printf8.o(i._printf_core), UNUSED)
<BR><BR>[Calls]<UL><LI><a href="#[a4]">&gt;&gt;</a>&nbsp;&nbsp;&nbsp;__aeabi_uldivmod
<LI><a href="#[b5]">&gt;&gt;</a>&nbsp;&nbsp;&nbsp;_printf_pre_padding
<LI><a href="#[b6]">&gt;&gt;</a>&nbsp;&nbsp;&nbsp;_printf_post_padding
</UL>
<BR>[Called By]<UL><LI><a href="#[b3]">&gt;&gt;</a>&nbsp;&nbsp;&nbsp;__0printf$8
</UL>

<P><STRONG><a name="[b6]"></a>_printf_post_padding</STRONG> (Thumb, 36 bytes, Stack size 24 bytes, printf8.o(i._printf_post_padding), UNUSED)
<BR><BR>[Called By]<UL><LI><a href="#[b4]">&gt;&gt;</a>&nbsp;&nbsp;&nbsp;_printf_core
</UL>

<P><STRONG><a name="[b5]"></a>_printf_pre_padding</STRONG> (Thumb, 46 bytes, Stack size 24 bytes, printf8.o(i._printf_pre_padding), UNUSED)
<BR><BR>[Called By]<UL><LI><a href="#[b4]">&gt;&gt;</a>&nbsp;&nbsp;&nbsp;_printf_core
</UL>
<P>
<H3>
Undefined Global Symbols
</H3><HR></body></html>
