<html>
<body>
<pre>
<h1>µVision Build Log</h1>
<h2>Tool Versions:</h2>
IDE-Version: µVision V5.31.0.0
Copyright (C) 2020 ARM Ltd and ARM Germany GmbH. All rights reserved.
License Information: Miguel Amaro, Miguel Amaro, LIC=----
 
Tool Versions:
Toolchain:       MDK-Lite  Version: 5.31.0.0
Toolchain Path:  C:\Keil_v5\ARM\ARMCLANG\Bin
C Compiler:      ArmClang.exe V6.14
Assembler:       Armasm.exe V6.14
Linker/Locator:  ArmLink.exe V6.14
Library Manager: ArmAr.exe V6.14
Hex Converter:   FromElf.exe V6.14
CPU DLL:         SARMCM3.DLL V5.31.0.0
Dialog DLL:      DCM.DLL V1.17.3.0
Target DLL:      CMSIS_AGDI.dll V1.32.6.0
Dialog DLL:      TCM.DLL V1.46.0.0
 
<h2>Project:</h2>
F:\Dev\Embedded\FlightController_K82F\debug\FC_k82F_Debug\FC_k82F_Debug.uvprojx
Project File Date:  01/17/2021

<h2>Output:</h2>
*** Using Compiler 'V6.14', folder: 'C:\Keil_v5\ARM\ARMCLANG\Bin'
Build target 'FC_K82F_debug'
compiling RingBuffer.c...
assembling startup_MK82F25615.S...
compiling system_MK82F25615.c...
compiling K82F_FlightController.c...
linking...
Program Size: Code=3602 RO-data=1034 RW-data=4 ZI-data=2596  
"debug\led_blinky.out" - 0 Error(s), 0 Warning(s).

<h2>Software Packages used:</h2>

Package Vendor: ARM
                http://www.keil.com/pack/ARM.CMSIS.5.7.0.pack
                ARM.CMSIS.5.7.0
                CMSIS (Cortex Microcontroller Software Interface Standard)
   * Component: CORE Version: 5.4.0

Package Vendor: NXP
                http://mcuxpresso.nxp.com/cmsis_pack/repo/NXP.MK82F25615_DFP.12.2.0.pack
                NXP.MK82F25615_DFP.12.2.0
                Device Family Pack for MK82F25615
   * Component: MK82F25615_header Version: 1.0.0
   * Component: MK82F25615_startup Version: 1.1.0

<h2>Collection of Component include folders:</h2>
  .\RTE\_FC_K82F_debug
  C:\Users\mAmaro\AppData\Local\Arm\Packs\ARM\CMSIS\5.7.0\CMSIS\Core\Include
  C:\Users\mAmaro\AppData\Local\Arm\Packs\NXP\MK82F25615_DFP\12.2.0

<h2>Collection of Component Files used:</h2>

   * Component: ARM::CMSIS:CORE:5.4.0

   * Component: NXP::Device:CMSIS:MK82F25615_header:1.0.0
      Include file:  MK82F25615_features.h
      Include file:  MK82F25615.h
      Include file:  fsl_device_registers.h

   * Component: NXP::Device:Startup:MK82F25615_startup:1.1.0
      Include file:  system_MK82F25615.h
      Source file:   system_MK82F25615.c
      Source file:   arm\startup_MK82F25615.S
Build Time Elapsed:  00:00:01
</pre>
</body>
</html>
