Component: ARM Compiler 6.14 Tool: armlink [5db06800]

==============================================================================

Section Cross References

    k82f_flightcontroller.o(.text.Debug_init_uart) refers to dfltui.o(.text) for __aeabi_ui2d
    k82f_flightcontroller.o(.text.Debug_init_uart) refers to ddiv.o(.text) for __aeabi_ddiv
    k82f_flightcontroller.o(.text.Debug_init_uart) refers to dfixi.o(.text) for __aeabi_d2iz
    k82f_flightcontroller.o(.text.Debug_init_uart) refers to k82f_flightcontroller.o(.bss.transmitQueue) for transmitQueue
    k82f_flightcontroller.o(.text.Debug_init_uart) refers to ringbuffer.o(.text.RingBuffer_Init) for RingBuffer_Init
    k82f_flightcontroller.o(.text.Debug_init_uart) refers to k82f_flightcontroller.o(.bss.receiveQueue) for receiveQueue
    k82f_flightcontroller.o(.text.Debug_init_uart) refers to k82f_flightcontroller.o(.text.__NVIC_SetPriority) for __NVIC_SetPriority
    k82f_flightcontroller.o(.text.Debug_init_uart) refers to k82f_flightcontroller.o(.text.__NVIC_ClearPendingIRQ) for __NVIC_ClearPendingIRQ
    k82f_flightcontroller.o(.text.Debug_init_uart) refers to k82f_flightcontroller.o(.text.__NVIC_EnableIRQ) for __NVIC_EnableIRQ
    k82f_flightcontroller.o(.ARM.exidx.text.Debug_init_uart) refers to k82f_flightcontroller.o(.text.Debug_init_uart) for [Anonymous Symbol]
    k82f_flightcontroller.o(.ARM.exidx.text.__NVIC_SetPriority) refers to k82f_flightcontroller.o(.text.__NVIC_SetPriority) for [Anonymous Symbol]
    k82f_flightcontroller.o(.ARM.exidx.text.__NVIC_ClearPendingIRQ) refers to k82f_flightcontroller.o(.text.__NVIC_ClearPendingIRQ) for [Anonymous Symbol]
    k82f_flightcontroller.o(.ARM.exidx.text.__NVIC_EnableIRQ) refers to k82f_flightcontroller.o(.text.__NVIC_EnableIRQ) for [Anonymous Symbol]
    k82f_flightcontroller.o(.text.LPUART4_IRQHandler) refers to k82f_flightcontroller.o(.bss.receiveQueue) for receiveQueue
    k82f_flightcontroller.o(.text.LPUART4_IRQHandler) refers to ringbuffer.o(.text.RingBuffer_Full) for RingBuffer_Full
    k82f_flightcontroller.o(.text.LPUART4_IRQHandler) refers to ringbuffer.o(.text.RingBuffer_Enqueue_Byte) for RingBuffer_Enqueue_Byte
    k82f_flightcontroller.o(.text.LPUART4_IRQHandler) refers to k82f_flightcontroller.o(.bss.transmitQueue) for transmitQueue
    k82f_flightcontroller.o(.text.LPUART4_IRQHandler) refers to ringbuffer.o(.text.RingBuffer_Empty) for RingBuffer_Empty
    k82f_flightcontroller.o(.text.LPUART4_IRQHandler) refers to ringbuffer.o(.text.RingBuffer_Dequeue_Byte) for RingBuffer_Dequeue_Byte
    k82f_flightcontroller.o(.ARM.exidx.text.LPUART4_IRQHandler) refers to k82f_flightcontroller.o(.text.LPUART4_IRQHandler) for [Anonymous Symbol]
    k82f_flightcontroller.o(.ARM.exidx.text.fputc) refers to k82f_flightcontroller.o(.text.fputc) for [Anonymous Symbol]
    k82f_flightcontroller.o(.ARM.exidx.text.fgetc) refers to k82f_flightcontroller.o(.text.fgetc) for [Anonymous Symbol]
    k82f_flightcontroller.o(.ARM.exidx.text.OBLEDs_init) refers to k82f_flightcontroller.o(.text.OBLEDs_init) for [Anonymous Symbol]
    k82f_flightcontroller.o(.text.main) refers to k82f_flightcontroller.o(.text.Debug_init_uart) for Debug_init_uart
    k82f_flightcontroller.o(.text.main) refers to k82f_flightcontroller.o(.text.OBLEDs_init) for OBLEDs_init
    k82f_flightcontroller.o(.text.main) refers to system_mk82f25615.o(.data.SystemCoreClock) for SystemCoreClock
    k82f_flightcontroller.o(.text.main) refers to k82f_flightcontroller.o(.rodata.str1.1) for .L.str
    k82f_flightcontroller.o(.text.main) refers to printf8.o(i.__0printf$8) for __2printf
    k82f_flightcontroller.o(.text.main) refers to k82f_flightcontroller.o(.bss.global_Dshot_command_buffer) for global_Dshot_command_buffer
    k82f_flightcontroller.o(.text.main) refers to k82f_flightcontroller.o(.bss.dma_test_src) for dma_test_src
    k82f_flightcontroller.o(.text.main) refers to k82f_flightcontroller.o(.bss.dma_test_dest) for dma_test_dest
    k82f_flightcontroller.o(.text.main) refers to k82f_flightcontroller.o(.text.__NVIC_SetPriority) for __NVIC_SetPriority
    k82f_flightcontroller.o(.text.main) refers to k82f_flightcontroller.o(.text.__NVIC_ClearPendingIRQ) for __NVIC_ClearPendingIRQ
    k82f_flightcontroller.o(.text.main) refers to k82f_flightcontroller.o(.text.__NVIC_EnableIRQ) for __NVIC_EnableIRQ
    k82f_flightcontroller.o(.ARM.exidx.text.main) refers to k82f_flightcontroller.o(.text.main) for [Anonymous Symbol]
    k82f_flightcontroller.o(.text.DMA_Error_IRQHandler) refers to k82f_flightcontroller.o(.rodata.str1.1) for .L.str.11
    k82f_flightcontroller.o(.text.DMA_Error_IRQHandler) refers to printf8.o(i.__0printf$8) for __2printf
    k82f_flightcontroller.o(.ARM.exidx.text.DMA_Error_IRQHandler) refers to k82f_flightcontroller.o(.text.DMA_Error_IRQHandler) for [Anonymous Symbol]
    k82f_flightcontroller.o(.ARM.exidx.text.FTM0_IRQHandler) refers to k82f_flightcontroller.o(.text.FTM0_IRQHandler) for [Anonymous Symbol]
    ringbuffer.o(.ARM.exidx.text.RingBuffer_Init) refers to ringbuffer.o(.text.RingBuffer_Init) for [Anonymous Symbol]
    ringbuffer.o(.ARM.exidx.text.RingBuffer_Full) refers to ringbuffer.o(.text.RingBuffer_Full) for [Anonymous Symbol]
    ringbuffer.o(.ARM.exidx.text.RingBuffer_Empty) refers to ringbuffer.o(.text.RingBuffer_Empty) for [Anonymous Symbol]
    ringbuffer.o(.text.RingBuffer_Enqueue_Byte) refers to ringbuffer.o(.text.RingBuffer_Full) for RingBuffer_Full
    ringbuffer.o(.ARM.exidx.text.RingBuffer_Enqueue_Byte) refers to ringbuffer.o(.text.RingBuffer_Enqueue_Byte) for [Anonymous Symbol]
    ringbuffer.o(.text.RingBuffer_Dequeue_Byte) refers to ringbuffer.o(.text.RingBuffer_Empty) for RingBuffer_Empty
    ringbuffer.o(.ARM.exidx.text.RingBuffer_Dequeue_Byte) refers to ringbuffer.o(.text.RingBuffer_Dequeue_Byte) for [Anonymous Symbol]
    startup_mk82f25615.o(.text) refers to startup_mk82f25615.o(.isr_vector) for __Vectors
    startup_mk82f25615.o(.text) refers to system_mk82f25615.o(.text.SystemInit) for SystemInit
    startup_mk82f25615.o(.text) refers to entry.o(.ARM.Collect$$$$00000000) for __main
    startup_mk82f25615.o(.isr_vector) refers to startup_mk82f25615.o(.text) for Reset_Handler
    startup_mk82f25615.o(.isr_vector) refers to k82f_flightcontroller.o(.text.DMA_Error_IRQHandler) for DMA_Error_IRQHandler
    startup_mk82f25615.o(.isr_vector) refers to k82f_flightcontroller.o(.text.LPUART4_IRQHandler) for LPUART4_IRQHandler
    startup_mk82f25615.o(.isr_vector) refers to k82f_flightcontroller.o(.text.FTM0_IRQHandler) for FTM0_IRQHandler
    system_mk82f25615.o(.text.SystemInit) refers to system_mk82f25615.o(.text.SystemInitHook) for SystemInitHook
    system_mk82f25615.o(.ARM.exidx.text.SystemInit) refers to system_mk82f25615.o(.text.SystemInit) for [Anonymous Symbol]
    system_mk82f25615.o(.ARM.exidx.text.SystemInitHook) refers to system_mk82f25615.o(.text.SystemInitHook) for [Anonymous Symbol]
    system_mk82f25615.o(.text.SystemCoreClockUpdate) refers to system_mk82f25615.o(.data.SystemCoreClock) for SystemCoreClock
    system_mk82f25615.o(.ARM.exidx.text.SystemCoreClockUpdate) refers to system_mk82f25615.o(.text.SystemCoreClockUpdate) for [Anonymous Symbol]
    entry.o(.ARM.Collect$$$$00000000) refers (Special) to entry10a.o(.ARM.Collect$$$$0000000D) for __rt_final_cpp
    entry.o(.ARM.Collect$$$$00000000) refers (Special) to entry11a.o(.ARM.Collect$$$$0000000F) for __rt_final_exit
    entry.o(.ARM.Collect$$$$00000000) refers (Special) to entry7b.o(.ARM.Collect$$$$00000008) for _main_clock
    entry.o(.ARM.Collect$$$$00000000) refers (Special) to entry8b.o(.ARM.Collect$$$$0000000A) for _main_cpp_init
    entry.o(.ARM.Collect$$$$00000000) refers (Special) to entry9a.o(.ARM.Collect$$$$0000000B) for _main_init
    entry.o(.ARM.Collect$$$$00000000) refers (Special) to entry5.o(.ARM.Collect$$$$00000004) for _main_scatterload
    entry.o(.ARM.Collect$$$$00000000) refers (Special) to entry4.o(.ARM.Collect$$$$00000003) for _main_stk
    printfb.o(i.__0fprintf$bare) refers to printfb.o(i._printf_core) for _printf_core
    printfb.o(i.__0fprintf$bare) refers to k82f_flightcontroller.o(.text.fputc) for fputc
    printfb.o(i.__0printf$bare) refers to printfb.o(i._printf_core) for _printf_core
    printfb.o(i.__0printf$bare) refers to k82f_flightcontroller.o(.text.fputc) for fputc
    printfb.o(i.__0printf$bare) refers to k82f_flightcontroller.o(.bss.__stdout) for __stdout
    printfb.o(i.__0snprintf$bare) refers to printfb.o(i._printf_core) for _printf_core
    printfb.o(i.__0snprintf$bare) refers to printfb.o(i._snputc) for _snputc
    printfb.o(i.__0sprintf$bare) refers to printfb.o(i._printf_core) for _printf_core
    printfb.o(i.__0sprintf$bare) refers to printfb.o(i._sputc) for _sputc
    printfb.o(i.__0vfprintf$bare) refers to printfb.o(i._printf_core) for _printf_core
    printfb.o(i.__0vfprintf$bare) refers to k82f_flightcontroller.o(.text.fputc) for fputc
    printfb.o(i.__0vprintf$bare) refers to printfb.o(i._printf_core) for _printf_core
    printfb.o(i.__0vprintf$bare) refers to k82f_flightcontroller.o(.text.fputc) for fputc
    printfb.o(i.__0vprintf$bare) refers to k82f_flightcontroller.o(.bss.__stdout) for __stdout
    printfb.o(i.__0vsnprintf$bare) refers to printfb.o(i._printf_core) for _printf_core
    printfb.o(i.__0vsnprintf$bare) refers to printfb.o(i._snputc) for _snputc
    printfb.o(i.__0vsprintf$bare) refers to printfb.o(i._printf_core) for _printf_core
    printfb.o(i.__0vsprintf$bare) refers to printfb.o(i._sputc) for _sputc
    printf0.o(i.__0fprintf$0) refers to printf0.o(i._printf_core) for _printf_core
    printf0.o(i.__0fprintf$0) refers to k82f_flightcontroller.o(.text.fputc) for fputc
    printf0.o(i.__0printf$0) refers to printf0.o(i._printf_core) for _printf_core
    printf0.o(i.__0printf$0) refers to k82f_flightcontroller.o(.text.fputc) for fputc
    printf0.o(i.__0printf$0) refers to k82f_flightcontroller.o(.bss.__stdout) for __stdout
    printf0.o(i.__0snprintf$0) refers to printf0.o(i._printf_core) for _printf_core
    printf0.o(i.__0snprintf$0) refers to printf0.o(i._snputc) for _snputc
    printf0.o(i.__0sprintf$0) refers to printf0.o(i._printf_core) for _printf_core
    printf0.o(i.__0sprintf$0) refers to printf0.o(i._sputc) for _sputc
    printf0.o(i.__0vfprintf$0) refers to printf0.o(i._printf_core) for _printf_core
    printf0.o(i.__0vfprintf$0) refers to k82f_flightcontroller.o(.text.fputc) for fputc
    printf0.o(i.__0vprintf$0) refers to printf0.o(i._printf_core) for _printf_core
    printf0.o(i.__0vprintf$0) refers to k82f_flightcontroller.o(.text.fputc) for fputc
    printf0.o(i.__0vprintf$0) refers to k82f_flightcontroller.o(.bss.__stdout) for __stdout
    printf0.o(i.__0vsnprintf$0) refers to printf0.o(i._printf_core) for _printf_core
    printf0.o(i.__0vsnprintf$0) refers to printf0.o(i._snputc) for _snputc
    printf0.o(i.__0vsprintf$0) refers to printf0.o(i._printf_core) for _printf_core
    printf0.o(i.__0vsprintf$0) refers to printf0.o(i._sputc) for _sputc
    printf1.o(i.__0fprintf$1) refers to printf1.o(i._printf_core) for _printf_core
    printf1.o(i.__0fprintf$1) refers to k82f_flightcontroller.o(.text.fputc) for fputc
    printf1.o(i.__0printf$1) refers to printf1.o(i._printf_core) for _printf_core
    printf1.o(i.__0printf$1) refers to k82f_flightcontroller.o(.text.fputc) for fputc
    printf1.o(i.__0printf$1) refers to k82f_flightcontroller.o(.bss.__stdout) for __stdout
    printf1.o(i.__0snprintf$1) refers to printf1.o(i._printf_core) for _printf_core
    printf1.o(i.__0snprintf$1) refers to printf1.o(i._snputc) for _snputc
    printf1.o(i.__0sprintf$1) refers to printf1.o(i._printf_core) for _printf_core
    printf1.o(i.__0sprintf$1) refers to printf1.o(i._sputc) for _sputc
    printf1.o(i.__0vfprintf$1) refers to printf1.o(i._printf_core) for _printf_core
    printf1.o(i.__0vfprintf$1) refers to k82f_flightcontroller.o(.text.fputc) for fputc
    printf1.o(i.__0vprintf$1) refers to printf1.o(i._printf_core) for _printf_core
    printf1.o(i.__0vprintf$1) refers to k82f_flightcontroller.o(.text.fputc) for fputc
    printf1.o(i.__0vprintf$1) refers to k82f_flightcontroller.o(.bss.__stdout) for __stdout
    printf1.o(i.__0vsnprintf$1) refers to printf1.o(i._printf_core) for _printf_core
    printf1.o(i.__0vsnprintf$1) refers to printf1.o(i._snputc) for _snputc
    printf1.o(i.__0vsprintf$1) refers to printf1.o(i._printf_core) for _printf_core
    printf1.o(i.__0vsprintf$1) refers to printf1.o(i._sputc) for _sputc
    printf1.o(i._printf_core) refers to uidiv.o(.text) for __aeabi_uidivmod
    printf2.o(i.__0fprintf$2) refers to printf2.o(i._printf_core) for _printf_core
    printf2.o(i.__0fprintf$2) refers to k82f_flightcontroller.o(.text.fputc) for fputc
    printf2.o(i.__0printf$2) refers to printf2.o(i._printf_core) for _printf_core
    printf2.o(i.__0printf$2) refers to k82f_flightcontroller.o(.text.fputc) for fputc
    printf2.o(i.__0printf$2) refers to k82f_flightcontroller.o(.bss.__stdout) for __stdout
    printf2.o(i.__0snprintf$2) refers to printf2.o(i._printf_core) for _printf_core
    printf2.o(i.__0snprintf$2) refers to printf2.o(i._snputc) for _snputc
    printf2.o(i.__0sprintf$2) refers to printf2.o(i._printf_core) for _printf_core
    printf2.o(i.__0sprintf$2) refers to printf2.o(i._sputc) for _sputc
    printf2.o(i.__0vfprintf$2) refers to printf2.o(i._printf_core) for _printf_core
    printf2.o(i.__0vfprintf$2) refers to k82f_flightcontroller.o(.text.fputc) for fputc
    printf2.o(i.__0vprintf$2) refers to printf2.o(i._printf_core) for _printf_core
    printf2.o(i.__0vprintf$2) refers to k82f_flightcontroller.o(.text.fputc) for fputc
    printf2.o(i.__0vprintf$2) refers to k82f_flightcontroller.o(.bss.__stdout) for __stdout
    printf2.o(i.__0vsnprintf$2) refers to printf2.o(i._printf_core) for _printf_core
    printf2.o(i.__0vsnprintf$2) refers to printf2.o(i._snputc) for _snputc
    printf2.o(i.__0vsprintf$2) refers to printf2.o(i._printf_core) for _printf_core
    printf2.o(i.__0vsprintf$2) refers to printf2.o(i._sputc) for _sputc
    printf3.o(i.__0fprintf$3) refers to printf3.o(i._printf_core) for _printf_core
    printf3.o(i.__0fprintf$3) refers to k82f_flightcontroller.o(.text.fputc) for fputc
    printf3.o(i.__0printf$3) refers to printf3.o(i._printf_core) for _printf_core
    printf3.o(i.__0printf$3) refers to k82f_flightcontroller.o(.text.fputc) for fputc
    printf3.o(i.__0printf$3) refers to k82f_flightcontroller.o(.bss.__stdout) for __stdout
    printf3.o(i.__0snprintf$3) refers to printf3.o(i._printf_core) for _printf_core
    printf3.o(i.__0snprintf$3) refers to printf3.o(i._snputc) for _snputc
    printf3.o(i.__0sprintf$3) refers to printf3.o(i._printf_core) for _printf_core
    printf3.o(i.__0sprintf$3) refers to printf3.o(i._sputc) for _sputc
    printf3.o(i.__0vfprintf$3) refers to printf3.o(i._printf_core) for _printf_core
    printf3.o(i.__0vfprintf$3) refers to k82f_flightcontroller.o(.text.fputc) for fputc
    printf3.o(i.__0vprintf$3) refers to printf3.o(i._printf_core) for _printf_core
    printf3.o(i.__0vprintf$3) refers to k82f_flightcontroller.o(.text.fputc) for fputc
    printf3.o(i.__0vprintf$3) refers to k82f_flightcontroller.o(.bss.__stdout) for __stdout
    printf3.o(i.__0vsnprintf$3) refers to printf3.o(i._printf_core) for _printf_core
    printf3.o(i.__0vsnprintf$3) refers to printf3.o(i._snputc) for _snputc
    printf3.o(i.__0vsprintf$3) refers to printf3.o(i._printf_core) for _printf_core
    printf3.o(i.__0vsprintf$3) refers to printf3.o(i._sputc) for _sputc
    printf3.o(i._printf_core) refers to uidiv.o(.text) for __aeabi_uidivmod
    printf4.o(i.__0fprintf$4) refers to printf4.o(i._printf_core) for _printf_core
    printf4.o(i.__0fprintf$4) refers to k82f_flightcontroller.o(.text.fputc) for fputc
    printf4.o(i.__0printf$4) refers to printf4.o(i._printf_core) for _printf_core
    printf4.o(i.__0printf$4) refers to k82f_flightcontroller.o(.text.fputc) for fputc
    printf4.o(i.__0printf$4) refers to k82f_flightcontroller.o(.bss.__stdout) for __stdout
    printf4.o(i.__0snprintf$4) refers to printf4.o(i._printf_core) for _printf_core
    printf4.o(i.__0snprintf$4) refers to printf4.o(i._snputc) for _snputc
    printf4.o(i.__0sprintf$4) refers to printf4.o(i._printf_core) for _printf_core
    printf4.o(i.__0sprintf$4) refers to printf4.o(i._sputc) for _sputc
    printf4.o(i.__0vfprintf$4) refers to printf4.o(i._printf_core) for _printf_core
    printf4.o(i.__0vfprintf$4) refers to k82f_flightcontroller.o(.text.fputc) for fputc
    printf4.o(i.__0vprintf$4) refers to printf4.o(i._printf_core) for _printf_core
    printf4.o(i.__0vprintf$4) refers to k82f_flightcontroller.o(.text.fputc) for fputc
    printf4.o(i.__0vprintf$4) refers to k82f_flightcontroller.o(.bss.__stdout) for __stdout
    printf4.o(i.__0vsnprintf$4) refers to printf4.o(i._printf_core) for _printf_core
    printf4.o(i.__0vsnprintf$4) refers to printf4.o(i._snputc) for _snputc
    printf4.o(i.__0vsprintf$4) refers to printf4.o(i._printf_core) for _printf_core
    printf4.o(i.__0vsprintf$4) refers to printf4.o(i._sputc) for _sputc
    printf4.o(i._printf_core) refers to uldiv.o(.text) for __aeabi_uldivmod
    printf5.o(i.__0fprintf$5) refers to printf5.o(i._printf_core) for _printf_core
    printf5.o(i.__0fprintf$5) refers to k82f_flightcontroller.o(.text.fputc) for fputc
    printf5.o(i.__0printf$5) refers to printf5.o(i._printf_core) for _printf_core
    printf5.o(i.__0printf$5) refers to k82f_flightcontroller.o(.text.fputc) for fputc
    printf5.o(i.__0printf$5) refers to k82f_flightcontroller.o(.bss.__stdout) for __stdout
    printf5.o(i.__0snprintf$5) refers to printf5.o(i._printf_core) for _printf_core
    printf5.o(i.__0snprintf$5) refers to printf5.o(i._snputc) for _snputc
    printf5.o(i.__0sprintf$5) refers to printf5.o(i._printf_core) for _printf_core
    printf5.o(i.__0sprintf$5) refers to printf5.o(i._sputc) for _sputc
    printf5.o(i.__0vfprintf$5) refers to printf5.o(i._printf_core) for _printf_core
    printf5.o(i.__0vfprintf$5) refers to k82f_flightcontroller.o(.text.fputc) for fputc
    printf5.o(i.__0vprintf$5) refers to printf5.o(i._printf_core) for _printf_core
    printf5.o(i.__0vprintf$5) refers to k82f_flightcontroller.o(.text.fputc) for fputc
    printf5.o(i.__0vprintf$5) refers to k82f_flightcontroller.o(.bss.__stdout) for __stdout
    printf5.o(i.__0vsnprintf$5) refers to printf5.o(i._printf_core) for _printf_core
    printf5.o(i.__0vsnprintf$5) refers to printf5.o(i._snputc) for _snputc
    printf5.o(i.__0vsprintf$5) refers to printf5.o(i._printf_core) for _printf_core
    printf5.o(i.__0vsprintf$5) refers to printf5.o(i._sputc) for _sputc
    printf5.o(i._printf_core) refers to uldiv.o(.text) for __aeabi_uldivmod
    printf6.o(i.__0fprintf$6) refers to printf6.o(i._printf_core) for _printf_core
    printf6.o(i.__0fprintf$6) refers to k82f_flightcontroller.o(.text.fputc) for fputc
    printf6.o(i.__0printf$6) refers to printf6.o(i._printf_core) for _printf_core
    printf6.o(i.__0printf$6) refers to k82f_flightcontroller.o(.text.fputc) for fputc
    printf6.o(i.__0printf$6) refers to k82f_flightcontroller.o(.bss.__stdout) for __stdout
    printf6.o(i.__0snprintf$6) refers to printf6.o(i._printf_core) for _printf_core
    printf6.o(i.__0snprintf$6) refers to printf6.o(i._snputc) for _snputc
    printf6.o(i.__0sprintf$6) refers to printf6.o(i._printf_core) for _printf_core
    printf6.o(i.__0sprintf$6) refers to printf6.o(i._sputc) for _sputc
    printf6.o(i.__0vfprintf$6) refers to printf6.o(i._printf_core) for _printf_core
    printf6.o(i.__0vfprintf$6) refers to k82f_flightcontroller.o(.text.fputc) for fputc
    printf6.o(i.__0vprintf$6) refers to printf6.o(i._printf_core) for _printf_core
    printf6.o(i.__0vprintf$6) refers to k82f_flightcontroller.o(.text.fputc) for fputc
    printf6.o(i.__0vprintf$6) refers to k82f_flightcontroller.o(.bss.__stdout) for __stdout
    printf6.o(i.__0vsnprintf$6) refers to printf6.o(i._printf_core) for _printf_core
    printf6.o(i.__0vsnprintf$6) refers to printf6.o(i._snputc) for _snputc
    printf6.o(i.__0vsprintf$6) refers to printf6.o(i._printf_core) for _printf_core
    printf6.o(i.__0vsprintf$6) refers to printf6.o(i._sputc) for _sputc
    printf6.o(i._printf_core) refers to printf6.o(i._printf_pre_padding) for _printf_pre_padding
    printf6.o(i._printf_core) refers to uidiv.o(.text) for __aeabi_uidivmod
    printf6.o(i._printf_core) refers to printf6.o(i._printf_post_padding) for _printf_post_padding
    printf7.o(i.__0fprintf$7) refers to printf7.o(i._printf_core) for _printf_core
    printf7.o(i.__0fprintf$7) refers to k82f_flightcontroller.o(.text.fputc) for fputc
    printf7.o(i.__0printf$7) refers to printf7.o(i._printf_core) for _printf_core
    printf7.o(i.__0printf$7) refers to k82f_flightcontroller.o(.text.fputc) for fputc
    printf7.o(i.__0printf$7) refers to k82f_flightcontroller.o(.bss.__stdout) for __stdout
    printf7.o(i.__0snprintf$7) refers to printf7.o(i._printf_core) for _printf_core
    printf7.o(i.__0snprintf$7) refers to printf7.o(i._snputc) for _snputc
    printf7.o(i.__0sprintf$7) refers to printf7.o(i._printf_core) for _printf_core
    printf7.o(i.__0sprintf$7) refers to printf7.o(i._sputc) for _sputc
    printf7.o(i.__0vfprintf$7) refers to printf7.o(i._printf_core) for _printf_core
    printf7.o(i.__0vfprintf$7) refers to k82f_flightcontroller.o(.text.fputc) for fputc
    printf7.o(i.__0vprintf$7) refers to printf7.o(i._printf_core) for _printf_core
    printf7.o(i.__0vprintf$7) refers to k82f_flightcontroller.o(.text.fputc) for fputc
    printf7.o(i.__0vprintf$7) refers to k82f_flightcontroller.o(.bss.__stdout) for __stdout
    printf7.o(i.__0vsnprintf$7) refers to printf7.o(i._printf_core) for _printf_core
    printf7.o(i.__0vsnprintf$7) refers to printf7.o(i._snputc) for _snputc
    printf7.o(i.__0vsprintf$7) refers to printf7.o(i._printf_core) for _printf_core
    printf7.o(i.__0vsprintf$7) refers to printf7.o(i._sputc) for _sputc
    printf7.o(i._printf_core) refers to printf7.o(i._printf_pre_padding) for _printf_pre_padding
    printf7.o(i._printf_core) refers to uldiv.o(.text) for __aeabi_uldivmod
    printf7.o(i._printf_core) refers to printf7.o(i._printf_post_padding) for _printf_post_padding
    printf8.o(i.__0fprintf$8) refers to printf8.o(i._printf_core) for _printf_core
    printf8.o(i.__0fprintf$8) refers to k82f_flightcontroller.o(.text.fputc) for fputc
    printf8.o(i.__0printf$8) refers to printf8.o(i._printf_core) for _printf_core
    printf8.o(i.__0printf$8) refers to k82f_flightcontroller.o(.text.fputc) for fputc
    printf8.o(i.__0printf$8) refers to k82f_flightcontroller.o(.bss.__stdout) for __stdout
    printf8.o(i.__0snprintf$8) refers to printf8.o(i._printf_core) for _printf_core
    printf8.o(i.__0snprintf$8) refers to printf8.o(i._snputc) for _snputc
    printf8.o(i.__0sprintf$8) refers to printf8.o(i._printf_core) for _printf_core
    printf8.o(i.__0sprintf$8) refers to printf8.o(i._sputc) for _sputc
    printf8.o(i.__0vfprintf$8) refers to printf8.o(i._printf_core) for _printf_core
    printf8.o(i.__0vfprintf$8) refers to k82f_flightcontroller.o(.text.fputc) for fputc
    printf8.o(i.__0vprintf$8) refers to printf8.o(i._printf_core) for _printf_core
    printf8.o(i.__0vprintf$8) refers to k82f_flightcontroller.o(.text.fputc) for fputc
    printf8.o(i.__0vprintf$8) refers to k82f_flightcontroller.o(.bss.__stdout) for __stdout
    printf8.o(i.__0vsnprintf$8) refers to printf8.o(i._printf_core) for _printf_core
    printf8.o(i.__0vsnprintf$8) refers to printf8.o(i._snputc) for _snputc
    printf8.o(i.__0vsprintf$8) refers to printf8.o(i._printf_core) for _printf_core
    printf8.o(i.__0vsprintf$8) refers to printf8.o(i._sputc) for _sputc
    printf8.o(i._printf_core) refers to printf8.o(i._printf_pre_padding) for _printf_pre_padding
    printf8.o(i._printf_core) refers to uldiv.o(.text) for __aeabi_uldivmod
    printf8.o(i._printf_core) refers to printf8.o(i._printf_post_padding) for _printf_post_padding
    printfa.o(i.__0fprintf) refers (Special) to iusefp.o(.text) for __I$use$fp
    printfa.o(i.__0fprintf) refers to printfa.o(i._printf_core) for _printf_core
    printfa.o(i.__0fprintf) refers to k82f_flightcontroller.o(.text.fputc) for fputc
    printfa.o(i.__0printf) refers (Special) to iusefp.o(.text) for __I$use$fp
    printfa.o(i.__0printf) refers to printfa.o(i._printf_core) for _printf_core
    printfa.o(i.__0printf) refers to k82f_flightcontroller.o(.text.fputc) for fputc
    printfa.o(i.__0printf) refers to k82f_flightcontroller.o(.bss.__stdout) for __stdout
    printfa.o(i.__0snprintf) refers (Special) to iusefp.o(.text) for __I$use$fp
    printfa.o(i.__0snprintf) refers to printfa.o(i._printf_core) for _printf_core
    printfa.o(i.__0snprintf) refers to printfa.o(i._snputc) for _snputc
    printfa.o(i.__0sprintf) refers (Special) to iusefp.o(.text) for __I$use$fp
    printfa.o(i.__0sprintf) refers to printfa.o(i._printf_core) for _printf_core
    printfa.o(i.__0sprintf) refers to printfa.o(i._sputc) for _sputc
    printfa.o(i.__0vfprintf) refers (Special) to iusefp.o(.text) for __I$use$fp
    printfa.o(i.__0vfprintf) refers to printfa.o(i._printf_core) for _printf_core
    printfa.o(i.__0vfprintf) refers to k82f_flightcontroller.o(.text.fputc) for fputc
    printfa.o(i.__0vprintf) refers (Special) to iusefp.o(.text) for __I$use$fp
    printfa.o(i.__0vprintf) refers to printfa.o(i._printf_core) for _printf_core
    printfa.o(i.__0vprintf) refers to k82f_flightcontroller.o(.text.fputc) for fputc
    printfa.o(i.__0vprintf) refers to k82f_flightcontroller.o(.bss.__stdout) for __stdout
    printfa.o(i.__0vsnprintf) refers (Special) to iusefp.o(.text) for __I$use$fp
    printfa.o(i.__0vsnprintf) refers to printfa.o(i._printf_core) for _printf_core
    printfa.o(i.__0vsnprintf) refers to printfa.o(i._snputc) for _snputc
    printfa.o(i.__0vsprintf) refers (Special) to iusefp.o(.text) for __I$use$fp
    printfa.o(i.__0vsprintf) refers to printfa.o(i._printf_core) for _printf_core
    printfa.o(i.__0vsprintf) refers to printfa.o(i._sputc) for _sputc
    printfa.o(i._fp_digits) refers (Special) to iusefp.o(.text) for __I$use$fp
    printfa.o(i._fp_digits) refers to dmul.o(.text) for __aeabi_dmul
    printfa.o(i._fp_digits) refers to ddiv.o(.text) for __aeabi_ddiv
    printfa.o(i._fp_digits) refers to cdrcmple.o(.text) for __aeabi_cdrcmple
    printfa.o(i._fp_digits) refers to dadd.o(.text) for __aeabi_dadd
    printfa.o(i._fp_digits) refers to dfixul.o(.text) for __aeabi_d2ulz
    printfa.o(i._fp_digits) refers to uldiv.o(.text) for __aeabi_uldivmod
    printfa.o(i._printf_core) refers (Special) to iusefp.o(.text) for __I$use$fp
    printfa.o(i._printf_core) refers to printfa.o(i._printf_pre_padding) for _printf_pre_padding
    printfa.o(i._printf_core) refers to uldiv.o(.text) for __aeabi_uldivmod
    printfa.o(i._printf_core) refers to printfa.o(i._printf_post_padding) for _printf_post_padding
    printfa.o(i._printf_core) refers to printfa.o(i._fp_digits) for _fp_digits
    printfa.o(i._printf_core) refers to uidiv.o(.text) for __aeabi_uidivmod
    printfa.o(i._printf_post_padding) refers (Special) to iusefp.o(.text) for __I$use$fp
    printfa.o(i._printf_pre_padding) refers (Special) to iusefp.o(.text) for __I$use$fp
    printfa.o(i._snputc) refers (Special) to iusefp.o(.text) for __I$use$fp
    printfa.o(i._sputc) refers (Special) to iusefp.o(.text) for __I$use$fp
    ddiv.o(.text) refers (Special) to iusefp.o(.text) for __I$use$fp
    ddiv.o(.text) refers to depilogue.o(.text) for _double_round
    dfltui.o(.text) refers (Special) to iusefp.o(.text) for __I$use$fp
    dfltui.o(.text) refers to depilogue.o(.text) for _double_epilogue
    dfixi.o(.text) refers (Special) to iusefp.o(.text) for __I$use$fp
    dfixi.o(.text) refers to llushr.o(.text) for __aeabi_llsr
    entry4.o(.ARM.Collect$$$$00000003) refers to entry4.o(.ARM.Collect$$$$00002714) for __lit__00000000
    entry4.o(__vectab_stack_and_reset_area) refers to entry.o(.ARM.Collect$$$$00000000) for __main
    entry5.o(.ARM.Collect$$$$00000004) refers to init.o(.text) for __scatterload
    entry9a.o(.ARM.Collect$$$$0000000B) refers to k82f_flightcontroller.o(.text.main) for main
    entry9b.o(.ARM.Collect$$$$0000000C) refers to k82f_flightcontroller.o(.text.main) for main
    uldiv.o(.text) refers to llushr.o(.text) for __aeabi_llsr
    uldiv.o(.text) refers to llshl.o(.text) for __aeabi_llsl
    depilogue.o(.text) refers (Special) to iusefp.o(.text) for __I$use$fp
    depilogue.o(.text) refers to llshl.o(.text) for __aeabi_llsl
    depilogue.o(.text) refers to llushr.o(.text) for __aeabi_llsr
    dadd.o(.text) refers (Special) to iusefp.o(.text) for __I$use$fp
    dadd.o(.text) refers to llshl.o(.text) for __aeabi_llsl
    dadd.o(.text) refers to llsshr.o(.text) for __aeabi_lasr
    dadd.o(.text) refers to depilogue.o(.text) for _double_epilogue
    dmul.o(.text) refers (Special) to iusefp.o(.text) for __I$use$fp
    dmul.o(.text) refers to depilogue.o(.text) for _double_epilogue
    dfixul.o(.text) refers (Special) to iusefp.o(.text) for __I$use$fp
    dfixul.o(.text) refers to llushr.o(.text) for __aeabi_llsr
    dfixul.o(.text) refers to llshl.o(.text) for __aeabi_llsl
    cdrcmple.o(.text) refers (Special) to iusefp.o(.text) for __I$use$fp
    init.o(.text) refers to entry5.o(.ARM.Collect$$$$00000004) for __main_after_scatterload


==============================================================================

Removing Unused input sections from the image.

    Removing k82f_flightcontroller.o(.text), (0 bytes).
    Removing k82f_flightcontroller.o(.ARM.exidx.text.Debug_init_uart), (8 bytes).
    Removing k82f_flightcontroller.o(.ARM.exidx.text.__NVIC_SetPriority), (8 bytes).
    Removing k82f_flightcontroller.o(.ARM.exidx.text.__NVIC_ClearPendingIRQ), (8 bytes).
    Removing k82f_flightcontroller.o(.ARM.exidx.text.__NVIC_EnableIRQ), (8 bytes).
    Removing k82f_flightcontroller.o(.ARM.exidx.text.LPUART4_IRQHandler), (8 bytes).
    Removing k82f_flightcontroller.o(.ARM.exidx.text.fputc), (8 bytes).
    Removing k82f_flightcontroller.o(.text.fgetc), (20 bytes).
    Removing k82f_flightcontroller.o(.ARM.exidx.text.fgetc), (8 bytes).
    Removing k82f_flightcontroller.o(.ARM.exidx.text.OBLEDs_init), (8 bytes).
    Removing k82f_flightcontroller.o(.ARM.exidx.text.main), (8 bytes).
    Removing k82f_flightcontroller.o(.ARM.exidx.text.DMA_Error_IRQHandler), (8 bytes).
    Removing k82f_flightcontroller.o(.ARM.exidx.text.FTM0_IRQHandler), (8 bytes).
    Removing k82f_flightcontroller.o(.bss.__stdin), (4 bytes).
    Removing k82f_flightcontroller.o(.ARM.use_no_argv), (4 bytes).
    Removing ringbuffer.o(.text), (0 bytes).
    Removing ringbuffer.o(.ARM.exidx.text.RingBuffer_Init), (8 bytes).
    Removing ringbuffer.o(.ARM.exidx.text.RingBuffer_Full), (8 bytes).
    Removing ringbuffer.o(.ARM.exidx.text.RingBuffer_Empty), (8 bytes).
    Removing ringbuffer.o(.ARM.exidx.text.RingBuffer_Enqueue_Byte), (8 bytes).
    Removing ringbuffer.o(.ARM.exidx.text.RingBuffer_Dequeue_Byte), (8 bytes).
    Removing system_mk82f25615.o(.text), (0 bytes).
    Removing system_mk82f25615.o(.ARM.exidx.text.SystemInit), (8 bytes).
    Removing system_mk82f25615.o(.ARM.exidx.text.SystemInitHook), (8 bytes).
    Removing system_mk82f25615.o(.text.SystemCoreClockUpdate), (372 bytes).
    Removing system_mk82f25615.o(.ARM.exidx.text.SystemCoreClockUpdate), (8 bytes).
    Removing dadd.o(.text), (334 bytes).
    Removing dmul.o(.text), (228 bytes).
    Removing dfixul.o(.text), (48 bytes).
    Removing cdrcmple.o(.text), (48 bytes).

30 unused section(s) (total 1210 bytes) removed from the image.

==============================================================================

Image Symbol Table

    Local Symbols

    Symbol Name                              Value     Ov Type        Size  Object(Section)

    ../clib/microlib/division.c              0x00000000   Number         0  uidiv.o ABSOLUTE
    ../clib/microlib/division.c              0x00000000   Number         0  uldiv.o ABSOLUTE
    ../clib/microlib/init/entry.s            0x00000000   Number         0  entry.o ABSOLUTE
    ../clib/microlib/init/entry.s            0x00000000   Number         0  entry4.o ABSOLUTE
    ../clib/microlib/init/entry.s            0x00000000   Number         0  entry5.o ABSOLUTE
    ../clib/microlib/init/entry.s            0x00000000   Number         0  entry7a.o ABSOLUTE
    ../clib/microlib/init/entry.s            0x00000000   Number         0  entry7b.o ABSOLUTE
    ../clib/microlib/init/entry.s            0x00000000   Number         0  entry8a.o ABSOLUTE
    ../clib/microlib/init/entry.s            0x00000000   Number         0  entry8b.o ABSOLUTE
    ../clib/microlib/init/entry.s            0x00000000   Number         0  entry9a.o ABSOLUTE
    ../clib/microlib/init/entry.s            0x00000000   Number         0  entry9b.o ABSOLUTE
    ../clib/microlib/init/entry.s            0x00000000   Number         0  entry10a.o ABSOLUTE
    ../clib/microlib/init/entry.s            0x00000000   Number         0  entry10b.o ABSOLUTE
    ../clib/microlib/init/entry.s            0x00000000   Number         0  entry11a.o ABSOLUTE
    ../clib/microlib/init/entry.s            0x00000000   Number         0  entry11b.o ABSOLUTE
    ../clib/microlib/longlong.c              0x00000000   Number         0  llushr.o ABSOLUTE
    ../clib/microlib/longlong.c              0x00000000   Number         0  llshl.o ABSOLUTE
    ../clib/microlib/longlong.c              0x00000000   Number         0  llsshr.o ABSOLUTE
    ../clib/microlib/printf/printf.c         0x00000000   Number         0  printfb.o ABSOLUTE
    ../clib/microlib/printf/printf.c         0x00000000   Number         0  printf0.o ABSOLUTE
    ../clib/microlib/printf/printf.c         0x00000000   Number         0  printf1.o ABSOLUTE
    ../clib/microlib/printf/printf.c         0x00000000   Number         0  printf2.o ABSOLUTE
    ../clib/microlib/printf/printf.c         0x00000000   Number         0  printf3.o ABSOLUTE
    ../clib/microlib/printf/printf.c         0x00000000   Number         0  printf4.o ABSOLUTE
    ../clib/microlib/printf/printf.c         0x00000000   Number         0  printf5.o ABSOLUTE
    ../clib/microlib/printf/printf.c         0x00000000   Number         0  printf6.o ABSOLUTE
    ../clib/microlib/printf/printf.c         0x00000000   Number         0  printf7.o ABSOLUTE
    ../clib/microlib/printf/printf.c         0x00000000   Number         0  printf8.o ABSOLUTE
    ../clib/microlib/printf/printf.c         0x00000000   Number         0  printfa.o ABSOLUTE
    ../clib/microlib/printf/stubs.s          0x00000000   Number         0  printfstubs.o ABSOLUTE
    ../clib/microlib/stubs.s                 0x00000000   Number         0  iusefp.o ABSOLUTE
    ../fplib/microlib/fpadd.c                0x00000000   Number         0  dadd.o ABSOLUTE
    ../fplib/microlib/fpdiv.c                0x00000000   Number         0  ddiv.o ABSOLUTE
    ../fplib/microlib/fpepilogue.c           0x00000000   Number         0  depilogue.o ABSOLUTE
    ../fplib/microlib/fpfix.c                0x00000000   Number         0  dfixi.o ABSOLUTE
    ../fplib/microlib/fpfix.c                0x00000000   Number         0  dfixul.o ABSOLUTE
    ../fplib/microlib/fpflt.c                0x00000000   Number         0  dfltui.o ABSOLUTE
    ../fplib/microlib/fpmul.c                0x00000000   Number         0  dmul.o ABSOLUTE
    K82F_FlightController.c                  0x00000000   Number         0  k82f_flightcontroller.o ABSOLUTE
    RingBuffer.c                             0x00000000   Number         0  ringbuffer.o ABSOLUTE
    cdrcmple.s                               0x00000000   Number         0  cdrcmple.o ABSOLUTE
    dc.s                                     0x00000000   Number         0  dc.o ABSOLUTE
    handlers.s                               0x00000000   Number         0  handlers.o ABSOLUTE
    init.s                                   0x00000000   Number         0  init.o ABSOLUTE
    system_MK82F25615.c                      0x00000000   Number         0  system_mk82f25615.o ABSOLUTE
    [Anonymous Symbol]                       0x00000000   Section        0  startup_mk82f25615.o(.isr_vector)
    .ARM.Collect$$$$00000000                 0x00000410   Section        0  entry.o(.ARM.Collect$$$$00000000)
    .ARM.Collect$$$$00000003                 0x00000410   Section        4  entry4.o(.ARM.Collect$$$$00000003)
    .ARM.Collect$$$$00000004                 0x00000414   Section        4  entry5.o(.ARM.Collect$$$$00000004)
    .ARM.Collect$$$$00000008                 0x00000418   Section        0  entry7b.o(.ARM.Collect$$$$00000008)
    .ARM.Collect$$$$0000000A                 0x00000418   Section        0  entry8b.o(.ARM.Collect$$$$0000000A)
    .ARM.Collect$$$$0000000B                 0x00000418   Section        8  entry9a.o(.ARM.Collect$$$$0000000B)
    __lit__00000000                          0x00000420   Data           4  entry4.o(.ARM.Collect$$$$00002714)
    .ARM.Collect$$$$0000000D                 0x00000420   Section        0  entry10a.o(.ARM.Collect$$$$0000000D)
    .ARM.Collect$$$$0000000F                 0x00000420   Section        0  entry11a.o(.ARM.Collect$$$$0000000F)
    .ARM.Collect$$$$00002714                 0x00000420   Section        4  entry4.o(.ARM.Collect$$$$00002714)
    [Anonymous Symbol]                       0x00000424   Section        0  startup_mk82f25615.o(.text)
    .text                                    0x00000588   Section        0  ddiv.o(.text)
    .text                                    0x00000666   Section        0  dfltui.o(.text)
    .text                                    0x00000680   Section        0  dfixi.o(.text)
    .text                                    0x000006be   Section        0  uldiv.o(.text)
    .text                                    0x00000720   Section        0  llushr.o(.text)
    .text                                    0x00000740   Section        0  iusefp.o(.text)
    .text                                    0x00000740   Section        0  depilogue.o(.text)
    .text                                    0x000007fc   Section       36  init.o(.text)
    .text                                    0x00000820   Section        0  llshl.o(.text)
    [Anonymous Symbol]                       0x00000840   Section        0  k82f_flightcontroller.o(.text.DMA_Error_IRQHandler)
    [Anonymous Symbol]                       0x00000958   Section        0  k82f_flightcontroller.o(.text.Debug_init_uart)
    [Anonymous Symbol]                       0x00000a50   Section        0  k82f_flightcontroller.o(.text.FTM0_IRQHandler)
    [Anonymous Symbol]                       0x00000a54   Section        0  k82f_flightcontroller.o(.text.LPUART4_IRQHandler)
    [Anonymous Symbol]                       0x00000acc   Section        0  k82f_flightcontroller.o(.text.OBLEDs_init)
    [Anonymous Symbol]                       0x00000b28   Section        0  ringbuffer.o(.text.RingBuffer_Dequeue_Byte)
    [Anonymous Symbol]                       0x00000b70   Section        0  ringbuffer.o(.text.RingBuffer_Empty)
    [Anonymous Symbol]                       0x00000b7c   Section        0  ringbuffer.o(.text.RingBuffer_Enqueue_Byte)
    [Anonymous Symbol]                       0x00000bbc   Section        0  ringbuffer.o(.text.RingBuffer_Full)
    [Anonymous Symbol]                       0x00000bcc   Section        0  ringbuffer.o(.text.RingBuffer_Init)
    [Anonymous Symbol]                       0x00000bf0   Section        0  system_mk82f25615.o(.text.SystemInit)
    [Anonymous Symbol]                       0x00000c24   Section        0  system_mk82f25615.o(.text.SystemInitHook)
    __NVIC_ClearPendingIRQ                   0x00000c29   Thumb Code    32  k82f_flightcontroller.o(.text.__NVIC_ClearPendingIRQ)
    [Anonymous Symbol]                       0x00000c28   Section        0  k82f_flightcontroller.o(.text.__NVIC_ClearPendingIRQ)
    __NVIC_EnableIRQ                         0x00000c49   Thumb Code    32  k82f_flightcontroller.o(.text.__NVIC_EnableIRQ)
    [Anonymous Symbol]                       0x00000c48   Section        0  k82f_flightcontroller.o(.text.__NVIC_EnableIRQ)
    __NVIC_SetPriority                       0x00000c69   Thumb Code    36  k82f_flightcontroller.o(.text.__NVIC_SetPriority)
    [Anonymous Symbol]                       0x00000c68   Section        0  k82f_flightcontroller.o(.text.__NVIC_SetPriority)
    [Anonymous Symbol]                       0x00000c8c   Section        0  k82f_flightcontroller.o(.text.fputc)
    [Anonymous Symbol]                       0x00000ca8   Section        0  k82f_flightcontroller.o(.text.main)
    i.__0printf$8                            0x000011dc   Section        0  printf8.o(i.__0printf$8)
    i.__scatterload_copy                     0x000011fc   Section       14  handlers.o(i.__scatterload_copy)
    i.__scatterload_null                     0x0000120a   Section        2  handlers.o(i.__scatterload_null)
    i.__scatterload_zeroinit                 0x0000120c   Section       14  handlers.o(i.__scatterload_zeroinit)
    _printf_core                             0x0000121d   Thumb Code   996  printf8.o(i._printf_core)
    i._printf_core                           0x0000121c   Section        0  printf8.o(i._printf_core)
    _printf_post_padding                     0x0000162d   Thumb Code    36  printf8.o(i._printf_post_padding)
    i._printf_post_padding                   0x0000162c   Section        0  printf8.o(i._printf_post_padding)
    _printf_pre_padding                      0x00001651   Thumb Code    46  printf8.o(i._printf_pre_padding)
    i._printf_pre_padding                    0x00001650   Section        0  printf8.o(i._printf_pre_padding)
    .L.str                                   0x0000167e   Data          23  k82f_flightcontroller.o(.rodata.str1.1)
    [Anonymous Symbol]                       0x0000167e   Section        0  k82f_flightcontroller.o(.rodata.str1.1)
    .L.str.10                                0x00001691   Data           4  k82f_flightcontroller.o(.rodata.str1.1)
    .L.str.27                                0x00001695   Data          17  k82f_flightcontroller.o(.rodata.str1.1)
    .L.str.12                                0x000016a6   Data          13  k82f_flightcontroller.o(.rodata.str1.1)
    .L.str.24                                0x000016b3   Data          17  k82f_flightcontroller.o(.rodata.str1.1)
    .L.str.18                                0x000016c4   Data          13  k82f_flightcontroller.o(.rodata.str1.1)
    .L.str.16                                0x000016d1   Data          13  k82f_flightcontroller.o(.rodata.str1.1)
    .L.str.23                                0x000016de   Data          13  k82f_flightcontroller.o(.rodata.str1.1)
    .L.str.22                                0x000016eb   Data          13  k82f_flightcontroller.o(.rodata.str1.1)
    .L.str.20                                0x000016f8   Data          13  k82f_flightcontroller.o(.rodata.str1.1)
    .L.str.21                                0x00001705   Data          13  k82f_flightcontroller.o(.rodata.str1.1)
    .L.str.19                                0x00001712   Data          13  k82f_flightcontroller.o(.rodata.str1.1)
    .L.str.17                                0x0000171f   Data          13  k82f_flightcontroller.o(.rodata.str1.1)
    .L.str.15                                0x0000172c   Data          13  k82f_flightcontroller.o(.rodata.str1.1)
    .L.str.14                                0x00001739   Data          13  k82f_flightcontroller.o(.rodata.str1.1)
    .L.str.11                                0x00001746   Data          13  k82f_flightcontroller.o(.rodata.str1.1)
    .L.str.13                                0x00001753   Data          13  k82f_flightcontroller.o(.rodata.str1.1)
    .L.str.25                                0x00001760   Data          27  k82f_flightcontroller.o(.rodata.str1.1)
    .L.str.26                                0x0000177b   Data          27  k82f_flightcontroller.o(.rodata.str1.1)
    .L.str.4                                 0x00001796   Data          28  k82f_flightcontroller.o(.rodata.str1.1)
    .L.str.2                                 0x000017b2   Data          28  k82f_flightcontroller.o(.rodata.str1.1)
    .L.str.5                                 0x000017ce   Data          28  k82f_flightcontroller.o(.rodata.str1.1)
    .L.str.3                                 0x000017ea   Data          28  k82f_flightcontroller.o(.rodata.str1.1)
    global_Dshot_command_buffer              0x20000028   Data          34  k82f_flightcontroller.o(.bss.global_Dshot_command_buffer)
    [Anonymous Symbol]                       0x20000028   Section        0  k82f_flightcontroller.o(.bss.global_Dshot_command_buffer)
    receiveQueue                             0x2000004a   Data         262  k82f_flightcontroller.o(.bss.receiveQueue)
    [Anonymous Symbol]                       0x2000004a   Section        0  k82f_flightcontroller.o(.bss.receiveQueue)
    transmitQueue                            0x20000150   Data         262  k82f_flightcontroller.o(.bss.transmitQueue)
    [Anonymous Symbol]                       0x20000150   Section        0  k82f_flightcontroller.o(.bss.transmitQueue)
    VTOR                                     0xe000ed08   Number         0  startup_mk82f25615.o ABSOLUTE

    Global Symbols

    Symbol Name                              Value     Ov Type        Size  Object(Section)

    BuildAttributes$$THM_ISAv4$E$P$D$K$B$S$7EM$VFPi3$EXTD16$VFPS$VFMA$PE$A:L22UL41UL21$X:L11$S22US41US21$IEEE1$IW$USESV6$~STKCKD$USESV7$~SHL$OTIME$ROPI$EBA8$MICROLIB$REQ8$PRES8$EABIv2 0x00000000   Number         0  anon$$obj.o ABSOLUTE
    __Vectors                                0x00000000   Number       960  startup_mk82f25615.o(.isr_vector)
    _printf_a                                0x00000000   Number         0  printfstubs.o ABSOLUTE
    _printf_c                                0x00000000   Number         0  printfstubs.o ABSOLUTE
    _printf_charcount                        0x00000000   Number         0  printfstubs.o ABSOLUTE
    _printf_d                                0x00000000   Number         0  printfstubs.o ABSOLUTE
    _printf_e                                0x00000000   Number         0  printfstubs.o ABSOLUTE
    _printf_f                                0x00000000   Number         0  printfstubs.o ABSOLUTE
    _printf_flags                            0x00000000   Number         0  printfstubs.o ABSOLUTE
    _printf_fp_dec                           0x00000000   Number         0  printfstubs.o ABSOLUTE
    _printf_fp_hex                           0x00000000   Number         0  printfstubs.o ABSOLUTE
    _printf_g                                0x00000000   Number         0  printfstubs.o ABSOLUTE
    _printf_i                                0x00000000   Number         0  printfstubs.o ABSOLUTE
    _printf_int_dec                          0x00000000   Number         0  printfstubs.o ABSOLUTE
    _printf_l                                0x00000000   Number         0  printfstubs.o ABSOLUTE
    _printf_lc                               0x00000000   Number         0  printfstubs.o ABSOLUTE
    _printf_ll                               0x00000000   Number         0  printfstubs.o ABSOLUTE
    _printf_lld                              0x00000000   Number         0  printfstubs.o ABSOLUTE
    _printf_lli                              0x00000000   Number         0  printfstubs.o ABSOLUTE
    _printf_llo                              0x00000000   Number         0  printfstubs.o ABSOLUTE
    _printf_llu                              0x00000000   Number         0  printfstubs.o ABSOLUTE
    _printf_llx                              0x00000000   Number         0  printfstubs.o ABSOLUTE
    _printf_longlong_dec                     0x00000000   Number         0  printfstubs.o ABSOLUTE
    _printf_longlong_hex                     0x00000000   Number         0  printfstubs.o ABSOLUTE
    _printf_longlong_oct                     0x00000000   Number         0  printfstubs.o ABSOLUTE
    _printf_ls                               0x00000000   Number         0  printfstubs.o ABSOLUTE
    _printf_mbtowc                           0x00000000   Number         0  printfstubs.o ABSOLUTE
    _printf_n                                0x00000000   Number         0  printfstubs.o ABSOLUTE
    _printf_o                                0x00000000   Number         0  printfstubs.o ABSOLUTE
    _printf_p                                0x00000000   Number         0  printfstubs.o ABSOLUTE
    _printf_percent                          0x00000000   Number         0  printfstubs.o ABSOLUTE
    _printf_pre_padding                      0x00000000   Number         0  printfstubs.o ABSOLUTE
    _printf_return_value                     0x00000000   Number         0  printfstubs.o ABSOLUTE
    _printf_s                                0x00000000   Number         0  printfstubs.o ABSOLUTE
    _printf_sizespec                         0x00000000   Number         0  printfstubs.o ABSOLUTE
    _printf_str                              0x00000000   Number         0  printfstubs.o ABSOLUTE
    _printf_truncate_signed                  0x00000000   Number         0  printfstubs.o ABSOLUTE
    _printf_truncate_unsigned                0x00000000   Number         0  printfstubs.o ABSOLUTE
    _printf_u                                0x00000000   Number         0  printfstubs.o ABSOLUTE
    _printf_wc                               0x00000000   Number         0  printfstubs.o ABSOLUTE
    _printf_wctomb                           0x00000000   Number         0  printfstubs.o ABSOLUTE
    _printf_widthprec                        0x00000000   Number         0  printfstubs.o ABSOLUTE
    _printf_x                                0x00000000   Number         0  printfstubs.o ABSOLUTE
    __cpp_initialize__aeabi_                  - Undefined Weak Reference
    __cxa_finalize                            - Undefined Weak Reference
    __decompress                              - Undefined Weak Reference
    _clock_init                               - Undefined Weak Reference
    _microlib_exit                            - Undefined Weak Reference
    __main                                   0x00000411   Thumb Code     0  entry.o(.ARM.Collect$$$$00000000)
    _main_stk                                0x00000411   Thumb Code     0  entry4.o(.ARM.Collect$$$$00000003)
    _main_scatterload                        0x00000415   Thumb Code     0  entry5.o(.ARM.Collect$$$$00000004)
    __main_after_scatterload                 0x00000419   Thumb Code     0  entry5.o(.ARM.Collect$$$$00000004)
    _main_clock                              0x00000419   Thumb Code     0  entry7b.o(.ARM.Collect$$$$00000008)
    _main_cpp_init                           0x00000419   Thumb Code     0  entry8b.o(.ARM.Collect$$$$0000000A)
    _main_init                               0x00000419   Thumb Code     0  entry9a.o(.ARM.Collect$$$$0000000B)
    __rt_final_cpp                           0x00000421   Thumb Code     0  entry10a.o(.ARM.Collect$$$$0000000D)
    __rt_final_exit                          0x00000421   Thumb Code     0  entry11a.o(.ARM.Collect$$$$0000000F)
    Reset_Handler                            0x00000425   Thumb Code    40  startup_mk82f25615.o(.text)
    ADC0_IRQHandler                          0x0000044d   Thumb Code     4  startup_mk82f25615.o(.text)
    BusFault_Handler                         0x0000044d   Thumb Code     4  startup_mk82f25615.o(.text)
    CMP0_IRQHandler                          0x0000044d   Thumb Code     4  startup_mk82f25615.o(.text)
    CMP1_IRQHandler                          0x0000044d   Thumb Code     4  startup_mk82f25615.o(.text)
    CMT_IRQHandler                           0x0000044d   Thumb Code     4  startup_mk82f25615.o(.text)
    DAC0_IRQHandler                          0x0000044d   Thumb Code     4  startup_mk82f25615.o(.text)
    DMA0_DMA16_DriverIRQHandler              0x0000044d   Thumb Code     4  startup_mk82f25615.o(.text)
    DMA10_DMA26_DriverIRQHandler             0x0000044d   Thumb Code     4  startup_mk82f25615.o(.text)
    DMA11_DMA27_DriverIRQHandler             0x0000044d   Thumb Code     4  startup_mk82f25615.o(.text)
    DMA12_DMA28_DriverIRQHandler             0x0000044d   Thumb Code     4  startup_mk82f25615.o(.text)
    DMA13_DMA29_DriverIRQHandler             0x0000044d   Thumb Code     4  startup_mk82f25615.o(.text)
    DMA14_DMA30_DriverIRQHandler             0x0000044d   Thumb Code     4  startup_mk82f25615.o(.text)
    DMA15_DMA31_DriverIRQHandler             0x0000044d   Thumb Code     4  startup_mk82f25615.o(.text)
    DMA1_DMA17_DriverIRQHandler              0x0000044d   Thumb Code     4  startup_mk82f25615.o(.text)
    DMA2_DMA18_DriverIRQHandler              0x0000044d   Thumb Code     4  startup_mk82f25615.o(.text)
    DMA3_DMA19_DriverIRQHandler              0x0000044d   Thumb Code     4  startup_mk82f25615.o(.text)
    DMA4_DMA20_DriverIRQHandler              0x0000044d   Thumb Code     4  startup_mk82f25615.o(.text)
    DMA5_DMA21_DriverIRQHandler              0x0000044d   Thumb Code     4  startup_mk82f25615.o(.text)
    DMA6_DMA22_DriverIRQHandler              0x0000044d   Thumb Code     4  startup_mk82f25615.o(.text)
    DMA7_DMA23_DriverIRQHandler              0x0000044d   Thumb Code     4  startup_mk82f25615.o(.text)
    DMA8_DMA24_DriverIRQHandler              0x0000044d   Thumb Code     4  startup_mk82f25615.o(.text)
    DMA9_DMA25_DriverIRQHandler              0x0000044d   Thumb Code     4  startup_mk82f25615.o(.text)
    DMA_Error_DriverIRQHandler               0x0000044d   Thumb Code     4  startup_mk82f25615.o(.text)
    DebugMon_Handler                         0x0000044d   Thumb Code     4  startup_mk82f25615.o(.text)
    DefaultISR                               0x0000044d   Thumb Code     4  startup_mk82f25615.o(.text)
    EMVSIM0_IRQHandler                       0x0000044d   Thumb Code     4  startup_mk82f25615.o(.text)
    EMVSIM1_IRQHandler                       0x0000044d   Thumb Code     4  startup_mk82f25615.o(.text)
    FLEXIO0_DriverIRQHandler                 0x0000044d   Thumb Code     4  startup_mk82f25615.o(.text)
    FTFA_IRQHandler                          0x0000044d   Thumb Code     4  startup_mk82f25615.o(.text)
    FTM1_IRQHandler                          0x0000044d   Thumb Code     4  startup_mk82f25615.o(.text)
    FTM2_IRQHandler                          0x0000044d   Thumb Code     4  startup_mk82f25615.o(.text)
    FTM3_IRQHandler                          0x0000044d   Thumb Code     4  startup_mk82f25615.o(.text)
    I2C0_DriverIRQHandler                    0x0000044d   Thumb Code     4  startup_mk82f25615.o(.text)
    I2C1_DriverIRQHandler                    0x0000044d   Thumb Code     4  startup_mk82f25615.o(.text)
    I2C2_DriverIRQHandler                    0x0000044d   Thumb Code     4  startup_mk82f25615.o(.text)
    I2C3_DriverIRQHandler                    0x0000044d   Thumb Code     4  startup_mk82f25615.o(.text)
    I2S0_Rx_DriverIRQHandler                 0x0000044d   Thumb Code     4  startup_mk82f25615.o(.text)
    I2S0_Tx_DriverIRQHandler                 0x0000044d   Thumb Code     4  startup_mk82f25615.o(.text)
    LLWU_IRQHandler                          0x0000044d   Thumb Code     4  startup_mk82f25615.o(.text)
    LPTMR0_LPTMR1_IRQHandler                 0x0000044d   Thumb Code     4  startup_mk82f25615.o(.text)
    LPUART0_DriverIRQHandler                 0x0000044d   Thumb Code     4  startup_mk82f25615.o(.text)
    LPUART1_DriverIRQHandler                 0x0000044d   Thumb Code     4  startup_mk82f25615.o(.text)
    LPUART2_DriverIRQHandler                 0x0000044d   Thumb Code     4  startup_mk82f25615.o(.text)
    LPUART3_DriverIRQHandler                 0x0000044d   Thumb Code     4  startup_mk82f25615.o(.text)
    LPUART4_DriverIRQHandler                 0x0000044d   Thumb Code     4  startup_mk82f25615.o(.text)
    LTC0_IRQHandler                          0x0000044d   Thumb Code     4  startup_mk82f25615.o(.text)
    LVD_LVW_IRQHandler                       0x0000044d   Thumb Code     4  startup_mk82f25615.o(.text)
    MCG_IRQHandler                           0x0000044d   Thumb Code     4  startup_mk82f25615.o(.text)
    MCM_IRQHandler                           0x0000044d   Thumb Code     4  startup_mk82f25615.o(.text)
    MemManage_Handler                        0x0000044d   Thumb Code     4  startup_mk82f25615.o(.text)
    PDB0_IRQHandler                          0x0000044d   Thumb Code     4  startup_mk82f25615.o(.text)
    PIT0CH0_IRQHandler                       0x0000044d   Thumb Code     4  startup_mk82f25615.o(.text)
    PIT0CH1_IRQHandler                       0x0000044d   Thumb Code     4  startup_mk82f25615.o(.text)
    PIT0CH2_IRQHandler                       0x0000044d   Thumb Code     4  startup_mk82f25615.o(.text)
    PIT0CH3_IRQHandler                       0x0000044d   Thumb Code     4  startup_mk82f25615.o(.text)
    PORTA_IRQHandler                         0x0000044d   Thumb Code     4  startup_mk82f25615.o(.text)
    PORTB_IRQHandler                         0x0000044d   Thumb Code     4  startup_mk82f25615.o(.text)
    PORTC_IRQHandler                         0x0000044d   Thumb Code     4  startup_mk82f25615.o(.text)
    PORTD_IRQHandler                         0x0000044d   Thumb Code     4  startup_mk82f25615.o(.text)
    PORTE_IRQHandler                         0x0000044d   Thumb Code     4  startup_mk82f25615.o(.text)
    QuadSPI0_DriverIRQHandler                0x0000044d   Thumb Code     4  startup_mk82f25615.o(.text)
    RTC_IRQHandler                           0x0000044d   Thumb Code     4  startup_mk82f25615.o(.text)
    RTC_Seconds_IRQHandler                   0x0000044d   Thumb Code     4  startup_mk82f25615.o(.text)
    Read_Collision_IRQHandler                0x0000044d   Thumb Code     4  startup_mk82f25615.o(.text)
    Reserved100_IRQHandler                   0x0000044d   Thumb Code     4  startup_mk82f25615.o(.text)
    Reserved101_IRQHandler                   0x0000044d   Thumb Code     4  startup_mk82f25615.o(.text)
    Reserved102_IRQHandler                   0x0000044d   Thumb Code     4  startup_mk82f25615.o(.text)
    Reserved106_IRQHandler                   0x0000044d   Thumb Code     4  startup_mk82f25615.o(.text)
    Reserved108_IRQHandler                   0x0000044d   Thumb Code     4  startup_mk82f25615.o(.text)
    Reserved109_IRQHandler                   0x0000044d   Thumb Code     4  startup_mk82f25615.o(.text)
    Reserved110_IRQHandler                   0x0000044d   Thumb Code     4  startup_mk82f25615.o(.text)
    Reserved111_IRQHandler                   0x0000044d   Thumb Code     4  startup_mk82f25615.o(.text)
    Reserved112_IRQHandler                   0x0000044d   Thumb Code     4  startup_mk82f25615.o(.text)
    Reserved113_IRQHandler                   0x0000044d   Thumb Code     4  startup_mk82f25615.o(.text)
    Reserved114_IRQHandler                   0x0000044d   Thumb Code     4  startup_mk82f25615.o(.text)
    Reserved115_IRQHandler                   0x0000044d   Thumb Code     4  startup_mk82f25615.o(.text)
    Reserved117_IRQHandler                   0x0000044d   Thumb Code     4  startup_mk82f25615.o(.text)
    Reserved118_IRQHandler                   0x0000044d   Thumb Code     4  startup_mk82f25615.o(.text)
    Reserved119_IRQHandler                   0x0000044d   Thumb Code     4  startup_mk82f25615.o(.text)
    Reserved121_IRQHandler                   0x0000044d   Thumb Code     4  startup_mk82f25615.o(.text)
    Reserved122_IRQHandler                   0x0000044d   Thumb Code     4  startup_mk82f25615.o(.text)
    Reserved51_IRQHandler                    0x0000044d   Thumb Code     4  startup_mk82f25615.o(.text)
    Reserved52_IRQHandler                    0x0000044d   Thumb Code     4  startup_mk82f25615.o(.text)
    Reserved71_IRQHandler                    0x0000044d   Thumb Code     4  startup_mk82f25615.o(.text)
    Reserved82_IRQHandler                    0x0000044d   Thumb Code     4  startup_mk82f25615.o(.text)
    Reserved83_IRQHandler                    0x0000044d   Thumb Code     4  startup_mk82f25615.o(.text)
    Reserved84_IRQHandler                    0x0000044d   Thumb Code     4  startup_mk82f25615.o(.text)
    Reserved85_IRQHandler                    0x0000044d   Thumb Code     4  startup_mk82f25615.o(.text)
    Reserved88_IRQHandler                    0x0000044d   Thumb Code     4  startup_mk82f25615.o(.text)
    Reserved89_IRQHandler                    0x0000044d   Thumb Code     4  startup_mk82f25615.o(.text)
    Reserved91_IRQHandler                    0x0000044d   Thumb Code     4  startup_mk82f25615.o(.text)
    Reserved92_IRQHandler                    0x0000044d   Thumb Code     4  startup_mk82f25615.o(.text)
    Reserved93_IRQHandler                    0x0000044d   Thumb Code     4  startup_mk82f25615.o(.text)
    Reserved94_IRQHandler                    0x0000044d   Thumb Code     4  startup_mk82f25615.o(.text)
    Reserved95_IRQHandler                    0x0000044d   Thumb Code     4  startup_mk82f25615.o(.text)
    Reserved96_IRQHandler                    0x0000044d   Thumb Code     4  startup_mk82f25615.o(.text)
    Reserved98_IRQHandler                    0x0000044d   Thumb Code     4  startup_mk82f25615.o(.text)
    Reserved99_IRQHandler                    0x0000044d   Thumb Code     4  startup_mk82f25615.o(.text)
    SDHC_DriverIRQHandler                    0x0000044d   Thumb Code     4  startup_mk82f25615.o(.text)
    SPI0_DriverIRQHandler                    0x0000044d   Thumb Code     4  startup_mk82f25615.o(.text)
    SPI1_DriverIRQHandler                    0x0000044d   Thumb Code     4  startup_mk82f25615.o(.text)
    SPI2_DriverIRQHandler                    0x0000044d   Thumb Code     4  startup_mk82f25615.o(.text)
    SWI_IRQHandler                           0x0000044d   Thumb Code     4  startup_mk82f25615.o(.text)
    TPM1_IRQHandler                          0x0000044d   Thumb Code     4  startup_mk82f25615.o(.text)
    TPM2_IRQHandler                          0x0000044d   Thumb Code     4  startup_mk82f25615.o(.text)
    TRNG0_IRQHandler                         0x0000044d   Thumb Code     4  startup_mk82f25615.o(.text)
    TSI0_IRQHandler                          0x0000044d   Thumb Code     4  startup_mk82f25615.o(.text)
    USB0_IRQHandler                          0x0000044d   Thumb Code     4  startup_mk82f25615.o(.text)
    USBDCD_IRQHandler                        0x0000044d   Thumb Code     4  startup_mk82f25615.o(.text)
    UsageFault_Handler                       0x0000044d   Thumb Code     4  startup_mk82f25615.o(.text)
    WDOG_EWM_IRQHandler                      0x0000044d   Thumb Code     4  startup_mk82f25615.o(.text)
    NMI_Handler                              0x00000451   Thumb Code     4  startup_mk82f25615.o(.text)
    HardFault_Handler                        0x00000455   Thumb Code     4  startup_mk82f25615.o(.text)
    SVC_Handler                              0x00000459   Thumb Code     4  startup_mk82f25615.o(.text)
    PendSV_Handler                           0x0000045d   Thumb Code     4  startup_mk82f25615.o(.text)
    SysTick_Handler                          0x00000461   Thumb Code     4  startup_mk82f25615.o(.text)
    DMA0_DMA16_IRQHandler                    0x00000465   Thumb Code     4  startup_mk82f25615.o(.text)
    DMA1_DMA17_IRQHandler                    0x00000469   Thumb Code     4  startup_mk82f25615.o(.text)
    DMA2_DMA18_IRQHandler                    0x0000046d   Thumb Code     4  startup_mk82f25615.o(.text)
    DMA3_DMA19_IRQHandler                    0x00000471   Thumb Code     4  startup_mk82f25615.o(.text)
    DMA4_DMA20_IRQHandler                    0x00000475   Thumb Code     4  startup_mk82f25615.o(.text)
    DMA5_DMA21_IRQHandler                    0x00000479   Thumb Code     4  startup_mk82f25615.o(.text)
    DMA6_DMA22_IRQHandler                    0x0000047d   Thumb Code     4  startup_mk82f25615.o(.text)
    DMA7_DMA23_IRQHandler                    0x00000481   Thumb Code     4  startup_mk82f25615.o(.text)
    DMA8_DMA24_IRQHandler                    0x00000485   Thumb Code     4  startup_mk82f25615.o(.text)
    DMA9_DMA25_IRQHandler                    0x00000489   Thumb Code     4  startup_mk82f25615.o(.text)
    DMA10_DMA26_IRQHandler                   0x0000048d   Thumb Code     4  startup_mk82f25615.o(.text)
    DMA11_DMA27_IRQHandler                   0x00000491   Thumb Code     4  startup_mk82f25615.o(.text)
    DMA12_DMA28_IRQHandler                   0x00000495   Thumb Code     4  startup_mk82f25615.o(.text)
    DMA13_DMA29_IRQHandler                   0x00000499   Thumb Code     4  startup_mk82f25615.o(.text)
    DMA14_DMA30_IRQHandler                   0x0000049d   Thumb Code     4  startup_mk82f25615.o(.text)
    DMA15_DMA31_IRQHandler                   0x000004a1   Thumb Code     4  startup_mk82f25615.o(.text)
    I2C0_IRQHandler                          0x000004a9   Thumb Code     4  startup_mk82f25615.o(.text)
    I2C1_IRQHandler                          0x000004ad   Thumb Code     4  startup_mk82f25615.o(.text)
    SPI0_IRQHandler                          0x000004b1   Thumb Code     4  startup_mk82f25615.o(.text)
    SPI1_IRQHandler                          0x000004b5   Thumb Code     4  startup_mk82f25615.o(.text)
    I2S0_Tx_IRQHandler                       0x000004b9   Thumb Code     4  startup_mk82f25615.o(.text)
    I2S0_Rx_IRQHandler                       0x000004bd   Thumb Code     4  startup_mk82f25615.o(.text)
    LPUART0_IRQHandler                       0x000004c1   Thumb Code     4  startup_mk82f25615.o(.text)
    LPUART1_IRQHandler                       0x000004c5   Thumb Code     4  startup_mk82f25615.o(.text)
    LPUART2_IRQHandler                       0x000004c9   Thumb Code     4  startup_mk82f25615.o(.text)
    LPUART3_IRQHandler                       0x000004cd   Thumb Code     4  startup_mk82f25615.o(.text)
    SPI2_IRQHandler                          0x000004d5   Thumb Code     4  startup_mk82f25615.o(.text)
    FLEXIO0_IRQHandler                       0x000004d9   Thumb Code     4  startup_mk82f25615.o(.text)
    I2C2_IRQHandler                          0x000004dd   Thumb Code     4  startup_mk82f25615.o(.text)
    SDHC_IRQHandler                          0x000004e1   Thumb Code     4  startup_mk82f25615.o(.text)
    I2C3_IRQHandler                          0x000004e5   Thumb Code     4  startup_mk82f25615.o(.text)
    QuadSPI0_IRQHandler                      0x000004e9   Thumb Code     4  startup_mk82f25615.o(.text)
    __aeabi_ddiv                             0x00000589   Thumb Code   222  ddiv.o(.text)
    __aeabi_ui2d                             0x00000667   Thumb Code    26  dfltui.o(.text)
    __aeabi_d2iz                             0x00000681   Thumb Code    62  dfixi.o(.text)
    __aeabi_uldivmod                         0x000006bf   Thumb Code    98  uldiv.o(.text)
    __aeabi_llsr                             0x00000721   Thumb Code    32  llushr.o(.text)
    _ll_ushift_r                             0x00000721   Thumb Code     0  llushr.o(.text)
    __I$use$fp                               0x00000741   Thumb Code     0  iusefp.o(.text)
    _double_round                            0x00000741   Thumb Code    30  depilogue.o(.text)
    _double_epilogue                         0x0000075f   Thumb Code   156  depilogue.o(.text)
    __scatterload                            0x000007fd   Thumb Code    28  init.o(.text)
    __scatterload_rt2                        0x000007fd   Thumb Code     0  init.o(.text)
    __aeabi_llsl                             0x00000821   Thumb Code    30  llshl.o(.text)
    _ll_shift_l                              0x00000821   Thumb Code     0  llshl.o(.text)
    DMA_Error_IRQHandler                     0x00000841   Thumb Code   280  k82f_flightcontroller.o(.text.DMA_Error_IRQHandler)
    Debug_init_uart                          0x00000959   Thumb Code   248  k82f_flightcontroller.o(.text.Debug_init_uart)
    FTM0_IRQHandler                          0x00000a51   Thumb Code     2  k82f_flightcontroller.o(.text.FTM0_IRQHandler)
    LPUART4_IRQHandler                       0x00000a55   Thumb Code   120  k82f_flightcontroller.o(.text.LPUART4_IRQHandler)
    OBLEDs_init                              0x00000acd   Thumb Code    92  k82f_flightcontroller.o(.text.OBLEDs_init)
    RingBuffer_Dequeue_Byte                  0x00000b29   Thumb Code    72  ringbuffer.o(.text.RingBuffer_Dequeue_Byte)
    RingBuffer_Empty                         0x00000b71   Thumb Code    12  ringbuffer.o(.text.RingBuffer_Empty)
    RingBuffer_Enqueue_Byte                  0x00000b7d   Thumb Code    64  ringbuffer.o(.text.RingBuffer_Enqueue_Byte)
    RingBuffer_Full                          0x00000bbd   Thumb Code    16  ringbuffer.o(.text.RingBuffer_Full)
    RingBuffer_Init                          0x00000bcd   Thumb Code    34  ringbuffer.o(.text.RingBuffer_Init)
    SystemInit                               0x00000bf1   Thumb Code    52  system_mk82f25615.o(.text.SystemInit)
    SystemInitHook                           0x00000c25   Thumb Code     2  system_mk82f25615.o(.text.SystemInitHook)
    fputc                                    0x00000c8d   Thumb Code    28  k82f_flightcontroller.o(.text.fputc)
    main                                     0x00000ca9   Thumb Code  1332  k82f_flightcontroller.o(.text.main)
    __0printf$8                              0x000011dd   Thumb Code    22  printf8.o(i.__0printf$8)
    __1printf$8                              0x000011dd   Thumb Code     0  printf8.o(i.__0printf$8)
    __2printf                                0x000011dd   Thumb Code     0  printf8.o(i.__0printf$8)
    __scatterload_copy                       0x000011fd   Thumb Code    14  handlers.o(i.__scatterload_copy)
    __scatterload_null                       0x0000120b   Thumb Code     2  handlers.o(i.__scatterload_null)
    __scatterload_zeroinit                   0x0000120d   Thumb Code    14  handlers.o(i.__scatterload_zeroinit)
    Region$$Table$$Base                      0x00001808   Number         0  anon$$obj.o(Region$$Table)
    Region$$Table$$Limit                     0x00001828   Number         0  anon$$obj.o(Region$$Table)
    SystemCoreClock                          0x20000000   Data           4  system_mk82f25615.o(.data.SystemCoreClock)
    __stdout                                 0x20000004   Data           4  k82f_flightcontroller.o(.bss.__stdout)
    dma_test_dest                            0x20000008   Data          16  k82f_flightcontroller.o(.bss.dma_test_dest)
    dma_test_src                             0x20000018   Data          16  k82f_flightcontroller.o(.bss.dma_test_src)
    Image$$ARM_LIB_STACK$$ZI$$Limit          0x20030000   Number         0  anon$$obj.o ABSOLUTE



==============================================================================

Memory Map of the image

  Image Entry point : 0x00000411

  Load Region LR_m_text (Base: 0x00000000, Size: 0x0000182c, Max: 0x00040000, ABSOLUTE)

    Execution Region VECTOR_ROM (Exec base: 0x00000000, Load base: 0x00000000, Size: 0x000003c0, Max: 0x000003c0, ABSOLUTE)

    Exec Addr    Load Addr    Size         Type   Attr      Idx    E Section Name        Object

    0x00000000   0x00000000   0x000003c0   Data   RO           61    .isr_vector         startup_mk82f25615.o


    Execution Region ER_m_bootloader_config (Exec base: 0x000003c0, Load base: 0x000003c0, Size: 0x00000000, Max: 0x00000040, ABSOLUTE, FIXED)

    **** No section assigned to this execution region ****


    Execution Region ER_m_flash_config (Exec base: 0x00000400, Load base: 0x00000400, Size: 0x00000010, Max: 0x00000010, ABSOLUTE, FIXED)

    Exec Addr    Load Addr    Size         Type   Attr      Idx    E Section Name        Object

    0x00000400   0x00000400   0x00000010   Data   RO           62    .FlashConfig        startup_mk82f25615.o


    Execution Region ER_m_text (Exec base: 0x00000410, Load base: 0x00000410, Size: 0x00001418, Max: 0x0003fbf0, ABSOLUTE)

    Exec Addr    Load Addr    Size         Type   Attr      Idx    E Section Name        Object

    0x00000410   0x00000410   0x00000000   Code   RO           82  * .ARM.Collect$$$$00000000  mc_w.l(entry.o)
    0x00000410   0x00000410   0x00000004   Code   RO          352    .ARM.Collect$$$$00000003  mc_w.l(entry4.o)
    0x00000414   0x00000414   0x00000004   Code   RO          355    .ARM.Collect$$$$00000004  mc_w.l(entry5.o)
    0x00000418   0x00000418   0x00000000   Code   RO          357    .ARM.Collect$$$$00000008  mc_w.l(entry7b.o)
    0x00000418   0x00000418   0x00000000   Code   RO          359    .ARM.Collect$$$$0000000A  mc_w.l(entry8b.o)
    0x00000418   0x00000418   0x00000008   Code   RO          360    .ARM.Collect$$$$0000000B  mc_w.l(entry9a.o)
    0x00000420   0x00000420   0x00000000   Code   RO          362    .ARM.Collect$$$$0000000D  mc_w.l(entry10a.o)
    0x00000420   0x00000420   0x00000000   Code   RO          364    .ARM.Collect$$$$0000000F  mc_w.l(entry11a.o)
    0x00000420   0x00000420   0x00000004   Code   RO          353    .ARM.Collect$$$$00002714  mc_w.l(entry4.o)
    0x00000424   0x00000424   0x00000164   Code   RO           60    .text               startup_mk82f25615.o
    0x00000588   0x00000588   0x000000de   Code   RO          346    .text               mf_w.l(ddiv.o)
    0x00000666   0x00000666   0x0000001a   Code   RO          348    .text               mf_w.l(dfltui.o)
    0x00000680   0x00000680   0x0000003e   Code   RO          350    .text               mf_w.l(dfixi.o)
    0x000006be   0x000006be   0x00000062   Code   RO          368    .text               mc_w.l(uldiv.o)
    0x00000720   0x00000720   0x00000020   Code   RO          370    .text               mc_w.l(llushr.o)
    0x00000740   0x00000740   0x00000000   Code   RO          372    .text               mc_w.l(iusefp.o)
    0x00000740   0x00000740   0x000000ba   Code   RO          373    .text               mf_w.l(depilogue.o)
    0x000007fa   0x000007fa   0x00000002   PAD
    0x000007fc   0x000007fc   0x00000024   Code   RO          383    .text               mc_w.l(init.o)
    0x00000820   0x00000820   0x0000001e   Code   RO          385    .text               mc_w.l(llshl.o)
    0x0000083e   0x0000083e   0x00000002   PAD
    0x00000840   0x00000840   0x00000118   Code   RO           22    .text.DMA_Error_IRQHandler  k82f_flightcontroller.o
    0x00000958   0x00000958   0x000000f8   Code   RO            4    .text.Debug_init_uart  k82f_flightcontroller.o
    0x00000a50   0x00000a50   0x00000002   Code   RO           24    .text.FTM0_IRQHandler  k82f_flightcontroller.o
    0x00000a52   0x00000a52   0x00000002   PAD
    0x00000a54   0x00000a54   0x00000078   Code   RO           12    .text.LPUART4_IRQHandler  k82f_flightcontroller.o
    0x00000acc   0x00000acc   0x0000005c   Code   RO           18    .text.OBLEDs_init   k82f_flightcontroller.o
    0x00000b28   0x00000b28   0x00000048   Code   RO           51    .text.RingBuffer_Dequeue_Byte  ringbuffer.o
    0x00000b70   0x00000b70   0x0000000c   Code   RO           47    .text.RingBuffer_Empty  ringbuffer.o
    0x00000b7c   0x00000b7c   0x00000040   Code   RO           49    .text.RingBuffer_Enqueue_Byte  ringbuffer.o
    0x00000bbc   0x00000bbc   0x00000010   Code   RO           45    .text.RingBuffer_Full  ringbuffer.o
    0x00000bcc   0x00000bcc   0x00000022   Code   RO           43    .text.RingBuffer_Init  ringbuffer.o
    0x00000bee   0x00000bee   0x00000002   PAD
    0x00000bf0   0x00000bf0   0x00000034   Code   RO           68    .text.SystemInit    system_mk82f25615.o
    0x00000c24   0x00000c24   0x00000002   Code   RO           70    .text.SystemInitHook  system_mk82f25615.o
    0x00000c26   0x00000c26   0x00000002   PAD
    0x00000c28   0x00000c28   0x00000020   Code   RO            8    .text.__NVIC_ClearPendingIRQ  k82f_flightcontroller.o
    0x00000c48   0x00000c48   0x00000020   Code   RO           10    .text.__NVIC_EnableIRQ  k82f_flightcontroller.o
    0x00000c68   0x00000c68   0x00000024   Code   RO            6    .text.__NVIC_SetPriority  k82f_flightcontroller.o
    0x00000c8c   0x00000c8c   0x0000001c   Code   RO           14    .text.fputc         k82f_flightcontroller.o
    0x00000ca8   0x00000ca8   0x00000534   Code   RO           20    .text.main          k82f_flightcontroller.o
    0x000011dc   0x000011dc   0x00000020   Code   RO          292    i.__0printf$8       mc_w.l(printf8.o)
    0x000011fc   0x000011fc   0x0000000e   Code   RO          391    i.__scatterload_copy  mc_w.l(handlers.o)
    0x0000120a   0x0000120a   0x00000002   Code   RO          392    i.__scatterload_null  mc_w.l(handlers.o)
    0x0000120c   0x0000120c   0x0000000e   Code   RO          393    i.__scatterload_zeroinit  mc_w.l(handlers.o)
    0x0000121a   0x0000121a   0x00000002   PAD
    0x0000121c   0x0000121c   0x00000410   Code   RO          299    i._printf_core      mc_w.l(printf8.o)
    0x0000162c   0x0000162c   0x00000024   Code   RO          300    i._printf_post_padding  mc_w.l(printf8.o)
    0x00001650   0x00001650   0x0000002e   Code   RO          301    i._printf_pre_padding  mc_w.l(printf8.o)
    0x0000167e   0x0000167e   0x00000188   Data   RO           30    .rodata.str1.1      k82f_flightcontroller.o
    0x00001806   0x00001806   0x00000002   PAD
    0x00001808   0x00001808   0x00000020   Data   RO          390    Region$$Table       anon$$obj.o


    Execution Region RW_m_data (Exec base: 0x1fff0000, Load base: 0x00001828, Size: 0x00000000, Max: 0x00010000, ABSOLUTE)

    **** No section assigned to this execution region ****


    Execution Region RW_m_data_2 (Exec base: 0x20000000, Load base: 0x00001828, Size: 0x00000258, Max: 0x0002f800, ABSOLUTE)

    Exec Addr    Load Addr    Size         Type   Attr      Idx    E Section Name        Object

    0x20000000   0x00001828   0x00000004   Data   RW           74    .data.SystemCoreClock  system_mk82f25615.o
    0x20000004        -       0x00000004   Zero   RW           32    .bss.__stdout       k82f_flightcontroller.o
    0x20000008        -       0x00000010   Zero   RW           29    .bss.dma_test_dest  k82f_flightcontroller.o
    0x20000018        -       0x00000010   Zero   RW           28    .bss.dma_test_src   k82f_flightcontroller.o
    0x20000028        -       0x00000022   Zero   RW           31    .bss.global_Dshot_command_buffer  k82f_flightcontroller.o
    0x2000004a        -       0x00000106   Zero   RW           27    .bss.receiveQueue   k82f_flightcontroller.o
    0x20000150        -       0x00000106   Zero   RW           26    .bss.transmitQueue  k82f_flightcontroller.o


    Execution Region ARM_LIB_HEAP (Exec base: 0x20000258, Load base: 0x0000182c, Size: 0x00000400, Max: 0x00000400, ABSOLUTE)

    Exec Addr    Load Addr    Size         Type   Attr      Idx    E Section Name        Object

    0x20000258        -       0x00000400   Zero   RW            1    ARM_LIB_HEAP.bss    anon$$obj.o


    Execution Region ARM_LIB_STACK (Exec base: 0x2002fc00, Load base: 0x0000182c, Size: 0x00000400, Max: 0x00000400, ABSOLUTE)

    Exec Addr    Load Addr    Size         Type   Attr      Idx    E Section Name        Object

    0x2002fc00        -       0x00000400   Zero   RW            2    ARM_LIB_STACK.bss   anon$$obj.o


==============================================================================

Image component sizes


      Code (inc. data)   RO Data    RW Data    ZI Data      Debug   Object Name

      2202        152        392          0        594      11544   k82f_flightcontroller.o
       198          0          0          0          0       2465   ringbuffer.o
       356        172        976          0          0       1993   startup_mk82f25615.o
        54          0          0          4          0       3710   system_mk82f25615.o

    ----------------------------------------------------------------------
      2816        324       1402          4       2644      19712   Object Totals
         0          0         32          0       2048          0   (incl. Generated)
         6          0          2          0          2          0   (incl. Padding)

    ----------------------------------------------------------------------

      Code (inc. data)   RO Data    RW Data    ZI Data      Debug   Library Member Name

         0          0          0          0          0          0   entry.o
         0          0          0          0          0          0   entry10a.o
         0          0          0          0          0          0   entry11a.o
         8          4          0          0          0          0   entry4.o
         4          0          0          0          0          0   entry5.o
         0          0          0          0          0          0   entry7b.o
         0          0          0          0          0          0   entry8b.o
         8          4          0          0          0          0   entry9a.o
        30          0          0          0          0          0   handlers.o
        36          8          0          0          0         68   init.o
         0          0          0          0          0          0   iusefp.o
        30          0          0          0          0         68   llshl.o
        32          0          0          0          0         68   llushr.o
      1154         54          0          0          0        352   printf8.o
        98          0          0          0          0         92   uldiv.o
       222          0          0          0          0        100   ddiv.o
       186          0          0          0          0        176   depilogue.o
        62          0          0          0          0         80   dfixi.o
        26          0          0          0          0         76   dfltui.o

    ----------------------------------------------------------------------
      1902         70          0          0          0       1080   Library Totals
         6          0          0          0          0          0   (incl. Padding)

    ----------------------------------------------------------------------

      Code (inc. data)   RO Data    RW Data    ZI Data      Debug   Library Name

      1400         70          0          0          0        648   mc_w.l
       496          0          0          0          0        432   mf_w.l

    ----------------------------------------------------------------------
      1902         70          0          0          0       1080   Library Totals

    ----------------------------------------------------------------------

==============================================================================


      Code (inc. data)   RO Data    RW Data    ZI Data      Debug   

      4718        394       1402          4       2644      20444   Grand Totals
      4718        394       1402          4       2644      20444   ELF Image Totals
      4718        394       1402          4          0          0   ROM Totals

==============================================================================

    Total RO  Size (Code + RO Data)                 6120 (   5.98kB)
    Total RW  Size (RW Data + ZI Data)              2648 (   2.59kB)
    Total ROM Size (Code + RO Data + RW Data)       6124 (   5.98kB)

==============================================================================

